
> surveyor@0.2.0 test
> jest --runInBand --ci --runInBand --detectOpenHandles

FAIL db tests/database/activity.service.test.ts
  ● Console

    console.log
      [dotenv@17.2.3] injecting env (6) from tests/.env.test -- tip: ⚙️  load multiple .env files with { path: ['.env.local', '.env'] }

      at _log (node_modules/dotenv/lib/main.js:142:11)

    console.log
      [4mMigration "AddCheckSlotRoleTrigger1752829591073" failed, error: Table 'surveyor_test.activity_assignment_roles' doesn't exist[24m

      at Function.log (node_modules/src/platform/PlatformTools.ts:260:17)

    console.warn
      [tests] runMigrations failed on MariaDB, falling back to synchronize: Table 'surveyor_test.activity_assignment_roles' doesn't exist

    [0m [90m 33 |[39m             [36mawait[39m [33mAppDataSource[39m[33m.[39mrunMigrations()[33m;[39m
     [90m 34 |[39m         } [36mcatch[39m (err) {
    [31m[1m>[22m[39m[90m 35 |[39m             console[33m.[39mwarn([32m'[tests] runMigrations failed on MariaDB, falling back to synchronize:'[39m[33m,[39m (err [36mas[39m any)[33m?[39m[33m.[39mmessage [33m||[39m err)[33m;[39m
     [90m    |[39m                     [31m[1m^[22m[39m
     [90m 36 |[39m             [36mawait[39m [33mAppDataSource[39m[33m.[39msynchronize([36mtrue[39m)[33m;[39m
     [90m 37 |[39m             [36mawait[39m [33mAppDataSource[39m[33m.[39mrunMigrations()[33m;[39m
     [90m 38 |[39m         }[0m

      at initDataSource (tests/util/db/mariadb-datasource.mock.ts:35:21)
      at async Object.<anonymous> (tests/database/activity.service.test.ts:85:5)

  ● Roles and assignments › ensureRoleId creates default role once and returns stable id

    TypeError: value.toUpperCase is not a function

    [0m [90m 34 |[39m         } [36mcatch[39m (err) {
     [90m 35 |[39m             console[33m.[39mwarn([32m'[tests] runMigrations failed on MariaDB, falling back to synchronize:'[39m[33m,[39m (err [36mas[39m any)[33m?[39m[33m.[39mmessage [33m||[39m err)[33m;[39m
    [31m[1m>[22m[39m[90m 36 |[39m             [36mawait[39m [33mAppDataSource[39m[33m.[39msynchronize([36mtrue[39m)[33m;[39m
     [90m    |[39m             [31m[1m^[22m[39m
     [90m 37 |[39m             [36mawait[39m [33mAppDataSource[39m[33m.[39mrunMigrations()[33m;[39m
     [90m 38 |[39m         }
     [90m 39 |[39m     }[0m

      at MysqlDriver.normalizeDatetimeFunction (node_modules/typeorm/src/driver/mysql/MysqlDriver.ts:1337:19)
      at MysqlDriver.normalizeDefault (node_modules/typeorm/src/driver/mysql/MysqlDriver.ts:810:25)
      at Function.createTableColumnOptions (node_modules/typeorm/src/schema-builder/util/TableUtils.ts:22:29)
      at node_modules/typeorm/src/schema-builder/table/Table.ts:408:32
          at Array.map (<anonymous>)
      at Function.create (node_modules/typeorm/src/schema-builder/table/Table.ts:407:18)
      at RdbmsSchemaBuilder.createNewTables (node_modules/src/schema-builder/RdbmsSchemaBuilder.ts:634:33)
      at async RdbmsSchemaBuilder.executeSchemaSyncOperationsInProperOrder (node_modules/src/schema-builder/RdbmsSchemaBuilder.ts:225:9)
      at async RdbmsSchemaBuilder.build (node_modules/src/schema-builder/RdbmsSchemaBuilder.ts:95:13)
      at async DataSource.synchronize (node_modules/src/data-source/DataSource.ts:340:9)
      at async initDataSource (tests/util/db/mariadb-datasource.mock.ts:36:13)
      at async Object.<anonymous> (tests/database/activity.service.test.ts:85:5)

  ● Roles and assignments › ensureRoleId creates default role once and returns stable id

    QueryFailedError: Table 'surveyor_test.activity_plans' doesn't exist

      at Query.onResult (node_modules/typeorm/src/driver/mysql/MysqlQueryRunner.ts:247:33)
      at Query.execute (node_modules/mysql2/lib/commands/command.js:36:14)
      at PoolConnection.handlePacket (node_modules/mysql2/lib/base/connection.js:477:34)
      at PacketParser.onPacket (node_modules/mysql2/lib/base/connection.js:93:12)
      at PacketParser.executeStart (node_modules/mysql2/lib/packet_parser.js:75:16)
      at Socket.<anonymous> (node_modules/mysql2/lib/base/connection.js:100:25)

  ● Roles and assignments › ensureAssignment + assignRole + doUnassignRole lifecycle

    TypeError: value.toUpperCase is not a function

    [0m [90m 34 |[39m         } [36mcatch[39m (err) {
     [90m 35 |[39m             console[33m.[39mwarn([32m'[tests] runMigrations failed on MariaDB, falling back to synchronize:'[39m[33m,[39m (err [36mas[39m any)[33m?[39m[33m.[39mmessage [33m||[39m err)[33m;[39m
    [31m[1m>[22m[39m[90m 36 |[39m             [36mawait[39m [33mAppDataSource[39m[33m.[39msynchronize([36mtrue[39m)[33m;[39m
     [90m    |[39m             [31m[1m^[22m[39m
     [90m 37 |[39m             [36mawait[39m [33mAppDataSource[39m[33m.[39mrunMigrations()[33m;[39m
     [90m 38 |[39m         }
     [90m 39 |[39m     }[0m

      at MysqlDriver.normalizeDatetimeFunction (node_modules/typeorm/src/driver/mysql/MysqlDriver.ts:1337:19)
      at MysqlDriver.normalizeDefault (node_modules/typeorm/src/driver/mysql/MysqlDriver.ts:810:25)
      at Function.createTableColumnOptions (node_modules/typeorm/src/schema-builder/util/TableUtils.ts:22:29)
      at node_modules/typeorm/src/schema-builder/table/Table.ts:408:32
          at Array.map (<anonymous>)
      at Function.create (node_modules/typeorm/src/schema-builder/table/Table.ts:407:18)
      at RdbmsSchemaBuilder.createNewTables (node_modules/src/schema-builder/RdbmsSchemaBuilder.ts:634:33)
      at async RdbmsSchemaBuilder.executeSchemaSyncOperationsInProperOrder (node_modules/src/schema-builder/RdbmsSchemaBuilder.ts:225:9)
      at async RdbmsSchemaBuilder.build (node_modules/src/schema-builder/RdbmsSchemaBuilder.ts:95:13)
      at async DataSource.synchronize (node_modules/src/data-source/DataSource.ts:340:9)
      at async initDataSource (tests/util/db/mariadb-datasource.mock.ts:36:13)
      at async Object.<anonymous> (tests/database/activity.service.test.ts:85:5)

  ● Roles and assignments › ensureAssignment + assignRole + doUnassignRole lifecycle

    QueryFailedError: Table 'surveyor_test.activity_plans' doesn't exist

      at Query.onResult (node_modules/typeorm/src/driver/mysql/MysqlQueryRunner.ts:247:33)
      at Query.execute (node_modules/mysql2/lib/commands/command.js:36:14)
      at PoolConnection.handlePacket (node_modules/mysql2/lib/base/connection.js:477:34)
      at PacketParser.onPacket (node_modules/mysql2/lib/base/connection.js:93:12)
      at PacketParser.executeStart (node_modules/mysql2/lib/packet_parser.js:75:16)
      at Socket.<anonymous> (node_modules/mysql2/lib/base/connection.js:100:25)

  ● createActivityPlanTx (with slots) › inserts plan + slots and returns the new plan id

    TypeError: value.toUpperCase is not a function

    [0m [90m 34 |[39m         } [36mcatch[39m (err) {
     [90m 35 |[39m             console[33m.[39mwarn([32m'[tests] runMigrations failed on MariaDB, falling back to synchronize:'[39m[33m,[39m (err [36mas[39m any)[33m?[39m[33m.[39mmessage [33m||[39m err)[33m;[39m
    [31m[1m>[22m[39m[90m 36 |[39m             [36mawait[39m [33mAppDataSource[39m[33m.[39msynchronize([36mtrue[39m)[33m;[39m
     [90m    |[39m             [31m[1m^[22m[39m
     [90m 37 |[39m             [36mawait[39m [33mAppDataSource[39m[33m.[39mrunMigrations()[33m;[39m
     [90m 38 |[39m         }
     [90m 39 |[39m     }[0m

      at MysqlDriver.normalizeDatetimeFunction (node_modules/typeorm/src/driver/mysql/MysqlDriver.ts:1337:19)
      at MysqlDriver.normalizeDefault (node_modules/typeorm/src/driver/mysql/MysqlDriver.ts:810:25)
      at Function.createTableColumnOptions (node_modules/typeorm/src/schema-builder/util/TableUtils.ts:22:29)
      at node_modules/typeorm/src/schema-builder/table/Table.ts:408:32
          at Array.map (<anonymous>)
      at Function.create (node_modules/typeorm/src/schema-builder/table/Table.ts:407:18)
      at RdbmsSchemaBuilder.createNewTables (node_modules/src/schema-builder/RdbmsSchemaBuilder.ts:634:33)
      at async RdbmsSchemaBuilder.executeSchemaSyncOperationsInProperOrder (node_modules/src/schema-builder/RdbmsSchemaBuilder.ts:225:9)
      at async RdbmsSchemaBuilder.build (node_modules/src/schema-builder/RdbmsSchemaBuilder.ts:95:13)
      at async DataSource.synchronize (node_modules/src/data-source/DataSource.ts:340:9)
      at async initDataSource (tests/util/db/mariadb-datasource.mock.ts:36:13)
      at async Object.<anonymous> (tests/database/activity.service.test.ts:85:5)

  ● createActivityPlanTx (with slots) › inserts plan + slots and returns the new plan id

    QueryFailedError: Table 'surveyor_test.activity_plans' doesn't exist

      at Query.onResult (node_modules/typeorm/src/driver/mysql/MysqlQueryRunner.ts:247:33)
      at Query.execute (node_modules/mysql2/lib/commands/command.js:36:14)
      at PoolConnection.handlePacket (node_modules/mysql2/lib/base/connection.js:477:34)
      at PacketParser.onPacket (node_modules/mysql2/lib/base/connection.js:93:12)
      at PacketParser.executeStart (node_modules/mysql2/lib/packet_parser.js:75:16)
      at Socket.<anonymous> (node_modules/mysql2/lib/base/connection.js:100:25)

  ● Aggregates and lookups › getActivitySlotAssignees returns map with assignee name and roles

    TypeError: value.toUpperCase is not a function

    [0m [90m 34 |[39m         } [36mcatch[39m (err) {
     [90m 35 |[39m             console[33m.[39mwarn([32m'[tests] runMigrations failed on MariaDB, falling back to synchronize:'[39m[33m,[39m (err [36mas[39m any)[33m?[39m[33m.[39mmessage [33m||[39m err)[33m;[39m
    [31m[1m>[22m[39m[90m 36 |[39m             [36mawait[39m [33mAppDataSource[39m[33m.[39msynchronize([36mtrue[39m)[33m;[39m
     [90m    |[39m             [31m[1m^[22m[39m
     [90m 37 |[39m             [36mawait[39m [33mAppDataSource[39m[33m.[39mrunMigrations()[33m;[39m
     [90m 38 |[39m         }
     [90m 39 |[39m     }[0m

      at MysqlDriver.normalizeDatetimeFunction (node_modules/typeorm/src/driver/mysql/MysqlDriver.ts:1337:19)
      at MysqlDriver.normalizeDefault (node_modules/typeorm/src/driver/mysql/MysqlDriver.ts:810:25)
      at Function.createTableColumnOptions (node_modules/typeorm/src/schema-builder/util/TableUtils.ts:22:29)
      at node_modules/typeorm/src/schema-builder/table/Table.ts:408:32
          at Array.map (<anonymous>)
      at Function.create (node_modules/typeorm/src/schema-builder/table/Table.ts:407:18)
      at RdbmsSchemaBuilder.createNewTables (node_modules/src/schema-builder/RdbmsSchemaBuilder.ts:634:33)
      at async RdbmsSchemaBuilder.executeSchemaSyncOperationsInProperOrder (node_modules/src/schema-builder/RdbmsSchemaBuilder.ts:225:9)
      at async RdbmsSchemaBuilder.build (node_modules/src/schema-builder/RdbmsSchemaBuilder.ts:95:13)
      at async DataSource.synchronize (node_modules/src/data-source/DataSource.ts:340:9)
      at async initDataSource (tests/util/db/mariadb-datasource.mock.ts:36:13)
      at async Object.<anonymous> (tests/database/activity.service.test.ts:85:5)

  ● Aggregates and lookups › getActivitySlotAssignees returns map with assignee name and roles

    QueryFailedError: Table 'surveyor_test.activity_plans' doesn't exist

      at Query.onResult (node_modules/typeorm/src/driver/mysql/MysqlQueryRunner.ts:247:33)
      at Query.execute (node_modules/mysql2/lib/commands/command.js:36:14)
      at PoolConnection.handlePacket (node_modules/mysql2/lib/base/connection.js:477:34)
      at PacketParser.onPacket (node_modules/mysql2/lib/base/connection.js:93:12)
      at PacketParser.executeStart (node_modules/mysql2/lib/packet_parser.js:75:16)
      at Socket.<anonymous> (node_modules/mysql2/lib/base/connection.js:100:25)

  ● Aggregates and lookups › getActivityPlanParticipants aggregates distinct assignments and roles per name

    TypeError: value.toUpperCase is not a function

    [0m [90m 34 |[39m         } [36mcatch[39m (err) {
     [90m 35 |[39m             console[33m.[39mwarn([32m'[tests] runMigrations failed on MariaDB, falling back to synchronize:'[39m[33m,[39m (err [36mas[39m any)[33m?[39m[33m.[39mmessage [33m||[39m err)[33m;[39m
    [31m[1m>[22m[39m[90m 36 |[39m             [36mawait[39m [33mAppDataSource[39m[33m.[39msynchronize([36mtrue[39m)[33m;[39m
     [90m    |[39m             [31m[1m^[22m[39m
     [90m 37 |[39m             [36mawait[39m [33mAppDataSource[39m[33m.[39mrunMigrations()[33m;[39m
     [90m 38 |[39m         }
     [90m 39 |[39m     }[0m

      at MysqlDriver.normalizeDatetimeFunction (node_modules/typeorm/src/driver/mysql/MysqlDriver.ts:1337:19)
      at MysqlDriver.normalizeDefault (node_modules/typeorm/src/driver/mysql/MysqlDriver.ts:810:25)
      at Function.createTableColumnOptions (node_modules/typeorm/src/schema-builder/util/TableUtils.ts:22:29)
      at node_modules/typeorm/src/schema-builder/table/Table.ts:408:32
          at Array.map (<anonymous>)
      at Function.create (node_modules/typeorm/src/schema-builder/table/Table.ts:407:18)
      at RdbmsSchemaBuilder.createNewTables (node_modules/src/schema-builder/RdbmsSchemaBuilder.ts:634:33)
      at async RdbmsSchemaBuilder.executeSchemaSyncOperationsInProperOrder (node_modules/src/schema-builder/RdbmsSchemaBuilder.ts:225:9)
      at async RdbmsSchemaBuilder.build (node_modules/src/schema-builder/RdbmsSchemaBuilder.ts:95:13)
      at async DataSource.synchronize (node_modules/src/data-source/DataSource.ts:340:9)
      at async initDataSource (tests/util/db/mariadb-datasource.mock.ts:36:13)
      at async Object.<anonymous> (tests/database/activity.service.test.ts:85:5)

  ● Aggregates and lookups › getActivityPlanParticipants aggregates distinct assignments and roles per name

    QueryFailedError: Table 'surveyor_test.activity_plans' doesn't exist

      at Query.onResult (node_modules/typeorm/src/driver/mysql/MysqlQueryRunner.ts:247:33)
      at Query.execute (node_modules/mysql2/lib/commands/command.js:36:14)
      at PoolConnection.handlePacket (node_modules/mysql2/lib/base/connection.js:477:34)
      at PacketParser.onPacket (node_modules/mysql2/lib/base/connection.js:93:12)
      at PacketParser.executeStart (node_modules/mysql2/lib/packet_parser.js:75:16)
      at Socket.<anonymous> (node_modules/mysql2/lib/base/connection.js:100:25)

  ● Aggregates and lookups › addActivitySlotRoles + getActivitySlotRoles maps slot->roles

    TypeError: value.toUpperCase is not a function

    [0m [90m 34 |[39m         } [36mcatch[39m (err) {
     [90m 35 |[39m             console[33m.[39mwarn([32m'[tests] runMigrations failed on MariaDB, falling back to synchronize:'[39m[33m,[39m (err [36mas[39m any)[33m?[39m[33m.[39mmessage [33m||[39m err)[33m;[39m
    [31m[1m>[22m[39m[90m 36 |[39m             [36mawait[39m [33mAppDataSource[39m[33m.[39msynchronize([36mtrue[39m)[33m;[39m
     [90m    |[39m             [31m[1m^[22m[39m
     [90m 37 |[39m             [36mawait[39m [33mAppDataSource[39m[33m.[39mrunMigrations()[33m;[39m
     [90m 38 |[39m         }
     [90m 39 |[39m     }[0m

      at MysqlDriver.normalizeDatetimeFunction (node_modules/typeorm/src/driver/mysql/MysqlDriver.ts:1337:19)
      at MysqlDriver.normalizeDefault (node_modules/typeorm/src/driver/mysql/MysqlDriver.ts:810:25)
      at Function.createTableColumnOptions (node_modules/typeorm/src/schema-builder/util/TableUtils.ts:22:29)
      at node_modules/typeorm/src/schema-builder/table/Table.ts:408:32
          at Array.map (<anonymous>)
      at Function.create (node_modules/typeorm/src/schema-builder/table/Table.ts:407:18)
      at RdbmsSchemaBuilder.createNewTables (node_modules/src/schema-builder/RdbmsSchemaBuilder.ts:634:33)
      at async RdbmsSchemaBuilder.executeSchemaSyncOperationsInProperOrder (node_modules/src/schema-builder/RdbmsSchemaBuilder.ts:225:9)
      at async RdbmsSchemaBuilder.build (node_modules/src/schema-builder/RdbmsSchemaBuilder.ts:95:13)
      at async DataSource.synchronize (node_modules/src/data-source/DataSource.ts:340:9)
      at async initDataSource (tests/util/db/mariadb-datasource.mock.ts:36:13)
      at async Object.<anonymous> (tests/database/activity.service.test.ts:85:5)

  ● Aggregates and lookups › addActivitySlotRoles + getActivitySlotRoles maps slot->roles

    QueryFailedError: Table 'surveyor_test.activity_plans' doesn't exist

      at Query.onResult (node_modules/typeorm/src/driver/mysql/MysqlQueryRunner.ts:247:33)
      at Query.execute (node_modules/mysql2/lib/commands/command.js:36:14)
      at PoolConnection.handlePacket (node_modules/mysql2/lib/base/connection.js:477:34)
      at PacketParser.onPacket (node_modules/mysql2/lib/base/connection.js:93:12)
      at PacketParser.executeStart (node_modules/mysql2/lib/packet_parser.js:75:16)
      at Socket.<anonymous> (node_modules/mysql2/lib/base/connection.js:100:25)

  ● Aggregates and lookups › deleteActivitySlotAssignment removes assignment

    TypeError: value.toUpperCase is not a function

    [0m [90m 34 |[39m         } [36mcatch[39m (err) {
     [90m 35 |[39m             console[33m.[39mwarn([32m'[tests] runMigrations failed on MariaDB, falling back to synchronize:'[39m[33m,[39m (err [36mas[39m any)[33m?[39m[33m.[39mmessage [33m||[39m err)[33m;[39m
    [31m[1m>[22m[39m[90m 36 |[39m             [36mawait[39m [33mAppDataSource[39m[33m.[39msynchronize([36mtrue[39m)[33m;[39m
     [90m    |[39m             [31m[1m^[22m[39m
     [90m 37 |[39m             [36mawait[39m [33mAppDataSource[39m[33m.[39mrunMigrations()[33m;[39m
     [90m 38 |[39m         }
     [90m 39 |[39m     }[0m

      at MysqlDriver.normalizeDatetimeFunction (node_modules/typeorm/src/driver/mysql/MysqlDriver.ts:1337:19)
      at MysqlDriver.normalizeDefault (node_modules/typeorm/src/driver/mysql/MysqlDriver.ts:810:25)
      at Function.createTableColumnOptions (node_modules/typeorm/src/schema-builder/util/TableUtils.ts:22:29)
      at node_modules/typeorm/src/schema-builder/table/Table.ts:408:32
          at Array.map (<anonymous>)
      at Function.create (node_modules/typeorm/src/schema-builder/table/Table.ts:407:18)
      at RdbmsSchemaBuilder.createNewTables (node_modules/src/schema-builder/RdbmsSchemaBuilder.ts:634:33)
      at async RdbmsSchemaBuilder.executeSchemaSyncOperationsInProperOrder (node_modules/src/schema-builder/RdbmsSchemaBuilder.ts:225:9)
      at async RdbmsSchemaBuilder.build (node_modules/src/schema-builder/RdbmsSchemaBuilder.ts:95:13)
      at async DataSource.synchronize (node_modules/src/data-source/DataSource.ts:340:9)
      at async initDataSource (tests/util/db/mariadb-datasource.mock.ts:36:13)
      at async Object.<anonymous> (tests/database/activity.service.test.ts:85:5)

  ● Aggregates and lookups › deleteActivitySlotAssignment removes assignment

    QueryFailedError: Table 'surveyor_test.activity_plans' doesn't exist

      at Query.onResult (node_modules/typeorm/src/driver/mysql/MysqlQueryRunner.ts:247:33)
      at Query.execute (node_modules/mysql2/lib/commands/command.js:36:14)
      at PoolConnection.handlePacket (node_modules/mysql2/lib/base/connection.js:477:34)
      at PacketParser.onPacket (node_modules/mysql2/lib/base/connection.js:93:12)
      at PacketParser.executeStart (node_modules/mysql2/lib/packet_parser.js:75:16)
      at Socket.<anonymous> (node_modules/mysql2/lib/base/connection.js:100:25)

  ● Plan CRUD: get/update/delete/list › create/get/update flags & description / list by owner / delete

    TypeError: value.toUpperCase is not a function

    [0m [90m 34 |[39m         } [36mcatch[39m (err) {
     [90m 35 |[39m             console[33m.[39mwarn([32m'[tests] runMigrations failed on MariaDB, falling back to synchronize:'[39m[33m,[39m (err [36mas[39m any)[33m?[39m[33m.[39mmessage [33m||[39m err)[33m;[39m
    [31m[1m>[22m[39m[90m 36 |[39m             [36mawait[39m [33mAppDataSource[39m[33m.[39msynchronize([36mtrue[39m)[33m;[39m
     [90m    |[39m             [31m[1m^[22m[39m
     [90m 37 |[39m             [36mawait[39m [33mAppDataSource[39m[33m.[39mrunMigrations()[33m;[39m
     [90m 38 |[39m         }
     [90m 39 |[39m     }[0m

      at MysqlDriver.normalizeDatetimeFunction (node_modules/typeorm/src/driver/mysql/MysqlDriver.ts:1337:19)
      at MysqlDriver.normalizeDefault (node_modules/typeorm/src/driver/mysql/MysqlDriver.ts:810:25)
      at Function.createTableColumnOptions (node_modules/typeorm/src/schema-builder/util/TableUtils.ts:22:29)
      at node_modules/typeorm/src/schema-builder/table/Table.ts:408:32
          at Array.map (<anonymous>)
      at Function.create (node_modules/typeorm/src/schema-builder/table/Table.ts:407:18)
      at RdbmsSchemaBuilder.createNewTables (node_modules/src/schema-builder/RdbmsSchemaBuilder.ts:634:33)
      at async RdbmsSchemaBuilder.executeSchemaSyncOperationsInProperOrder (node_modules/src/schema-builder/RdbmsSchemaBuilder.ts:225:9)
      at async RdbmsSchemaBuilder.build (node_modules/src/schema-builder/RdbmsSchemaBuilder.ts:95:13)
      at async DataSource.synchronize (node_modules/src/data-source/DataSource.ts:340:9)
      at async initDataSource (tests/util/db/mariadb-datasource.mock.ts:36:13)
      at async Object.<anonymous> (tests/database/activity.service.test.ts:85:5)

  ● Plan CRUD: get/update/delete/list › create/get/update flags & description / list by owner / delete

    QueryFailedError: Table 'surveyor_test.activity_plans' doesn't exist

      at Query.onResult (node_modules/typeorm/src/driver/mysql/MysqlQueryRunner.ts:247:33)
      at Query.execute (node_modules/mysql2/lib/commands/command.js:36:14)
      at PoolConnection.handlePacket (node_modules/mysql2/lib/base/connection.js:477:34)
      at PacketParser.onPacket (node_modules/mysql2/lib/base/connection.js:93:12)
      at PacketParser.executeStart (node_modules/mysql2/lib/packet_parser.js:75:16)
      at Socket.<anonymous> (node_modules/mysql2/lib/base/connection.js:100:25)

  ● Slot CRUD: add/list/update/reorder/delete/lastNumber › addActivitySlots + getActivitySlots groups by day and counts assignments

    TypeError: value.toUpperCase is not a function

    [0m [90m 34 |[39m         } [36mcatch[39m (err) {
     [90m 35 |[39m             console[33m.[39mwarn([32m'[tests] runMigrations failed on MariaDB, falling back to synchronize:'[39m[33m,[39m (err [36mas[39m any)[33m?[39m[33m.[39mmessage [33m||[39m err)[33m;[39m
    [31m[1m>[22m[39m[90m 36 |[39m             [36mawait[39m [33mAppDataSource[39m[33m.[39msynchronize([36mtrue[39m)[33m;[39m
     [90m    |[39m             [31m[1m^[22m[39m
     [90m 37 |[39m             [36mawait[39m [33mAppDataSource[39m[33m.[39mrunMigrations()[33m;[39m
     [90m 38 |[39m         }
     [90m 39 |[39m     }[0m

      at MysqlDriver.normalizeDatetimeFunction (node_modules/typeorm/src/driver/mysql/MysqlDriver.ts:1337:19)
      at MysqlDriver.normalizeDefault (node_modules/typeorm/src/driver/mysql/MysqlDriver.ts:810:25)
      at Function.createTableColumnOptions (node_modules/typeorm/src/schema-builder/util/TableUtils.ts:22:29)
      at node_modules/typeorm/src/schema-builder/table/Table.ts:408:32
          at Array.map (<anonymous>)
      at Function.create (node_modules/typeorm/src/schema-builder/table/Table.ts:407:18)
      at RdbmsSchemaBuilder.createNewTables (node_modules/src/schema-builder/RdbmsSchemaBuilder.ts:634:33)
      at async RdbmsSchemaBuilder.executeSchemaSyncOperationsInProperOrder (node_modules/src/schema-builder/RdbmsSchemaBuilder.ts:225:9)
      at async RdbmsSchemaBuilder.build (node_modules/src/schema-builder/RdbmsSchemaBuilder.ts:95:13)
      at async DataSource.synchronize (node_modules/src/data-source/DataSource.ts:340:9)
      at async initDataSource (tests/util/db/mariadb-datasource.mock.ts:36:13)
      at async Object.<anonymous> (tests/database/activity.service.test.ts:85:5)

  ● Slot CRUD: add/list/update/reorder/delete/lastNumber › addActivitySlots + getActivitySlots groups by day and counts assignments

    QueryFailedError: Table 'surveyor_test.activity_plans' doesn't exist

      at Query.onResult (node_modules/typeorm/src/driver/mysql/MysqlQueryRunner.ts:247:33)
      at Query.execute (node_modules/mysql2/lib/commands/command.js:36:14)
      at PoolConnection.handlePacket (node_modules/mysql2/lib/base/connection.js:477:34)
      at PacketParser.onPacket (node_modules/mysql2/lib/base/connection.js:93:12)
      at PacketParser.executeStart (node_modules/mysql2/lib/packet_parser.js:75:16)
      at Socket.<anonymous> (node_modules/mysql2/lib/base/connection.js:100:25)

  ● Slot CRUD: add/list/update/reorder/delete/lastNumber › updateActivitySlot returns undefined for empty input; true for changes and persists them

    TypeError: value.toUpperCase is not a function

    [0m [90m 34 |[39m         } [36mcatch[39m (err) {
     [90m 35 |[39m             console[33m.[39mwarn([32m'[tests] runMigrations failed on MariaDB, falling back to synchronize:'[39m[33m,[39m (err [36mas[39m any)[33m?[39m[33m.[39mmessage [33m||[39m err)[33m;[39m
    [31m[1m>[22m[39m[90m 36 |[39m             [36mawait[39m [33mAppDataSource[39m[33m.[39msynchronize([36mtrue[39m)[33m;[39m
     [90m    |[39m             [31m[1m^[22m[39m
     [90m 37 |[39m             [36mawait[39m [33mAppDataSource[39m[33m.[39mrunMigrations()[33m;[39m
     [90m 38 |[39m         }
     [90m 39 |[39m     }[0m

      at MysqlDriver.normalizeDatetimeFunction (node_modules/typeorm/src/driver/mysql/MysqlDriver.ts:1337:19)
      at MysqlDriver.normalizeDefault (node_modules/typeorm/src/driver/mysql/MysqlDriver.ts:810:25)
      at Function.createTableColumnOptions (node_modules/typeorm/src/schema-builder/util/TableUtils.ts:22:29)
      at node_modules/typeorm/src/schema-builder/table/Table.ts:408:32
          at Array.map (<anonymous>)
      at Function.create (node_modules/typeorm/src/schema-builder/table/Table.ts:407:18)
      at RdbmsSchemaBuilder.createNewTables (node_modules/src/schema-builder/RdbmsSchemaBuilder.ts:634:33)
      at async RdbmsSchemaBuilder.executeSchemaSyncOperationsInProperOrder (node_modules/src/schema-builder/RdbmsSchemaBuilder.ts:225:9)
      at async RdbmsSchemaBuilder.build (node_modules/src/schema-builder/RdbmsSchemaBuilder.ts:95:13)
      at async DataSource.synchronize (node_modules/src/data-source/DataSource.ts:340:9)
      at async initDataSource (tests/util/db/mariadb-datasource.mock.ts:36:13)
      at async Object.<anonymous> (tests/database/activity.service.test.ts:85:5)

  ● Slot CRUD: add/list/update/reorder/delete/lastNumber › updateActivitySlot returns undefined for empty input; true for changes and persists them

    QueryFailedError: Table 'surveyor_test.activity_plans' doesn't exist

      at Query.onResult (node_modules/typeorm/src/driver/mysql/MysqlQueryRunner.ts:247:33)
      at Query.execute (node_modules/mysql2/lib/commands/command.js:36:14)
      at PoolConnection.handlePacket (node_modules/mysql2/lib/base/connection.js:477:34)
      at PacketParser.onPacket (node_modules/mysql2/lib/base/connection.js:93:12)
      at PacketParser.executeStart (node_modules/mysql2/lib/packet_parser.js:75:16)
      at Socket.<anonymous> (node_modules/mysql2/lib/base/connection.js:100:25)

  ● Slot CRUD: add/list/update/reorder/delete/lastNumber › reorderActivitySlots updates per-slot pos and getLastActivitySlotNumber works per day

    TypeError: value.toUpperCase is not a function

    [0m [90m 34 |[39m         } [36mcatch[39m (err) {
     [90m 35 |[39m             console[33m.[39mwarn([32m'[tests] runMigrations failed on MariaDB, falling back to synchronize:'[39m[33m,[39m (err [36mas[39m any)[33m?[39m[33m.[39mmessage [33m||[39m err)[33m;[39m
    [31m[1m>[22m[39m[90m 36 |[39m             [36mawait[39m [33mAppDataSource[39m[33m.[39msynchronize([36mtrue[39m)[33m;[39m
     [90m    |[39m             [31m[1m^[22m[39m
     [90m 37 |[39m             [36mawait[39m [33mAppDataSource[39m[33m.[39mrunMigrations()[33m;[39m
     [90m 38 |[39m         }
     [90m 39 |[39m     }[0m

      at MysqlDriver.normalizeDatetimeFunction (node_modules/typeorm/src/driver/mysql/MysqlDriver.ts:1337:19)
      at MysqlDriver.normalizeDefault (node_modules/typeorm/src/driver/mysql/MysqlDriver.ts:810:25)
      at Function.createTableColumnOptions (node_modules/typeorm/src/schema-builder/util/TableUtils.ts:22:29)
      at node_modules/typeorm/src/schema-builder/table/Table.ts:408:32
          at Array.map (<anonymous>)
      at Function.create (node_modules/typeorm/src/schema-builder/table/Table.ts:407:18)
      at RdbmsSchemaBuilder.createNewTables (node_modules/src/schema-builder/RdbmsSchemaBuilder.ts:634:33)
      at async RdbmsSchemaBuilder.executeSchemaSyncOperationsInProperOrder (node_modules/src/schema-builder/RdbmsSchemaBuilder.ts:225:9)
      at async RdbmsSchemaBuilder.build (node_modules/src/schema-builder/RdbmsSchemaBuilder.ts:95:13)
      at async DataSource.synchronize (node_modules/src/data-source/DataSource.ts:340:9)
      at async initDataSource (tests/util/db/mariadb-datasource.mock.ts:36:13)
      at async Object.<anonymous> (tests/database/activity.service.test.ts:85:5)

  ● Slot CRUD: add/list/update/reorder/delete/lastNumber › reorderActivitySlots updates per-slot pos and getLastActivitySlotNumber works per day

    QueryFailedError: Table 'surveyor_test.activity_plans' doesn't exist

      at Query.onResult (node_modules/typeorm/src/driver/mysql/MysqlQueryRunner.ts:247:33)
      at Query.execute (node_modules/mysql2/lib/commands/command.js:36:14)
      at PoolConnection.handlePacket (node_modules/mysql2/lib/base/connection.js:477:34)
      at PacketParser.onPacket (node_modules/mysql2/lib/base/connection.js:93:12)
      at PacketParser.executeStart (node_modules/mysql2/lib/packet_parser.js:75:16)
      at Socket.<anonymous> (node_modules/mysql2/lib/base/connection.js:100:25)

  ● Slot CRUD: add/list/update/reorder/delete/lastNumber › deleteActivitySlot removes slot

    TypeError: value.toUpperCase is not a function

    [0m [90m 34 |[39m         } [36mcatch[39m (err) {
     [90m 35 |[39m             console[33m.[39mwarn([32m'[tests] runMigrations failed on MariaDB, falling back to synchronize:'[39m[33m,[39m (err [36mas[39m any)[33m?[39m[33m.[39mmessage [33m||[39m err)[33m;[39m
    [31m[1m>[22m[39m[90m 36 |[39m             [36mawait[39m [33mAppDataSource[39m[33m.[39msynchronize([36mtrue[39m)[33m;[39m
     [90m    |[39m             [31m[1m^[22m[39m
     [90m 37 |[39m             [36mawait[39m [33mAppDataSource[39m[33m.[39mrunMigrations()[33m;[39m
     [90m 38 |[39m         }
     [90m 39 |[39m     }[0m

      at MysqlDriver.normalizeDatetimeFunction (node_modules/typeorm/src/driver/mysql/MysqlDriver.ts:1337:19)
      at MysqlDriver.normalizeDefault (node_modules/typeorm/src/driver/mysql/MysqlDriver.ts:810:25)
      at Function.createTableColumnOptions (node_modules/typeorm/src/schema-builder/util/TableUtils.ts:22:29)
      at node_modules/typeorm/src/schema-builder/table/Table.ts:408:32
          at Array.map (<anonymous>)
      at Function.create (node_modules/typeorm/src/schema-builder/table/Table.ts:407:18)
      at RdbmsSchemaBuilder.createNewTables (node_modules/src/schema-builder/RdbmsSchemaBuilder.ts:634:33)
      at async RdbmsSchemaBuilder.executeSchemaSyncOperationsInProperOrder (node_modules/src/schema-builder/RdbmsSchemaBuilder.ts:225:9)
      at async RdbmsSchemaBuilder.build (node_modules/src/schema-builder/RdbmsSchemaBuilder.ts:95:13)
      at async DataSource.synchronize (node_modules/src/data-source/DataSource.ts:340:9)
      at async initDataSource (tests/util/db/mariadb-datasource.mock.ts:36:13)
      at async Object.<anonymous> (tests/database/activity.service.test.ts:85:5)

  ● Slot CRUD: add/list/update/reorder/delete/lastNumber › deleteActivitySlot removes slot

    QueryFailedError: Table 'surveyor_test.activity_plans' doesn't exist

      at Query.onResult (node_modules/typeorm/src/driver/mysql/MysqlQueryRunner.ts:247:33)
      at Query.execute (node_modules/mysql2/lib/commands/command.js:36:14)
      at PoolConnection.handlePacket (node_modules/mysql2/lib/base/connection.js:477:34)
      at PacketParser.onPacket (node_modules/mysql2/lib/base/connection.js:93:12)
      at PacketParser.executeStart (node_modules/mysql2/lib/packet_parser.js:75:16)
      at Socket.<anonymous> (node_modules/mysql2/lib/base/connection.js:100:25)

  ● Slot CRUD: add/list/update/reorder/delete/lastNumber › ensureAssignment throws when slotId missing

    TypeError: value.toUpperCase is not a function

    [0m [90m 34 |[39m         } [36mcatch[39m (err) {
     [90m 35 |[39m             console[33m.[39mwarn([32m'[tests] runMigrations failed on MariaDB, falling back to synchronize:'[39m[33m,[39m (err [36mas[39m any)[33m?[39m[33m.[39mmessage [33m||[39m err)[33m;[39m
    [31m[1m>[22m[39m[90m 36 |[39m             [36mawait[39m [33mAppDataSource[39m[33m.[39msynchronize([36mtrue[39m)[33m;[39m
     [90m    |[39m             [31m[1m^[22m[39m
     [90m 37 |[39m             [36mawait[39m [33mAppDataSource[39m[33m.[39mrunMigrations()[33m;[39m
     [90m 38 |[39m         }
     [90m 39 |[39m     }[0m

      at MysqlDriver.normalizeDatetimeFunction (node_modules/typeorm/src/driver/mysql/MysqlDriver.ts:1337:19)
      at MysqlDriver.normalizeDefault (node_modules/typeorm/src/driver/mysql/MysqlDriver.ts:810:25)
      at Function.createTableColumnOptions (node_modules/typeorm/src/schema-builder/util/TableUtils.ts:22:29)
      at node_modules/typeorm/src/schema-builder/table/Table.ts:408:32
          at Array.map (<anonymous>)
      at Function.create (node_modules/typeorm/src/schema-builder/table/Table.ts:407:18)
      at RdbmsSchemaBuilder.createNewTables (node_modules/src/schema-builder/RdbmsSchemaBuilder.ts:634:33)
      at async RdbmsSchemaBuilder.executeSchemaSyncOperationsInProperOrder (node_modules/src/schema-builder/RdbmsSchemaBuilder.ts:225:9)
      at async RdbmsSchemaBuilder.build (node_modules/src/schema-builder/RdbmsSchemaBuilder.ts:95:13)
      at async DataSource.synchronize (node_modules/src/data-source/DataSource.ts:340:9)
      at async initDataSource (tests/util/db/mariadb-datasource.mock.ts:36:13)
      at async Object.<anonymous> (tests/database/activity.service.test.ts:85:5)

  ● Slot CRUD: add/list/update/reorder/delete/lastNumber › ensureAssignment throws when slotId missing

    QueryFailedError: Table 'surveyor_test.activity_plans' doesn't exist

      at Query.onResult (node_modules/typeorm/src/driver/mysql/MysqlQueryRunner.ts:247:33)
      at Query.execute (node_modules/mysql2/lib/commands/command.js:36:14)
      at PoolConnection.handlePacket (node_modules/mysql2/lib/base/connection.js:477:34)
      at PacketParser.onPacket (node_modules/mysql2/lib/base/connection.js:93:12)
      at PacketParser.executeStart (node_modules/mysql2/lib/packet_parser.js:75:16)
      at Socket.<anonymous> (node_modules/mysql2/lib/base/connection.js:100:25)

  ● Assignment wrapper helpers + lookups › assign/unassign for user and guest + slot assignment lookups

    TypeError: value.toUpperCase is not a function

    [0m [90m 34 |[39m         } [36mcatch[39m (err) {
     [90m 35 |[39m             console[33m.[39mwarn([32m'[tests] runMigrations failed on MariaDB, falling back to synchronize:'[39m[33m,[39m (err [36mas[39m any)[33m?[39m[33m.[39mmessage [33m||[39m err)[33m;[39m
    [31m[1m>[22m[39m[90m 36 |[39m             [36mawait[39m [33mAppDataSource[39m[33m.[39msynchronize([36mtrue[39m)[33m;[39m
     [90m    |[39m             [31m[1m^[22m[39m
     [90m 37 |[39m             [36mawait[39m [33mAppDataSource[39m[33m.[39mrunMigrations()[33m;[39m
     [90m 38 |[39m         }
     [90m 39 |[39m     }[0m

      at MysqlDriver.normalizeDatetimeFunction (node_modules/typeorm/src/driver/mysql/MysqlDriver.ts:1337:19)
      at MysqlDriver.normalizeDefault (node_modules/typeorm/src/driver/mysql/MysqlDriver.ts:810:25)
      at Function.createTableColumnOptions (node_modules/typeorm/src/schema-builder/util/TableUtils.ts:22:29)
      at node_modules/typeorm/src/schema-builder/table/Table.ts:408:32
          at Array.map (<anonymous>)
      at Function.create (node_modules/typeorm/src/schema-builder/table/Table.ts:407:18)
      at RdbmsSchemaBuilder.createNewTables (node_modules/src/schema-builder/RdbmsSchemaBuilder.ts:634:33)
      at async RdbmsSchemaBuilder.executeSchemaSyncOperationsInProperOrder (node_modules/src/schema-builder/RdbmsSchemaBuilder.ts:225:9)
      at async RdbmsSchemaBuilder.build (node_modules/src/schema-builder/RdbmsSchemaBuilder.ts:95:13)
      at async DataSource.synchronize (node_modules/src/data-source/DataSource.ts:340:9)
      at async initDataSource (tests/util/db/mariadb-datasource.mock.ts:36:13)
      at async Object.<anonymous> (tests/database/activity.service.test.ts:85:5)

  ● Assignment wrapper helpers + lookups › assign/unassign for user and guest + slot assignment lookups

    QueryFailedError: Table 'surveyor_test.activity_plans' doesn't exist

      at Query.onResult (node_modules/typeorm/src/driver/mysql/MysqlQueryRunner.ts:247:33)
      at Query.execute (node_modules/mysql2/lib/commands/command.js:36:14)
      at PoolConnection.handlePacket (node_modules/mysql2/lib/base/connection.js:477:34)
      at PacketParser.onPacket (node_modules/mysql2/lib/base/connection.js:93:12)
      at PacketParser.executeStart (node_modules/mysql2/lib/packet_parser.js:75:16)
      at Socket.<anonymous> (node_modules/mysql2/lib/base/connection.js:100:25)

  ● Edge cases & additional scenarios › ensureRoleId for non-default marks isDefault=false

    TypeError: value.toUpperCase is not a function

    [0m [90m 34 |[39m         } [36mcatch[39m (err) {
     [90m 35 |[39m             console[33m.[39mwarn([32m'[tests] runMigrations failed on MariaDB, falling back to synchronize:'[39m[33m,[39m (err [36mas[39m any)[33m?[39m[33m.[39mmessage [33m||[39m err)[33m;[39m
    [31m[1m>[22m[39m[90m 36 |[39m             [36mawait[39m [33mAppDataSource[39m[33m.[39msynchronize([36mtrue[39m)[33m;[39m
     [90m    |[39m             [31m[1m^[22m[39m
     [90m 37 |[39m             [36mawait[39m [33mAppDataSource[39m[33m.[39mrunMigrations()[33m;[39m
     [90m 38 |[39m         }
     [90m 39 |[39m     }[0m

      at MysqlDriver.normalizeDatetimeFunction (node_modules/typeorm/src/driver/mysql/MysqlDriver.ts:1337:19)
      at MysqlDriver.normalizeDefault (node_modules/typeorm/src/driver/mysql/MysqlDriver.ts:810:25)
      at Function.createTableColumnOptions (node_modules/typeorm/src/schema-builder/util/TableUtils.ts:22:29)
      at node_modules/typeorm/src/schema-builder/table/Table.ts:408:32
          at Array.map (<anonymous>)
      at Function.create (node_modules/typeorm/src/schema-builder/table/Table.ts:407:18)
      at RdbmsSchemaBuilder.createNewTables (node_modules/src/schema-builder/RdbmsSchemaBuilder.ts:634:33)
      at async RdbmsSchemaBuilder.executeSchemaSyncOperationsInProperOrder (node_modules/src/schema-builder/RdbmsSchemaBuilder.ts:225:9)
      at async RdbmsSchemaBuilder.build (node_modules/src/schema-builder/RdbmsSchemaBuilder.ts:95:13)
      at async DataSource.synchronize (node_modules/src/data-source/DataSource.ts:340:9)
      at async initDataSource (tests/util/db/mariadb-datasource.mock.ts:36:13)
      at async Object.<anonymous> (tests/database/activity.service.test.ts:85:5)

  ● Edge cases & additional scenarios › ensureRoleId for non-default marks isDefault=false

    QueryFailedError: Table 'surveyor_test.activity_plans' doesn't exist

      at Query.onResult (node_modules/typeorm/src/driver/mysql/MysqlQueryRunner.ts:247:33)
      at Query.execute (node_modules/mysql2/lib/commands/command.js:36:14)
      at PoolConnection.handlePacket (node_modules/mysql2/lib/base/connection.js:477:34)
      at PacketParser.onPacket (node_modules/mysql2/lib/base/connection.js:93:12)
      at PacketParser.executeStart (node_modules/mysql2/lib/packet_parser.js:75:16)
      at Socket.<anonymous> (node_modules/mysql2/lib/base/connection.js:100:25)

  ● Edge cases & additional scenarios › ensureAssignment reuses existing assignment for same slot/user and for guest

    TypeError: value.toUpperCase is not a function

    [0m [90m 34 |[39m         } [36mcatch[39m (err) {
     [90m 35 |[39m             console[33m.[39mwarn([32m'[tests] runMigrations failed on MariaDB, falling back to synchronize:'[39m[33m,[39m (err [36mas[39m any)[33m?[39m[33m.[39mmessage [33m||[39m err)[33m;[39m
    [31m[1m>[22m[39m[90m 36 |[39m             [36mawait[39m [33mAppDataSource[39m[33m.[39msynchronize([36mtrue[39m)[33m;[39m
     [90m    |[39m             [31m[1m^[22m[39m
     [90m 37 |[39m             [36mawait[39m [33mAppDataSource[39m[33m.[39mrunMigrations()[33m;[39m
     [90m 38 |[39m         }
     [90m 39 |[39m     }[0m

      at MysqlDriver.normalizeDatetimeFunction (node_modules/typeorm/src/driver/mysql/MysqlDriver.ts:1337:19)
      at MysqlDriver.normalizeDefault (node_modules/typeorm/src/driver/mysql/MysqlDriver.ts:810:25)
      at Function.createTableColumnOptions (node_modules/typeorm/src/schema-builder/util/TableUtils.ts:22:29)
      at node_modules/typeorm/src/schema-builder/table/Table.ts:408:32
          at Array.map (<anonymous>)
      at Function.create (node_modules/typeorm/src/schema-builder/table/Table.ts:407:18)
      at RdbmsSchemaBuilder.createNewTables (node_modules/src/schema-builder/RdbmsSchemaBuilder.ts:634:33)
      at async RdbmsSchemaBuilder.executeSchemaSyncOperationsInProperOrder (node_modules/src/schema-builder/RdbmsSchemaBuilder.ts:225:9)
      at async RdbmsSchemaBuilder.build (node_modules/src/schema-builder/RdbmsSchemaBuilder.ts:95:13)
      at async DataSource.synchronize (node_modules/src/data-source/DataSource.ts:340:9)
      at async initDataSource (tests/util/db/mariadb-datasource.mock.ts:36:13)
      at async Object.<anonymous> (tests/database/activity.service.test.ts:85:5)

  ● Edge cases & additional scenarios › ensureAssignment reuses existing assignment for same slot/user and for guest

    QueryFailedError: Table 'surveyor_test.activity_plans' doesn't exist

      at Query.onResult (node_modules/typeorm/src/driver/mysql/MysqlQueryRunner.ts:247:33)
      at Query.execute (node_modules/mysql2/lib/commands/command.js:36:14)
      at PoolConnection.handlePacket (node_modules/mysql2/lib/base/connection.js:477:34)
      at PacketParser.onPacket (node_modules/mysql2/lib/base/connection.js:93:12)
      at PacketParser.executeStart (node_modules/mysql2/lib/packet_parser.js:75:16)
      at Socket.<anonymous> (node_modules/mysql2/lib/base/connection.js:100:25)

  ● Edge cases & additional scenarios › assignRole is idempotent for same (assignment, role)

    TypeError: value.toUpperCase is not a function

    [0m [90m 34 |[39m         } [36mcatch[39m (err) {
     [90m 35 |[39m             console[33m.[39mwarn([32m'[tests] runMigrations failed on MariaDB, falling back to synchronize:'[39m[33m,[39m (err [36mas[39m any)[33m?[39m[33m.[39mmessage [33m||[39m err)[33m;[39m
    [31m[1m>[22m[39m[90m 36 |[39m             [36mawait[39m [33mAppDataSource[39m[33m.[39msynchronize([36mtrue[39m)[33m;[39m
     [90m    |[39m             [31m[1m^[22m[39m
     [90m 37 |[39m             [36mawait[39m [33mAppDataSource[39m[33m.[39mrunMigrations()[33m;[39m
     [90m 38 |[39m         }
     [90m 39 |[39m     }[0m

      at MysqlDriver.normalizeDatetimeFunction (node_modules/typeorm/src/driver/mysql/MysqlDriver.ts:1337:19)
      at MysqlDriver.normalizeDefault (node_modules/typeorm/src/driver/mysql/MysqlDriver.ts:810:25)
      at Function.createTableColumnOptions (node_modules/typeorm/src/schema-builder/util/TableUtils.ts:22:29)
      at node_modules/typeorm/src/schema-builder/table/Table.ts:408:32
          at Array.map (<anonymous>)
      at Function.create (node_modules/typeorm/src/schema-builder/table/Table.ts:407:18)
      at RdbmsSchemaBuilder.createNewTables (node_modules/src/schema-builder/RdbmsSchemaBuilder.ts:634:33)
      at async RdbmsSchemaBuilder.executeSchemaSyncOperationsInProperOrder (node_modules/src/schema-builder/RdbmsSchemaBuilder.ts:225:9)
      at async RdbmsSchemaBuilder.build (node_modules/src/schema-builder/RdbmsSchemaBuilder.ts:95:13)
      at async DataSource.synchronize (node_modules/src/data-source/DataSource.ts:340:9)
      at async initDataSource (tests/util/db/mariadb-datasource.mock.ts:36:13)
      at async Object.<anonymous> (tests/database/activity.service.test.ts:85:5)

  ● Edge cases & additional scenarios › assignRole is idempotent for same (assignment, role)

    QueryFailedError: Table 'surveyor_test.activity_plans' doesn't exist

      at Query.onResult (node_modules/typeorm/src/driver/mysql/MysqlQueryRunner.ts:247:33)
      at Query.execute (node_modules/mysql2/lib/commands/command.js:36:14)
      at PoolConnection.handlePacket (node_modules/mysql2/lib/base/connection.js:477:34)
      at PacketParser.onPacket (node_modules/mysql2/lib/base/connection.js:93:12)
      at PacketParser.executeStart (node_modules/mysql2/lib/packet_parser.js:75:16)
      at Socket.<anonymous> (node_modules/mysql2/lib/base/connection.js:100:25)

  ● Edge cases & additional scenarios › doUnassignRole returns false for unknown role; removing one of multiple roles preserves assignment

    TypeError: value.toUpperCase is not a function

    [0m [90m 34 |[39m         } [36mcatch[39m (err) {
     [90m 35 |[39m             console[33m.[39mwarn([32m'[tests] runMigrations failed on MariaDB, falling back to synchronize:'[39m[33m,[39m (err [36mas[39m any)[33m?[39m[33m.[39mmessage [33m||[39m err)[33m;[39m
    [31m[1m>[22m[39m[90m 36 |[39m             [36mawait[39m [33mAppDataSource[39m[33m.[39msynchronize([36mtrue[39m)[33m;[39m
     [90m    |[39m             [31m[1m^[22m[39m
     [90m 37 |[39m             [36mawait[39m [33mAppDataSource[39m[33m.[39mrunMigrations()[33m;[39m
     [90m 38 |[39m         }
     [90m 39 |[39m     }[0m

      at MysqlDriver.normalizeDatetimeFunction (node_modules/typeorm/src/driver/mysql/MysqlDriver.ts:1337:19)
      at MysqlDriver.normalizeDefault (node_modules/typeorm/src/driver/mysql/MysqlDriver.ts:810:25)
      at Function.createTableColumnOptions (node_modules/typeorm/src/schema-builder/util/TableUtils.ts:22:29)
      at node_modules/typeorm/src/schema-builder/table/Table.ts:408:32
          at Array.map (<anonymous>)
      at Function.create (node_modules/typeorm/src/schema-builder/table/Table.ts:407:18)
      at RdbmsSchemaBuilder.createNewTables (node_modules/src/schema-builder/RdbmsSchemaBuilder.ts:634:33)
      at async RdbmsSchemaBuilder.executeSchemaSyncOperationsInProperOrder (node_modules/src/schema-builder/RdbmsSchemaBuilder.ts:225:9)
      at async RdbmsSchemaBuilder.build (node_modules/src/schema-builder/RdbmsSchemaBuilder.ts:95:13)
      at async DataSource.synchronize (node_modules/src/data-source/DataSource.ts:340:9)
      at async initDataSource (tests/util/db/mariadb-datasource.mock.ts:36:13)
      at async Object.<anonymous> (tests/database/activity.service.test.ts:85:5)

  ● Edge cases & additional scenarios › doUnassignRole returns false for unknown role; removing one of multiple roles preserves assignment

    QueryFailedError: Table 'surveyor_test.activity_plans' doesn't exist

      at Query.onResult (node_modules/typeorm/src/driver/mysql/MysqlQueryRunner.ts:247:33)
      at Query.execute (node_modules/mysql2/lib/commands/command.js:36:14)
      at PoolConnection.handlePacket (node_modules/mysql2/lib/base/connection.js:477:34)
      at PacketParser.onPacket (node_modules/mysql2/lib/base/connection.js:93:12)
      at PacketParser.executeStart (node_modules/mysql2/lib/packet_parser.js:75:16)
      at Socket.<anonymous> (node_modules/mysql2/lib/base/connection.js:100:25)

  ● Edge cases & additional scenarios › createActivityPlanTx with empty slots inserts only the plan

    TypeError: value.toUpperCase is not a function

    [0m [90m 34 |[39m         } [36mcatch[39m (err) {
     [90m 35 |[39m             console[33m.[39mwarn([32m'[tests] runMigrations failed on MariaDB, falling back to synchronize:'[39m[33m,[39m (err [36mas[39m any)[33m?[39m[33m.[39mmessage [33m||[39m err)[33m;[39m
    [31m[1m>[22m[39m[90m 36 |[39m             [36mawait[39m [33mAppDataSource[39m[33m.[39msynchronize([36mtrue[39m)[33m;[39m
     [90m    |[39m             [31m[1m^[22m[39m
     [90m 37 |[39m             [36mawait[39m [33mAppDataSource[39m[33m.[39mrunMigrations()[33m;[39m
     [90m 38 |[39m         }
     [90m 39 |[39m     }[0m

      at MysqlDriver.normalizeDatetimeFunction (node_modules/typeorm/src/driver/mysql/MysqlDriver.ts:1337:19)
      at MysqlDriver.normalizeDefault (node_modules/typeorm/src/driver/mysql/MysqlDriver.ts:810:25)
      at Function.createTableColumnOptions (node_modules/typeorm/src/schema-builder/util/TableUtils.ts:22:29)
      at node_modules/typeorm/src/schema-builder/table/Table.ts:408:32
          at Array.map (<anonymous>)
      at Function.create (node_modules/typeorm/src/schema-builder/table/Table.ts:407:18)
      at RdbmsSchemaBuilder.createNewTables (node_modules/src/schema-builder/RdbmsSchemaBuilder.ts:634:33)
      at async RdbmsSchemaBuilder.executeSchemaSyncOperationsInProperOrder (node_modules/src/schema-builder/RdbmsSchemaBuilder.ts:225:9)
      at async RdbmsSchemaBuilder.build (node_modules/src/schema-builder/RdbmsSchemaBuilder.ts:95:13)
      at async DataSource.synchronize (node_modules/src/data-source/DataSource.ts:340:9)
      at async initDataSource (tests/util/db/mariadb-datasource.mock.ts:36:13)
      at async Object.<anonymous> (tests/database/activity.service.test.ts:85:5)

  ● Edge cases & additional scenarios › createActivityPlanTx with empty slots inserts only the plan

    QueryFailedError: Table 'surveyor_test.activity_plans' doesn't exist

      at Query.onResult (node_modules/typeorm/src/driver/mysql/MysqlQueryRunner.ts:247:33)
      at Query.execute (node_modules/mysql2/lib/commands/command.js:36:14)
      at PoolConnection.handlePacket (node_modules/mysql2/lib/base/connection.js:477:34)
      at PacketParser.onPacket (node_modules/mysql2/lib/base/connection.js:93:12)
      at PacketParser.executeStart (node_modules/mysql2/lib/packet_parser.js:75:16)
      at Socket.<anonymous> (node_modules/mysql2/lib/base/connection.js:100:25)

  ● Edge cases & additional scenarios › reorderActivitySlots does not affect slots from other plans

    TypeError: value.toUpperCase is not a function

    [0m [90m 34 |[39m         } [36mcatch[39m (err) {
     [90m 35 |[39m             console[33m.[39mwarn([32m'[tests] runMigrations failed on MariaDB, falling back to synchronize:'[39m[33m,[39m (err [36mas[39m any)[33m?[39m[33m.[39mmessage [33m||[39m err)[33m;[39m
    [31m[1m>[22m[39m[90m 36 |[39m             [36mawait[39m [33mAppDataSource[39m[33m.[39msynchronize([36mtrue[39m)[33m;[39m
     [90m    |[39m             [31m[1m^[22m[39m
     [90m 37 |[39m             [36mawait[39m [33mAppDataSource[39m[33m.[39mrunMigrations()[33m;[39m
     [90m 38 |[39m         }
     [90m 39 |[39m     }[0m

      at MysqlDriver.normalizeDatetimeFunction (node_modules/typeorm/src/driver/mysql/MysqlDriver.ts:1337:19)
      at MysqlDriver.normalizeDefault (node_modules/typeorm/src/driver/mysql/MysqlDriver.ts:810:25)
      at Function.createTableColumnOptions (node_modules/typeorm/src/schema-builder/util/TableUtils.ts:22:29)
      at node_modules/typeorm/src/schema-builder/table/Table.ts:408:32
          at Array.map (<anonymous>)
      at Function.create (node_modules/typeorm/src/schema-builder/table/Table.ts:407:18)
      at RdbmsSchemaBuilder.createNewTables (node_modules/src/schema-builder/RdbmsSchemaBuilder.ts:634:33)
      at async RdbmsSchemaBuilder.executeSchemaSyncOperationsInProperOrder (node_modules/src/schema-builder/RdbmsSchemaBuilder.ts:225:9)
      at async RdbmsSchemaBuilder.build (node_modules/src/schema-builder/RdbmsSchemaBuilder.ts:95:13)
      at async DataSource.synchronize (node_modules/src/data-source/DataSource.ts:340:9)
      at async initDataSource (tests/util/db/mariadb-datasource.mock.ts:36:13)
      at async Object.<anonymous> (tests/database/activity.service.test.ts:85:5)

  ● Edge cases & additional scenarios › reorderActivitySlots does not affect slots from other plans

    QueryFailedError: Table 'surveyor_test.activity_plans' doesn't exist

      at Query.onResult (node_modules/typeorm/src/driver/mysql/MysqlQueryRunner.ts:247:33)
      at Query.execute (node_modules/mysql2/lib/commands/command.js:36:14)
      at PoolConnection.handlePacket (node_modules/mysql2/lib/base/connection.js:477:34)
      at PacketParser.onPacket (node_modules/mysql2/lib/base/connection.js:93:12)
      at PacketParser.executeStart (node_modules/mysql2/lib/packet_parser.js:75:16)
      at Socket.<anonymous> (node_modules/mysql2/lib/base/connection.js:100:25)

  ● Edge cases & additional scenarios › getLastActivitySlotNumber returns 0 when none exist for that day

    TypeError: value.toUpperCase is not a function

    [0m [90m 34 |[39m         } [36mcatch[39m (err) {
     [90m 35 |[39m             console[33m.[39mwarn([32m'[tests] runMigrations failed on MariaDB, falling back to synchronize:'[39m[33m,[39m (err [36mas[39m any)[33m?[39m[33m.[39mmessage [33m||[39m err)[33m;[39m
    [31m[1m>[22m[39m[90m 36 |[39m             [36mawait[39m [33mAppDataSource[39m[33m.[39msynchronize([36mtrue[39m)[33m;[39m
     [90m    |[39m             [31m[1m^[22m[39m
     [90m 37 |[39m             [36mawait[39m [33mAppDataSource[39m[33m.[39mrunMigrations()[33m;[39m
     [90m 38 |[39m         }
     [90m 39 |[39m     }[0m

      at MysqlDriver.normalizeDatetimeFunction (node_modules/typeorm/src/driver/mysql/MysqlDriver.ts:1337:19)
      at MysqlDriver.normalizeDefault (node_modules/typeorm/src/driver/mysql/MysqlDriver.ts:810:25)
      at Function.createTableColumnOptions (node_modules/typeorm/src/schema-builder/util/TableUtils.ts:22:29)
      at node_modules/typeorm/src/schema-builder/table/Table.ts:408:32
          at Array.map (<anonymous>)
      at Function.create (node_modules/typeorm/src/schema-builder/table/Table.ts:407:18)
      at RdbmsSchemaBuilder.createNewTables (node_modules/src/schema-builder/RdbmsSchemaBuilder.ts:634:33)
      at async RdbmsSchemaBuilder.executeSchemaSyncOperationsInProperOrder (node_modules/src/schema-builder/RdbmsSchemaBuilder.ts:225:9)
      at async RdbmsSchemaBuilder.build (node_modules/src/schema-builder/RdbmsSchemaBuilder.ts:95:13)
      at async DataSource.synchronize (node_modules/src/data-source/DataSource.ts:340:9)
      at async initDataSource (tests/util/db/mariadb-datasource.mock.ts:36:13)
      at async Object.<anonymous> (tests/database/activity.service.test.ts:85:5)

  ● Edge cases & additional scenarios › getLastActivitySlotNumber returns 0 when none exist for that day

    QueryFailedError: Table 'surveyor_test.activity_plans' doesn't exist

      at Query.onResult (node_modules/typeorm/src/driver/mysql/MysqlQueryRunner.ts:247:33)
      at Query.execute (node_modules/mysql2/lib/commands/command.js:36:14)
      at PoolConnection.handlePacket (node_modules/mysql2/lib/base/connection.js:477:34)
      at PacketParser.onPacket (node_modules/mysql2/lib/base/connection.js:93:12)
      at PacketParser.executeStart (node_modules/mysql2/lib/packet_parser.js:75:16)
      at Socket.<anonymous> (node_modules/mysql2/lib/base/connection.js:100:25)

  ● Edge cases & additional scenarios › updateActivitySlot can update just one field (pos) without touching others

    TypeError: value.toUpperCase is not a function

    [0m [90m 34 |[39m         } [36mcatch[39m (err) {
     [90m 35 |[39m             console[33m.[39mwarn([32m'[tests] runMigrations failed on MariaDB, falling back to synchronize:'[39m[33m,[39m (err [36mas[39m any)[33m?[39m[33m.[39mmessage [33m||[39m err)[33m;[39m
    [31m[1m>[22m[39m[90m 36 |[39m             [36mawait[39m [33mAppDataSource[39m[33m.[39msynchronize([36mtrue[39m)[33m;[39m
     [90m    |[39m             [31m[1m^[22m[39m
     [90m 37 |[39m             [36mawait[39m [33mAppDataSource[39m[33m.[39mrunMigrations()[33m;[39m
     [90m 38 |[39m         }
     [90m 39 |[39m     }[0m

      at MysqlDriver.normalizeDatetimeFunction (node_modules/typeorm/src/driver/mysql/MysqlDriver.ts:1337:19)
      at MysqlDriver.normalizeDefault (node_modules/typeorm/src/driver/mysql/MysqlDriver.ts:810:25)
      at Function.createTableColumnOptions (node_modules/typeorm/src/schema-builder/util/TableUtils.ts:22:29)
      at node_modules/typeorm/src/schema-builder/table/Table.ts:408:32
          at Array.map (<anonymous>)
      at Function.create (node_modules/typeorm/src/schema-builder/table/Table.ts:407:18)
      at RdbmsSchemaBuilder.createNewTables (node_modules/src/schema-builder/RdbmsSchemaBuilder.ts:634:33)
      at async RdbmsSchemaBuilder.executeSchemaSyncOperationsInProperOrder (node_modules/src/schema-builder/RdbmsSchemaBuilder.ts:225:9)
      at async RdbmsSchemaBuilder.build (node_modules/src/schema-builder/RdbmsSchemaBuilder.ts:95:13)
      at async DataSource.synchronize (node_modules/src/data-source/DataSource.ts:340:9)
      at async initDataSource (tests/util/db/mariadb-datasource.mock.ts:36:13)
      at async Object.<anonymous> (tests/database/activity.service.test.ts:85:5)

  ● Edge cases & additional scenarios › updateActivitySlot can update just one field (pos) without touching others

    QueryFailedError: Table 'surveyor_test.activity_plans' doesn't exist

      at Query.onResult (node_modules/typeorm/src/driver/mysql/MysqlQueryRunner.ts:247:33)
      at Query.execute (node_modules/mysql2/lib/commands/command.js:36:14)
      at PoolConnection.handlePacket (node_modules/mysql2/lib/base/connection.js:477:34)
      at PacketParser.onPacket (node_modules/mysql2/lib/base/connection.js:93:12)
      at PacketParser.executeStart (node_modules/mysql2/lib/packet_parser.js:75:16)
      at Socket.<anonymous> (node_modules/mysql2/lib/base/connection.js:100:25)

  ● Edge cases & additional scenarios › getActivitySlotAssignees returns both user and guest entries with their roles

    TypeError: value.toUpperCase is not a function

    [0m [90m 34 |[39m         } [36mcatch[39m (err) {
     [90m 35 |[39m             console[33m.[39mwarn([32m'[tests] runMigrations failed on MariaDB, falling back to synchronize:'[39m[33m,[39m (err [36mas[39m any)[33m?[39m[33m.[39mmessage [33m||[39m err)[33m;[39m
    [31m[1m>[22m[39m[90m 36 |[39m             [36mawait[39m [33mAppDataSource[39m[33m.[39msynchronize([36mtrue[39m)[33m;[39m
     [90m    |[39m             [31m[1m^[22m[39m
     [90m 37 |[39m             [36mawait[39m [33mAppDataSource[39m[33m.[39mrunMigrations()[33m;[39m
     [90m 38 |[39m         }
     [90m 39 |[39m     }[0m

      at MysqlDriver.normalizeDatetimeFunction (node_modules/typeorm/src/driver/mysql/MysqlDriver.ts:1337:19)
      at MysqlDriver.normalizeDefault (node_modules/typeorm/src/driver/mysql/MysqlDriver.ts:810:25)
      at Function.createTableColumnOptions (node_modules/typeorm/src/schema-builder/util/TableUtils.ts:22:29)
      at node_modules/typeorm/src/schema-builder/table/Table.ts:408:32
          at Array.map (<anonymous>)
      at Function.create (node_modules/typeorm/src/schema-builder/table/Table.ts:407:18)
      at RdbmsSchemaBuilder.createNewTables (node_modules/src/schema-builder/RdbmsSchemaBuilder.ts:634:33)
      at async RdbmsSchemaBuilder.executeSchemaSyncOperationsInProperOrder (node_modules/src/schema-builder/RdbmsSchemaBuilder.ts:225:9)
      at async RdbmsSchemaBuilder.build (node_modules/src/schema-builder/RdbmsSchemaBuilder.ts:95:13)
      at async DataSource.synchronize (node_modules/src/data-source/DataSource.ts:340:9)
      at async initDataSource (tests/util/db/mariadb-datasource.mock.ts:36:13)
      at async Object.<anonymous> (tests/database/activity.service.test.ts:85:5)

  ● Edge cases & additional scenarios › getActivitySlotAssignees returns both user and guest entries with their roles

    QueryFailedError: Table 'surveyor_test.activity_plans' doesn't exist

      at Query.onResult (node_modules/typeorm/src/driver/mysql/MysqlQueryRunner.ts:247:33)
      at Query.execute (node_modules/mysql2/lib/commands/command.js:36:14)
      at PoolConnection.handlePacket (node_modules/mysql2/lib/base/connection.js:477:34)
      at PacketParser.onPacket (node_modules/mysql2/lib/base/connection.js:93:12)
      at PacketParser.executeStart (node_modules/mysql2/lib/packet_parser.js:75:16)
      at Socket.<anonymous> (node_modules/mysql2/lib/base/connection.js:100:25)

  ● Edge cases & additional scenarios › getActivityPlanParticipants groups by COALESCE(user.username, guest.username)

    TypeError: value.toUpperCase is not a function

    [0m [90m 34 |[39m         } [36mcatch[39m (err) {
     [90m 35 |[39m             console[33m.[39mwarn([32m'[tests] runMigrations failed on MariaDB, falling back to synchronize:'[39m[33m,[39m (err [36mas[39m any)[33m?[39m[33m.[39mmessage [33m||[39m err)[33m;[39m
    [31m[1m>[22m[39m[90m 36 |[39m             [36mawait[39m [33mAppDataSource[39m[33m.[39msynchronize([36mtrue[39m)[33m;[39m
     [90m    |[39m             [31m[1m^[22m[39m
     [90m 37 |[39m             [36mawait[39m [33mAppDataSource[39m[33m.[39mrunMigrations()[33m;[39m
     [90m 38 |[39m         }
     [90m 39 |[39m     }[0m

      at MysqlDriver.normalizeDatetimeFunction (node_modules/typeorm/src/driver/mysql/MysqlDriver.ts:1337:19)
      at MysqlDriver.normalizeDefault (node_modules/typeorm/src/driver/mysql/MysqlDriver.ts:810:25)
      at Function.createTableColumnOptions (node_modules/typeorm/src/schema-builder/util/TableUtils.ts:22:29)
      at node_modules/typeorm/src/schema-builder/table/Table.ts:408:32
          at Array.map (<anonymous>)
      at Function.create (node_modules/typeorm/src/schema-builder/table/Table.ts:407:18)
      at RdbmsSchemaBuilder.createNewTables (node_modules/src/schema-builder/RdbmsSchemaBuilder.ts:634:33)
      at async RdbmsSchemaBuilder.executeSchemaSyncOperationsInProperOrder (node_modules/src/schema-builder/RdbmsSchemaBuilder.ts:225:9)
      at async RdbmsSchemaBuilder.build (node_modules/src/schema-builder/RdbmsSchemaBuilder.ts:95:13)
      at async DataSource.synchronize (node_modules/src/data-source/DataSource.ts:340:9)
      at async initDataSource (tests/util/db/mariadb-datasource.mock.ts:36:13)
      at async Object.<anonymous> (tests/database/activity.service.test.ts:85:5)

  ● Edge cases & additional scenarios › getActivityPlanParticipants groups by COALESCE(user.username, guest.username)

    QueryFailedError: Table 'surveyor_test.activity_plans' doesn't exist

      at Query.onResult (node_modules/typeorm/src/driver/mysql/MysqlQueryRunner.ts:247:33)
      at Query.execute (node_modules/mysql2/lib/commands/command.js:36:14)
      at PoolConnection.handlePacket (node_modules/mysql2/lib/base/connection.js:477:34)
      at PacketParser.onPacket (node_modules/mysql2/lib/base/connection.js:93:12)
      at PacketParser.executeStart (node_modules/mysql2/lib/packet_parser.js:75:16)
      at Socket.<anonymous> (node_modules/mysql2/lib/base/connection.js:100:25)

  ● Edge cases & additional scenarios › deleteActivitySlotAssignment returns DeleteResult with affected=1

    TypeError: value.toUpperCase is not a function

    [0m [90m 34 |[39m         } [36mcatch[39m (err) {
     [90m 35 |[39m             console[33m.[39mwarn([32m'[tests] runMigrations failed on MariaDB, falling back to synchronize:'[39m[33m,[39m (err [36mas[39m any)[33m?[39m[33m.[39mmessage [33m||[39m err)[33m;[39m
    [31m[1m>[22m[39m[90m 36 |[39m             [36mawait[39m [33mAppDataSource[39m[33m.[39msynchronize([36mtrue[39m)[33m;[39m
     [90m    |[39m             [31m[1m^[22m[39m
     [90m 37 |[39m             [36mawait[39m [33mAppDataSource[39m[33m.[39mrunMigrations()[33m;[39m
     [90m 38 |[39m         }
     [90m 39 |[39m     }[0m

      at MysqlDriver.normalizeDatetimeFunction (node_modules/typeorm/src/driver/mysql/MysqlDriver.ts:1337:19)
      at MysqlDriver.normalizeDefault (node_modules/typeorm/src/driver/mysql/MysqlDriver.ts:810:25)
      at Function.createTableColumnOptions (node_modules/typeorm/src/schema-builder/util/TableUtils.ts:22:29)
      at node_modules/typeorm/src/schema-builder/table/Table.ts:408:32
          at Array.map (<anonymous>)
      at Function.create (node_modules/typeorm/src/schema-builder/table/Table.ts:407:18)
      at RdbmsSchemaBuilder.createNewTables (node_modules/src/schema-builder/RdbmsSchemaBuilder.ts:634:33)
      at async RdbmsSchemaBuilder.executeSchemaSyncOperationsInProperOrder (node_modules/src/schema-builder/RdbmsSchemaBuilder.ts:225:9)
      at async RdbmsSchemaBuilder.build (node_modules/src/schema-builder/RdbmsSchemaBuilder.ts:95:13)
      at async DataSource.synchronize (node_modules/src/data-source/DataSource.ts:340:9)
      at async initDataSource (tests/util/db/mariadb-datasource.mock.ts:36:13)
      at async Object.<anonymous> (tests/database/activity.service.test.ts:85:5)

  ● Edge cases & additional scenarios › deleteActivitySlotAssignment returns DeleteResult with affected=1

    QueryFailedError: Table 'surveyor_test.activity_plans' doesn't exist

      at Query.onResult (node_modules/typeorm/src/driver/mysql/MysqlQueryRunner.ts:247:33)
      at Query.execute (node_modules/mysql2/lib/commands/command.js:36:14)
      at PoolConnection.handlePacket (node_modules/mysql2/lib/base/connection.js:477:34)
      at PacketParser.onPacket (node_modules/mysql2/lib/base/connection.js:93:12)
      at PacketParser.executeStart (node_modules/mysql2/lib/packet_parser.js:75:16)
      at Socket.<anonymous> (node_modules/mysql2/lib/base/connection.js:100:25)

FAIL db tests/database/event.service.test.ts
  ● Console

    console.log
      [dotenv@17.2.3] injecting env (6) from tests/.env.test -- tip: 🔐 prevent committing .env to code: https://dotenvx.com/precommit

      at _log (node_modules/dotenv/lib/main.js:142:11)

    console.log
      [4mMigration "AddRequirementOverrides1753400000000" failed, error: Table 'activity_plan_requirement_overrides' already exists[24m

      at Function.log (node_modules/src/platform/PlatformTools.ts:260:17)

    console.warn
      [tests] runMigrations failed on MariaDB, falling back to synchronize: Table 'activity_plan_requirement_overrides' already exists

    [0m [90m 33 |[39m             [36mawait[39m [33mAppDataSource[39m[33m.[39mrunMigrations()[33m;[39m
     [90m 34 |[39m         } [36mcatch[39m (err) {
    [31m[1m>[22m[39m[90m 35 |[39m             console[33m.[39mwarn([32m'[tests] runMigrations failed on MariaDB, falling back to synchronize:'[39m[33m,[39m (err [36mas[39m any)[33m?[39m[33m.[39mmessage [33m||[39m err)[33m;[39m
     [90m    |[39m                     [31m[1m^[22m[39m
     [90m 36 |[39m             [36mawait[39m [33mAppDataSource[39m[33m.[39msynchronize([36mtrue[39m)[33m;[39m
     [90m 37 |[39m             [36mawait[39m [33mAppDataSource[39m[33m.[39mrunMigrations()[33m;[39m
     [90m 38 |[39m         }[0m

      at initDataSource (tests/util/db/mariadb-datasource.mock.ts:35:21)
      at async Object.<anonymous> (tests/database/event.service.test.ts:66:5)

  ● eventService (mysql) › creates, reads, updates, and deletes an Event

    TypeError: value.toUpperCase is not a function

    [0m [90m 34 |[39m         } [36mcatch[39m (err) {
     [90m 35 |[39m             console[33m.[39mwarn([32m'[tests] runMigrations failed on MariaDB, falling back to synchronize:'[39m[33m,[39m (err [36mas[39m any)[33m?[39m[33m.[39mmessage [33m||[39m err)[33m;[39m
    [31m[1m>[22m[39m[90m 36 |[39m             [36mawait[39m [33mAppDataSource[39m[33m.[39msynchronize([36mtrue[39m)[33m;[39m
     [90m    |[39m             [31m[1m^[22m[39m
     [90m 37 |[39m             [36mawait[39m [33mAppDataSource[39m[33m.[39mrunMigrations()[33m;[39m
     [90m 38 |[39m         }
     [90m 39 |[39m     }[0m

      at MysqlDriver.normalizeDatetimeFunction (node_modules/typeorm/src/driver/mysql/MysqlDriver.ts:1337:19)
      at MysqlDriver.normalizeDefault (node_modules/typeorm/src/driver/mysql/MysqlDriver.ts:810:25)
      at Function.createTableColumnOptions (node_modules/typeorm/src/schema-builder/util/TableUtils.ts:22:29)
      at node_modules/typeorm/src/schema-builder/table/Table.ts:408:32
          at Array.map (<anonymous>)
      at Function.create (node_modules/typeorm/src/schema-builder/table/Table.ts:407:18)
      at RdbmsSchemaBuilder.createNewTables (node_modules/src/schema-builder/RdbmsSchemaBuilder.ts:634:33)
      at async RdbmsSchemaBuilder.executeSchemaSyncOperationsInProperOrder (node_modules/src/schema-builder/RdbmsSchemaBuilder.ts:225:9)
      at async RdbmsSchemaBuilder.build (node_modules/src/schema-builder/RdbmsSchemaBuilder.ts:95:13)
      at async DataSource.synchronize (node_modules/src/data-source/DataSource.ts:340:9)
      at async initDataSource (tests/util/db/mariadb-datasource.mock.ts:36:13)
      at async Object.<anonymous> (tests/database/event.service.test.ts:66:5)

  ● eventService (mysql) › creates, reads, updates, and deletes an Event

    QueryFailedError: Table 'surveyor_test.events' doesn't exist

      at Query.onResult (node_modules/typeorm/src/driver/mysql/MysqlQueryRunner.ts:247:33)
      at Query.execute (node_modules/mysql2/lib/commands/command.js:36:14)
      at PoolConnection.handlePacket (node_modules/mysql2/lib/base/connection.js:477:34)
      at PacketParser.onPacket (node_modules/mysql2/lib/base/connection.js:93:12)
      at PacketParser.executeStart (node_modules/mysql2/lib/packet_parser.js:75:16)
      at Socket.<anonymous> (node_modules/mysql2/lib/base/connection.js:100:25)

  ● eventService (mysql) › registers user & guest; updates registration; handles dietary choices; lists participants; deletes registration

    TypeError: value.toUpperCase is not a function

    [0m [90m 34 |[39m         } [36mcatch[39m (err) {
     [90m 35 |[39m             console[33m.[39mwarn([32m'[tests] runMigrations failed on MariaDB, falling back to synchronize:'[39m[33m,[39m (err [36mas[39m any)[33m?[39m[33m.[39mmessage [33m||[39m err)[33m;[39m
    [31m[1m>[22m[39m[90m 36 |[39m             [36mawait[39m [33mAppDataSource[39m[33m.[39msynchronize([36mtrue[39m)[33m;[39m
     [90m    |[39m             [31m[1m^[22m[39m
     [90m 37 |[39m             [36mawait[39m [33mAppDataSource[39m[33m.[39mrunMigrations()[33m;[39m
     [90m 38 |[39m         }
     [90m 39 |[39m     }[0m

      at MysqlDriver.normalizeDatetimeFunction (node_modules/typeorm/src/driver/mysql/MysqlDriver.ts:1337:19)
      at MysqlDriver.normalizeDefault (node_modules/typeorm/src/driver/mysql/MysqlDriver.ts:810:25)
      at Function.createTableColumnOptions (node_modules/typeorm/src/schema-builder/util/TableUtils.ts:22:29)
      at node_modules/typeorm/src/schema-builder/table/Table.ts:408:32
          at Array.map (<anonymous>)
      at Function.create (node_modules/typeorm/src/schema-builder/table/Table.ts:407:18)
      at RdbmsSchemaBuilder.createNewTables (node_modules/src/schema-builder/RdbmsSchemaBuilder.ts:634:33)
      at async RdbmsSchemaBuilder.executeSchemaSyncOperationsInProperOrder (node_modules/src/schema-builder/RdbmsSchemaBuilder.ts:225:9)
      at async RdbmsSchemaBuilder.build (node_modules/src/schema-builder/RdbmsSchemaBuilder.ts:95:13)
      at async DataSource.synchronize (node_modules/src/data-source/DataSource.ts:340:9)
      at async initDataSource (tests/util/db/mariadb-datasource.mock.ts:36:13)
      at async Object.<anonymous> (tests/database/event.service.test.ts:66:5)

  ● eventService (mysql) › registers user & guest; updates registration; handles dietary choices; lists participants; deletes registration

    QueryFailedError: Table 'surveyor_test.events' doesn't exist

      at Query.onResult (node_modules/typeorm/src/driver/mysql/MysqlQueryRunner.ts:247:33)
      at Query.execute (node_modules/mysql2/lib/commands/command.js:36:14)
      at PoolConnection.handlePacket (node_modules/mysql2/lib/base/connection.js:477:34)
      at PacketParser.onPacket (node_modules/mysql2/lib/base/connection.js:93:12)
      at PacketParser.executeStart (node_modules/mysql2/lib/packet_parser.js:75:16)
      at Socket.<anonymous> (node_modules/mysql2/lib/base/connection.js:100:25)

  ● eventService (mysql) › getRegisteredEventsFor returns events for user/guest sorted by startDate DESC

    TypeError: value.toUpperCase is not a function

    [0m [90m 34 |[39m         } [36mcatch[39m (err) {
     [90m 35 |[39m             console[33m.[39mwarn([32m'[tests] runMigrations failed on MariaDB, falling back to synchronize:'[39m[33m,[39m (err [36mas[39m any)[33m?[39m[33m.[39mmessage [33m||[39m err)[33m;[39m
    [31m[1m>[22m[39m[90m 36 |[39m             [36mawait[39m [33mAppDataSource[39m[33m.[39msynchronize([36mtrue[39m)[33m;[39m
     [90m    |[39m             [31m[1m^[22m[39m
     [90m 37 |[39m             [36mawait[39m [33mAppDataSource[39m[33m.[39mrunMigrations()[33m;[39m
     [90m 38 |[39m         }
     [90m 39 |[39m     }[0m

      at MysqlDriver.normalizeDatetimeFunction (node_modules/typeorm/src/driver/mysql/MysqlDriver.ts:1337:19)
      at MysqlDriver.normalizeDefault (node_modules/typeorm/src/driver/mysql/MysqlDriver.ts:810:25)
      at Function.createTableColumnOptions (node_modules/typeorm/src/schema-builder/util/TableUtils.ts:22:29)
      at node_modules/typeorm/src/schema-builder/table/Table.ts:408:32
          at Array.map (<anonymous>)
      at Function.create (node_modules/typeorm/src/schema-builder/table/Table.ts:407:18)
      at RdbmsSchemaBuilder.createNewTables (node_modules/src/schema-builder/RdbmsSchemaBuilder.ts:634:33)
      at async RdbmsSchemaBuilder.executeSchemaSyncOperationsInProperOrder (node_modules/src/schema-builder/RdbmsSchemaBuilder.ts:225:9)
      at async RdbmsSchemaBuilder.build (node_modules/src/schema-builder/RdbmsSchemaBuilder.ts:95:13)
      at async DataSource.synchronize (node_modules/src/data-source/DataSource.ts:340:9)
      at async initDataSource (tests/util/db/mariadb-datasource.mock.ts:36:13)
      at async Object.<anonymous> (tests/database/event.service.test.ts:66:5)

  ● eventService (mysql) › getRegisteredEventsFor returns events for user/guest sorted by startDate DESC

    QueryFailedError: Table 'surveyor_test.events' doesn't exist

      at Query.onResult (node_modules/typeorm/src/driver/mysql/MysqlQueryRunner.ts:247:33)
      at Query.execute (node_modules/mysql2/lib/commands/command.js:36:14)
      at PoolConnection.handlePacket (node_modules/mysql2/lib/base/connection.js:477:34)
      at PacketParser.onPacket (node_modules/mysql2/lib/base/connection.js:93:12)
      at PacketParser.executeStart (node_modules/mysql2/lib/packet_parser.js:75:16)
      at Socket.<anonymous> (node_modules/mysql2/lib/base/connection.js:100:25)

  ● eventService (mysql) › isEventFull - unlimited event

    TypeError: value.toUpperCase is not a function

    [0m [90m 34 |[39m         } [36mcatch[39m (err) {
     [90m 35 |[39m             console[33m.[39mwarn([32m'[tests] runMigrations failed on MariaDB, falling back to synchronize:'[39m[33m,[39m (err [36mas[39m any)[33m?[39m[33m.[39mmessage [33m||[39m err)[33m;[39m
    [31m[1m>[22m[39m[90m 36 |[39m             [36mawait[39m [33mAppDataSource[39m[33m.[39msynchronize([36mtrue[39m)[33m;[39m
     [90m    |[39m             [31m[1m^[22m[39m
     [90m 37 |[39m             [36mawait[39m [33mAppDataSource[39m[33m.[39mrunMigrations()[33m;[39m
     [90m 38 |[39m         }
     [90m 39 |[39m     }[0m

      at MysqlDriver.normalizeDatetimeFunction (node_modules/typeorm/src/driver/mysql/MysqlDriver.ts:1337:19)
      at MysqlDriver.normalizeDefault (node_modules/typeorm/src/driver/mysql/MysqlDriver.ts:810:25)
      at Function.createTableColumnOptions (node_modules/typeorm/src/schema-builder/util/TableUtils.ts:22:29)
      at node_modules/typeorm/src/schema-builder/table/Table.ts:408:32
          at Array.map (<anonymous>)
      at Function.create (node_modules/typeorm/src/schema-builder/table/Table.ts:407:18)
      at RdbmsSchemaBuilder.createNewTables (node_modules/src/schema-builder/RdbmsSchemaBuilder.ts:634:33)
      at async RdbmsSchemaBuilder.executeSchemaSyncOperationsInProperOrder (node_modules/src/schema-builder/RdbmsSchemaBuilder.ts:225:9)
      at async RdbmsSchemaBuilder.build (node_modules/src/schema-builder/RdbmsSchemaBuilder.ts:95:13)
      at async DataSource.synchronize (node_modules/src/data-source/DataSource.ts:340:9)
      at async initDataSource (tests/util/db/mariadb-datasource.mock.ts:36:13)
      at async Object.<anonymous> (tests/database/event.service.test.ts:66:5)

  ● eventService (mysql) › isEventFull - unlimited event

    QueryFailedError: Table 'surveyor_test.events' doesn't exist

      at Query.onResult (node_modules/typeorm/src/driver/mysql/MysqlQueryRunner.ts:247:33)
      at Query.execute (node_modules/mysql2/lib/commands/command.js:36:14)
      at PoolConnection.handlePacket (node_modules/mysql2/lib/base/connection.js:477:34)
      at PacketParser.onPacket (node_modules/mysql2/lib/base/connection.js:93:12)
      at PacketParser.executeStart (node_modules/mysql2/lib/packet_parser.js:75:16)
      at Socket.<anonymous> (node_modules/mysql2/lib/base/connection.js:100:25)

  ● eventService (mysql) › isEventFull - limited event with capacity

    TypeError: value.toUpperCase is not a function

    [0m [90m 34 |[39m         } [36mcatch[39m (err) {
     [90m 35 |[39m             console[33m.[39mwarn([32m'[tests] runMigrations failed on MariaDB, falling back to synchronize:'[39m[33m,[39m (err [36mas[39m any)[33m?[39m[33m.[39mmessage [33m||[39m err)[33m;[39m
    [31m[1m>[22m[39m[90m 36 |[39m             [36mawait[39m [33mAppDataSource[39m[33m.[39msynchronize([36mtrue[39m)[33m;[39m
     [90m    |[39m             [31m[1m^[22m[39m
     [90m 37 |[39m             [36mawait[39m [33mAppDataSource[39m[33m.[39mrunMigrations()[33m;[39m
     [90m 38 |[39m         }
     [90m 39 |[39m     }[0m

      at MysqlDriver.normalizeDatetimeFunction (node_modules/typeorm/src/driver/mysql/MysqlDriver.ts:1337:19)
      at MysqlDriver.normalizeDefault (node_modules/typeorm/src/driver/mysql/MysqlDriver.ts:810:25)
      at Function.createTableColumnOptions (node_modules/typeorm/src/schema-builder/util/TableUtils.ts:22:29)
      at node_modules/typeorm/src/schema-builder/table/Table.ts:408:32
          at Array.map (<anonymous>)
      at Function.create (node_modules/typeorm/src/schema-builder/table/Table.ts:407:18)
      at RdbmsSchemaBuilder.createNewTables (node_modules/src/schema-builder/RdbmsSchemaBuilder.ts:634:33)
      at async RdbmsSchemaBuilder.executeSchemaSyncOperationsInProperOrder (node_modules/src/schema-builder/RdbmsSchemaBuilder.ts:225:9)
      at async RdbmsSchemaBuilder.build (node_modules/src/schema-builder/RdbmsSchemaBuilder.ts:95:13)
      at async DataSource.synchronize (node_modules/src/data-source/DataSource.ts:340:9)
      at async initDataSource (tests/util/db/mariadb-datasource.mock.ts:36:13)
      at async Object.<anonymous> (tests/database/event.service.test.ts:66:5)

  ● eventService (mysql) › isEventFull - limited event with capacity

    QueryFailedError: Table 'surveyor_test.events' doesn't exist

      at Query.onResult (node_modules/typeorm/src/driver/mysql/MysqlQueryRunner.ts:247:33)
      at Query.execute (node_modules/mysql2/lib/commands/command.js:36:14)
      at PoolConnection.handlePacket (node_modules/mysql2/lib/base/connection.js:477:34)
      at PacketParser.onPacket (node_modules/mysql2/lib/base/connection.js:93:12)
      at PacketParser.executeStart (node_modules/mysql2/lib/packet_parser.js:75:16)
      at Socket.<anonymous> (node_modules/mysql2/lib/base/connection.js:100:25)

  ● eventService (mysql) › isEventFull - missing event throws

    TypeError: value.toUpperCase is not a function

    [0m [90m 34 |[39m         } [36mcatch[39m (err) {
     [90m 35 |[39m             console[33m.[39mwarn([32m'[tests] runMigrations failed on MariaDB, falling back to synchronize:'[39m[33m,[39m (err [36mas[39m any)[33m?[39m[33m.[39mmessage [33m||[39m err)[33m;[39m
    [31m[1m>[22m[39m[90m 36 |[39m             [36mawait[39m [33mAppDataSource[39m[33m.[39msynchronize([36mtrue[39m)[33m;[39m
     [90m    |[39m             [31m[1m^[22m[39m
     [90m 37 |[39m             [36mawait[39m [33mAppDataSource[39m[33m.[39mrunMigrations()[33m;[39m
     [90m 38 |[39m         }
     [90m 39 |[39m     }[0m

      at MysqlDriver.normalizeDatetimeFunction (node_modules/typeorm/src/driver/mysql/MysqlDriver.ts:1337:19)
      at MysqlDriver.normalizeDefault (node_modules/typeorm/src/driver/mysql/MysqlDriver.ts:810:25)
      at Function.createTableColumnOptions (node_modules/typeorm/src/schema-builder/util/TableUtils.ts:22:29)
      at node_modules/typeorm/src/schema-builder/table/Table.ts:408:32
          at Array.map (<anonymous>)
      at Function.create (node_modules/typeorm/src/schema-builder/table/Table.ts:407:18)
      at RdbmsSchemaBuilder.createNewTables (node_modules/src/schema-builder/RdbmsSchemaBuilder.ts:634:33)
      at async RdbmsSchemaBuilder.executeSchemaSyncOperationsInProperOrder (node_modules/src/schema-builder/RdbmsSchemaBuilder.ts:225:9)
      at async RdbmsSchemaBuilder.build (node_modules/src/schema-builder/RdbmsSchemaBuilder.ts:95:13)
      at async DataSource.synchronize (node_modules/src/data-source/DataSource.ts:340:9)
      at async initDataSource (tests/util/db/mariadb-datasource.mock.ts:36:13)
      at async Object.<anonymous> (tests/database/event.service.test.ts:66:5)

  ● eventService (mysql) › isEventFull - missing event throws

    QueryFailedError: Table 'surveyor_test.events' doesn't exist

      at Query.onResult (node_modules/typeorm/src/driver/mysql/MysqlQueryRunner.ts:247:33)
      at Query.execute (node_modules/mysql2/lib/commands/command.js:36:14)
      at PoolConnection.handlePacket (node_modules/mysql2/lib/base/connection.js:477:34)
      at PacketParser.onPacket (node_modules/mysql2/lib/base/connection.js:93:12)
      at PacketParser.executeStart (node_modules/mysql2/lib/packet_parser.js:75:16)
      at Socket.<anonymous> (node_modules/mysql2/lib/base/connection.js:100:25)

  ● eventService (mysql) › isRegisteredForEvent returns correct booleans

    TypeError: value.toUpperCase is not a function

    [0m [90m 34 |[39m         } [36mcatch[39m (err) {
     [90m 35 |[39m             console[33m.[39mwarn([32m'[tests] runMigrations failed on MariaDB, falling back to synchronize:'[39m[33m,[39m (err [36mas[39m any)[33m?[39m[33m.[39mmessage [33m||[39m err)[33m;[39m
    [31m[1m>[22m[39m[90m 36 |[39m             [36mawait[39m [33mAppDataSource[39m[33m.[39msynchronize([36mtrue[39m)[33m;[39m
     [90m    |[39m             [31m[1m^[22m[39m
     [90m 37 |[39m             [36mawait[39m [33mAppDataSource[39m[33m.[39mrunMigrations()[33m;[39m
     [90m 38 |[39m         }
     [90m 39 |[39m     }[0m

      at MysqlDriver.normalizeDatetimeFunction (node_modules/typeorm/src/driver/mysql/MysqlDriver.ts:1337:19)
      at MysqlDriver.normalizeDefault (node_modules/typeorm/src/driver/mysql/MysqlDriver.ts:810:25)
      at Function.createTableColumnOptions (node_modules/typeorm/src/schema-builder/util/TableUtils.ts:22:29)
      at node_modules/typeorm/src/schema-builder/table/Table.ts:408:32
          at Array.map (<anonymous>)
      at Function.create (node_modules/typeorm/src/schema-builder/table/Table.ts:407:18)
      at RdbmsSchemaBuilder.createNewTables (node_modules/src/schema-builder/RdbmsSchemaBuilder.ts:634:33)
      at async RdbmsSchemaBuilder.executeSchemaSyncOperationsInProperOrder (node_modules/src/schema-builder/RdbmsSchemaBuilder.ts:225:9)
      at async RdbmsSchemaBuilder.build (node_modules/src/schema-builder/RdbmsSchemaBuilder.ts:95:13)
      at async DataSource.synchronize (node_modules/src/data-source/DataSource.ts:340:9)
      at async initDataSource (tests/util/db/mariadb-datasource.mock.ts:36:13)
      at async Object.<anonymous> (tests/database/event.service.test.ts:66:5)

  ● eventService (mysql) › isRegisteredForEvent returns correct booleans

    QueryFailedError: Table 'surveyor_test.events' doesn't exist

      at Query.onResult (node_modules/typeorm/src/driver/mysql/MysqlQueryRunner.ts:247:33)
      at Query.execute (node_modules/mysql2/lib/commands/command.js:36:14)
      at PoolConnection.handlePacket (node_modules/mysql2/lib/base/connection.js:477:34)
      at PacketParser.onPacket (node_modules/mysql2/lib/base/connection.js:93:12)
      at PacketParser.executeStart (node_modules/mysql2/lib/packet_parser.js:75:16)
      at Socket.<anonymous> (node_modules/mysql2/lib/base/connection.js:100:25)

  ● eventService (mysql) › updates registration dates successfully

    TypeError: value.toUpperCase is not a function

    [0m [90m 34 |[39m         } [36mcatch[39m (err) {
     [90m 35 |[39m             console[33m.[39mwarn([32m'[tests] runMigrations failed on MariaDB, falling back to synchronize:'[39m[33m,[39m (err [36mas[39m any)[33m?[39m[33m.[39mmessage [33m||[39m err)[33m;[39m
    [31m[1m>[22m[39m[90m 36 |[39m             [36mawait[39m [33mAppDataSource[39m[33m.[39msynchronize([36mtrue[39m)[33m;[39m
     [90m    |[39m             [31m[1m^[22m[39m
     [90m 37 |[39m             [36mawait[39m [33mAppDataSource[39m[33m.[39mrunMigrations()[33m;[39m
     [90m 38 |[39m         }
     [90m 39 |[39m     }[0m

      at MysqlDriver.normalizeDatetimeFunction (node_modules/typeorm/src/driver/mysql/MysqlDriver.ts:1337:19)
      at MysqlDriver.normalizeDefault (node_modules/typeorm/src/driver/mysql/MysqlDriver.ts:810:25)
      at Function.createTableColumnOptions (node_modules/typeorm/src/schema-builder/util/TableUtils.ts:22:29)
      at node_modules/typeorm/src/schema-builder/table/Table.ts:408:32
          at Array.map (<anonymous>)
      at Function.create (node_modules/typeorm/src/schema-builder/table/Table.ts:407:18)
      at RdbmsSchemaBuilder.createNewTables (node_modules/src/schema-builder/RdbmsSchemaBuilder.ts:634:33)
      at async RdbmsSchemaBuilder.executeSchemaSyncOperationsInProperOrder (node_modules/src/schema-builder/RdbmsSchemaBuilder.ts:225:9)
      at async RdbmsSchemaBuilder.build (node_modules/src/schema-builder/RdbmsSchemaBuilder.ts:95:13)
      at async DataSource.synchronize (node_modules/src/data-source/DataSource.ts:340:9)
      at async initDataSource (tests/util/db/mariadb-datasource.mock.ts:36:13)
      at async Object.<anonymous> (tests/database/event.service.test.ts:66:5)

  ● eventService (mysql) › updates registration dates successfully

    QueryFailedError: Table 'surveyor_test.events' doesn't exist

      at Query.onResult (node_modules/typeorm/src/driver/mysql/MysqlQueryRunner.ts:247:33)
      at Query.execute (node_modules/mysql2/lib/commands/command.js:36:14)
      at PoolConnection.handlePacket (node_modules/mysql2/lib/base/connection.js:477:34)
      at PacketParser.onPacket (node_modules/mysql2/lib/base/connection.js:93:12)
      at PacketParser.executeStart (node_modules/mysql2/lib/packet_parser.js:75:16)
      at Socket.<anonymous> (node_modules/mysql2/lib/base/connection.js:100:25)

  ● eventService (mysql) › throws error for non-existent registration

    TypeError: value.toUpperCase is not a function

    [0m [90m 34 |[39m         } [36mcatch[39m (err) {
     [90m 35 |[39m             console[33m.[39mwarn([32m'[tests] runMigrations failed on MariaDB, falling back to synchronize:'[39m[33m,[39m (err [36mas[39m any)[33m?[39m[33m.[39mmessage [33m||[39m err)[33m;[39m
    [31m[1m>[22m[39m[90m 36 |[39m             [36mawait[39m [33mAppDataSource[39m[33m.[39msynchronize([36mtrue[39m)[33m;[39m
     [90m    |[39m             [31m[1m^[22m[39m
     [90m 37 |[39m             [36mawait[39m [33mAppDataSource[39m[33m.[39mrunMigrations()[33m;[39m
     [90m 38 |[39m         }
     [90m 39 |[39m     }[0m

      at MysqlDriver.normalizeDatetimeFunction (node_modules/typeorm/src/driver/mysql/MysqlDriver.ts:1337:19)
      at MysqlDriver.normalizeDefault (node_modules/typeorm/src/driver/mysql/MysqlDriver.ts:810:25)
      at Function.createTableColumnOptions (node_modules/typeorm/src/schema-builder/util/TableUtils.ts:22:29)
      at node_modules/typeorm/src/schema-builder/table/Table.ts:408:32
          at Array.map (<anonymous>)
      at Function.create (node_modules/typeorm/src/schema-builder/table/Table.ts:407:18)
      at RdbmsSchemaBuilder.createNewTables (node_modules/src/schema-builder/RdbmsSchemaBuilder.ts:634:33)
      at async RdbmsSchemaBuilder.executeSchemaSyncOperationsInProperOrder (node_modules/src/schema-builder/RdbmsSchemaBuilder.ts:225:9)
      at async RdbmsSchemaBuilder.build (node_modules/src/schema-builder/RdbmsSchemaBuilder.ts:95:13)
      at async DataSource.synchronize (node_modules/src/data-source/DataSource.ts:340:9)
      at async initDataSource (tests/util/db/mariadb-datasource.mock.ts:36:13)
      at async Object.<anonymous> (tests/database/event.service.test.ts:66:5)

  ● eventService (mysql) › throws error for non-existent registration

    QueryFailedError: Table 'surveyor_test.events' doesn't exist

      at Query.onResult (node_modules/typeorm/src/driver/mysql/MysqlQueryRunner.ts:247:33)
      at Query.execute (node_modules/mysql2/lib/commands/command.js:36:14)
      at PoolConnection.handlePacket (node_modules/mysql2/lib/base/connection.js:477:34)
      at PacketParser.onPacket (node_modules/mysql2/lib/base/connection.js:93:12)
      at PacketParser.executeStart (node_modules/mysql2/lib/packet_parser.js:75:16)
      at Socket.<anonymous> (node_modules/mysql2/lib/base/connection.js:100:25)

FAIL db tests/database/user.service.test.ts
  ● Console

    console.log
      [dotenv@17.2.3] injecting env (6) from tests/.env.test -- tip: 🔑 add access controls to secrets: https://dotenvx.com/ops

      at _log (node_modules/dotenv/lib/main.js:142:11)

    console.log
      [4mMigration "AddRequirementOverrides1753400000000" failed, error: Table 'activity_plan_requirement_overrides' already exists[24m

      at Function.log (node_modules/src/platform/PlatformTools.ts:260:17)

    console.warn
      [tests] runMigrations failed on MariaDB, falling back to synchronize: Table 'activity_plan_requirement_overrides' already exists

    [0m [90m 33 |[39m             [36mawait[39m [33mAppDataSource[39m[33m.[39mrunMigrations()[33m;[39m
     [90m 34 |[39m         } [36mcatch[39m (err) {
    [31m[1m>[22m[39m[90m 35 |[39m             console[33m.[39mwarn([32m'[tests] runMigrations failed on MariaDB, falling back to synchronize:'[39m[33m,[39m (err [36mas[39m any)[33m?[39m[33m.[39mmessage [33m||[39m err)[33m;[39m
     [90m    |[39m                     [31m[1m^[22m[39m
     [90m 36 |[39m             [36mawait[39m [33mAppDataSource[39m[33m.[39msynchronize([36mtrue[39m)[33m;[39m
     [90m 37 |[39m             [36mawait[39m [33mAppDataSource[39m[33m.[39mrunMigrations()[33m;[39m
     [90m 38 |[39m         }[0m

      at initDataSource (tests/util/db/mariadb-datasource.mock.ts:35:21)
      at async Object.<anonymous> (tests/database/user.service.test.ts:65:5)

  ● User registration, activation & password reset › registers a user with hashed password and inactive status

    TypeError: value.toUpperCase is not a function

    [0m [90m 34 |[39m         } [36mcatch[39m (err) {
     [90m 35 |[39m             console[33m.[39mwarn([32m'[tests] runMigrations failed on MariaDB, falling back to synchronize:'[39m[33m,[39m (err [36mas[39m any)[33m?[39m[33m.[39mmessage [33m||[39m err)[33m;[39m
    [31m[1m>[22m[39m[90m 36 |[39m             [36mawait[39m [33mAppDataSource[39m[33m.[39msynchronize([36mtrue[39m)[33m;[39m
     [90m    |[39m             [31m[1m^[22m[39m
     [90m 37 |[39m             [36mawait[39m [33mAppDataSource[39m[33m.[39mrunMigrations()[33m;[39m
     [90m 38 |[39m         }
     [90m 39 |[39m     }[0m

      at MysqlDriver.normalizeDatetimeFunction (node_modules/typeorm/src/driver/mysql/MysqlDriver.ts:1337:19)
      at MysqlDriver.normalizeDefault (node_modules/typeorm/src/driver/mysql/MysqlDriver.ts:810:25)
      at Function.createTableColumnOptions (node_modules/typeorm/src/schema-builder/util/TableUtils.ts:22:29)
      at node_modules/typeorm/src/schema-builder/table/Table.ts:408:32
          at Array.map (<anonymous>)
      at Function.create (node_modules/typeorm/src/schema-builder/table/Table.ts:407:18)
      at RdbmsSchemaBuilder.createNewTables (node_modules/src/schema-builder/RdbmsSchemaBuilder.ts:634:33)
      at async RdbmsSchemaBuilder.executeSchemaSyncOperationsInProperOrder (node_modules/src/schema-builder/RdbmsSchemaBuilder.ts:225:9)
      at async RdbmsSchemaBuilder.build (node_modules/src/schema-builder/RdbmsSchemaBuilder.ts:95:13)
      at async DataSource.synchronize (node_modules/src/data-source/DataSource.ts:340:9)
      at async initDataSource (tests/util/db/mariadb-datasource.mock.ts:36:13)
      at async Object.<anonymous> (tests/database/user.service.test.ts:65:5)

  ● User registration, activation & password reset › registers a user with hashed password and inactive status

    QueryFailedError: Table 'surveyor_test.roles' doesn't exist

      at Query.onResult (node_modules/typeorm/src/driver/mysql/MysqlQueryRunner.ts:247:33)
      at Query.execute (node_modules/mysql2/lib/commands/command.js:36:14)
      at PoolConnection.handlePacket (node_modules/mysql2/lib/base/connection.js:477:34)
      at PacketParser.onPacket (node_modules/mysql2/lib/base/connection.js:93:12)
      at PacketParser.executeStart (node_modules/mysql2/lib/packet_parser.js:75:16)
      at Socket.<anonymous> (node_modules/mysql2/lib/base/connection.js:100:25)

  ● User registration, activation & password reset › generates/validates activation token and activates the user

    TypeError: value.toUpperCase is not a function

    [0m [90m 34 |[39m         } [36mcatch[39m (err) {
     [90m 35 |[39m             console[33m.[39mwarn([32m'[tests] runMigrations failed on MariaDB, falling back to synchronize:'[39m[33m,[39m (err [36mas[39m any)[33m?[39m[33m.[39mmessage [33m||[39m err)[33m;[39m
    [31m[1m>[22m[39m[90m 36 |[39m             [36mawait[39m [33mAppDataSource[39m[33m.[39msynchronize([36mtrue[39m)[33m;[39m
     [90m    |[39m             [31m[1m^[22m[39m
     [90m 37 |[39m             [36mawait[39m [33mAppDataSource[39m[33m.[39mrunMigrations()[33m;[39m
     [90m 38 |[39m         }
     [90m 39 |[39m     }[0m

      at MysqlDriver.normalizeDatetimeFunction (node_modules/typeorm/src/driver/mysql/MysqlDriver.ts:1337:19)
      at MysqlDriver.normalizeDefault (node_modules/typeorm/src/driver/mysql/MysqlDriver.ts:810:25)
      at Function.createTableColumnOptions (node_modules/typeorm/src/schema-builder/util/TableUtils.ts:22:29)
      at node_modules/typeorm/src/schema-builder/table/Table.ts:408:32
          at Array.map (<anonymous>)
      at Function.create (node_modules/typeorm/src/schema-builder/table/Table.ts:407:18)
      at RdbmsSchemaBuilder.createNewTables (node_modules/src/schema-builder/RdbmsSchemaBuilder.ts:634:33)
      at async RdbmsSchemaBuilder.executeSchemaSyncOperationsInProperOrder (node_modules/src/schema-builder/RdbmsSchemaBuilder.ts:225:9)
      at async RdbmsSchemaBuilder.build (node_modules/src/schema-builder/RdbmsSchemaBuilder.ts:95:13)
      at async DataSource.synchronize (node_modules/src/data-source/DataSource.ts:340:9)
      at async initDataSource (tests/util/db/mariadb-datasource.mock.ts:36:13)
      at async Object.<anonymous> (tests/database/user.service.test.ts:65:5)

  ● User registration, activation & password reset › generates/validates activation token and activates the user

    QueryFailedError: Table 'surveyor_test.roles' doesn't exist

      at Query.onResult (node_modules/typeorm/src/driver/mysql/MysqlQueryRunner.ts:247:33)
      at Query.execute (node_modules/mysql2/lib/commands/command.js:36:14)
      at PoolConnection.handlePacket (node_modules/mysql2/lib/base/connection.js:477:34)
      at PacketParser.onPacket (node_modules/mysql2/lib/base/connection.js:93:12)
      at PacketParser.executeStart (node_modules/mysql2/lib/packet_parser.js:75:16)
      at Socket.<anonymous> (node_modules/mysql2/lib/base/connection.js:100:25)

  ● User registration, activation & password reset › handles password reset token lifecycle and password change

    TypeError: value.toUpperCase is not a function

    [0m [90m 34 |[39m         } [36mcatch[39m (err) {
     [90m 35 |[39m             console[33m.[39mwarn([32m'[tests] runMigrations failed on MariaDB, falling back to synchronize:'[39m[33m,[39m (err [36mas[39m any)[33m?[39m[33m.[39mmessage [33m||[39m err)[33m;[39m
    [31m[1m>[22m[39m[90m 36 |[39m             [36mawait[39m [33mAppDataSource[39m[33m.[39msynchronize([36mtrue[39m)[33m;[39m
     [90m    |[39m             [31m[1m^[22m[39m
     [90m 37 |[39m             [36mawait[39m [33mAppDataSource[39m[33m.[39mrunMigrations()[33m;[39m
     [90m 38 |[39m         }
     [90m 39 |[39m     }[0m

      at MysqlDriver.normalizeDatetimeFunction (node_modules/typeorm/src/driver/mysql/MysqlDriver.ts:1337:19)
      at MysqlDriver.normalizeDefault (node_modules/typeorm/src/driver/mysql/MysqlDriver.ts:810:25)
      at Function.createTableColumnOptions (node_modules/typeorm/src/schema-builder/util/TableUtils.ts:22:29)
      at node_modules/typeorm/src/schema-builder/table/Table.ts:408:32
          at Array.map (<anonymous>)
      at Function.create (node_modules/typeorm/src/schema-builder/table/Table.ts:407:18)
      at RdbmsSchemaBuilder.createNewTables (node_modules/src/schema-builder/RdbmsSchemaBuilder.ts:634:33)
      at async RdbmsSchemaBuilder.executeSchemaSyncOperationsInProperOrder (node_modules/src/schema-builder/RdbmsSchemaBuilder.ts:225:9)
      at async RdbmsSchemaBuilder.build (node_modules/src/schema-builder/RdbmsSchemaBuilder.ts:95:13)
      at async DataSource.synchronize (node_modules/src/data-source/DataSource.ts:340:9)
      at async initDataSource (tests/util/db/mariadb-datasource.mock.ts:36:13)
      at async Object.<anonymous> (tests/database/user.service.test.ts:65:5)

  ● User registration, activation & password reset › handles password reset token lifecycle and password change

    QueryFailedError: Table 'surveyor_test.roles' doesn't exist

      at Query.onResult (node_modules/typeorm/src/driver/mysql/MysqlQueryRunner.ts:247:33)
      at Query.execute (node_modules/mysql2/lib/commands/command.js:36:14)
      at PoolConnection.handlePacket (node_modules/mysql2/lib/base/connection.js:477:34)
      at PacketParser.onPacket (node_modules/mysql2/lib/base/connection.js:93:12)
      at PacketParser.executeStart (node_modules/mysql2/lib/packet_parser.js:75:16)
      at Socket.<anonymous> (node_modules/mysql2/lib/base/connection.js:100:25)

  ● Guests & guest links › creates a guest, links it to an entity, fetches via token, and reads internals

    TypeError: value.toUpperCase is not a function

    [0m [90m 34 |[39m         } [36mcatch[39m (err) {
     [90m 35 |[39m             console[33m.[39mwarn([32m'[tests] runMigrations failed on MariaDB, falling back to synchronize:'[39m[33m,[39m (err [36mas[39m any)[33m?[39m[33m.[39mmessage [33m||[39m err)[33m;[39m
    [31m[1m>[22m[39m[90m 36 |[39m             [36mawait[39m [33mAppDataSource[39m[33m.[39msynchronize([36mtrue[39m)[33m;[39m
     [90m    |[39m             [31m[1m^[22m[39m
     [90m 37 |[39m             [36mawait[39m [33mAppDataSource[39m[33m.[39mrunMigrations()[33m;[39m
     [90m 38 |[39m         }
     [90m 39 |[39m     }[0m

      at MysqlDriver.normalizeDatetimeFunction (node_modules/typeorm/src/driver/mysql/MysqlDriver.ts:1337:19)
      at MysqlDriver.normalizeDefault (node_modules/typeorm/src/driver/mysql/MysqlDriver.ts:810:25)
      at Function.createTableColumnOptions (node_modules/typeorm/src/schema-builder/util/TableUtils.ts:22:29)
      at node_modules/typeorm/src/schema-builder/table/Table.ts:408:32
          at Array.map (<anonymous>)
      at Function.create (node_modules/typeorm/src/schema-builder/table/Table.ts:407:18)
      at RdbmsSchemaBuilder.createNewTables (node_modules/src/schema-builder/RdbmsSchemaBuilder.ts:634:33)
      at async RdbmsSchemaBuilder.executeSchemaSyncOperationsInProperOrder (node_modules/src/schema-builder/RdbmsSchemaBuilder.ts:225:9)
      at async RdbmsSchemaBuilder.build (node_modules/src/schema-builder/RdbmsSchemaBuilder.ts:95:13)
      at async DataSource.synchronize (node_modules/src/data-source/DataSource.ts:340:9)
      at async initDataSource (tests/util/db/mariadb-datasource.mock.ts:36:13)
      at async Object.<anonymous> (tests/database/user.service.test.ts:65:5)

  ● Guests & guest links › creates a guest, links it to an entity, fetches via token, and reads internals

    QueryFailedError: Table 'surveyor_test.roles' doesn't exist

      at Query.onResult (node_modules/typeorm/src/driver/mysql/MysqlQueryRunner.ts:247:33)
      at Query.execute (node_modules/mysql2/lib/commands/command.js:36:14)
      at PoolConnection.handlePacket (node_modules/mysql2/lib/base/connection.js:477:34)
      at PacketParser.onPacket (node_modules/mysql2/lib/base/connection.js:93:12)
      at PacketParser.executeStart (node_modules/mysql2/lib/packet_parser.js:75:16)
      at Socket.<anonymous> (node_modules/mysql2/lib/base/connection.js:100:25)

  ● Guests & guest links › registerGuest creates a guest and link in one step

    TypeError: value.toUpperCase is not a function

    [0m [90m 34 |[39m         } [36mcatch[39m (err) {
     [90m 35 |[39m             console[33m.[39mwarn([32m'[tests] runMigrations failed on MariaDB, falling back to synchronize:'[39m[33m,[39m (err [36mas[39m any)[33m?[39m[33m.[39mmessage [33m||[39m err)[33m;[39m
    [31m[1m>[22m[39m[90m 36 |[39m             [36mawait[39m [33mAppDataSource[39m[33m.[39msynchronize([36mtrue[39m)[33m;[39m
     [90m    |[39m             [31m[1m^[22m[39m
     [90m 37 |[39m             [36mawait[39m [33mAppDataSource[39m[33m.[39mrunMigrations()[33m;[39m
     [90m 38 |[39m         }
     [90m 39 |[39m     }[0m

      at MysqlDriver.normalizeDatetimeFunction (node_modules/typeorm/src/driver/mysql/MysqlDriver.ts:1337:19)
      at MysqlDriver.normalizeDefault (node_modules/typeorm/src/driver/mysql/MysqlDriver.ts:810:25)
      at Function.createTableColumnOptions (node_modules/typeorm/src/schema-builder/util/TableUtils.ts:22:29)
      at node_modules/typeorm/src/schema-builder/table/Table.ts:408:32
          at Array.map (<anonymous>)
      at Function.create (node_modules/typeorm/src/schema-builder/table/Table.ts:407:18)
      at RdbmsSchemaBuilder.createNewTables (node_modules/src/schema-builder/RdbmsSchemaBuilder.ts:634:33)
      at async RdbmsSchemaBuilder.executeSchemaSyncOperationsInProperOrder (node_modules/src/schema-builder/RdbmsSchemaBuilder.ts:225:9)
      at async RdbmsSchemaBuilder.build (node_modules/src/schema-builder/RdbmsSchemaBuilder.ts:95:13)
      at async DataSource.synchronize (node_modules/src/data-source/DataSource.ts:340:9)
      at async initDataSource (tests/util/db/mariadb-datasource.mock.ts:36:13)
      at async Object.<anonymous> (tests/database/user.service.test.ts:65:5)

  ● Guests & guest links › registerGuest creates a guest and link in one step

    QueryFailedError: Table 'surveyor_test.roles' doesn't exist

      at Query.onResult (node_modules/typeorm/src/driver/mysql/MysqlQueryRunner.ts:247:33)
      at Query.execute (node_modules/mysql2/lib/commands/command.js:36:14)
      at PoolConnection.handlePacket (node_modules/mysql2/lib/base/connection.js:477:34)
      at PacketParser.onPacket (node_modules/mysql2/lib/base/connection.js:93:12)
      at PacketParser.executeStart (node_modules/mysql2/lib/packet_parser.js:75:16)
      at Socket.<anonymous> (node_modules/mysql2/lib/base/connection.js:100:25)

  ● Roles › returns all roles

    TypeError: value.toUpperCase is not a function

    [0m [90m 34 |[39m         } [36mcatch[39m (err) {
     [90m 35 |[39m             console[33m.[39mwarn([32m'[tests] runMigrations failed on MariaDB, falling back to synchronize:'[39m[33m,[39m (err [36mas[39m any)[33m?[39m[33m.[39mmessage [33m||[39m err)[33m;[39m
    [31m[1m>[22m[39m[90m 36 |[39m             [36mawait[39m [33mAppDataSource[39m[33m.[39msynchronize([36mtrue[39m)[33m;[39m
     [90m    |[39m             [31m[1m^[22m[39m
     [90m 37 |[39m             [36mawait[39m [33mAppDataSource[39m[33m.[39mrunMigrations()[33m;[39m
     [90m 38 |[39m         }
     [90m 39 |[39m     }[0m

      at MysqlDriver.normalizeDatetimeFunction (node_modules/typeorm/src/driver/mysql/MysqlDriver.ts:1337:19)
      at MysqlDriver.normalizeDefault (node_modules/typeorm/src/driver/mysql/MysqlDriver.ts:810:25)
      at Function.createTableColumnOptions (node_modules/typeorm/src/schema-builder/util/TableUtils.ts:22:29)
      at node_modules/typeorm/src/schema-builder/table/Table.ts:408:32
          at Array.map (<anonymous>)
      at Function.create (node_modules/typeorm/src/schema-builder/table/Table.ts:407:18)
      at RdbmsSchemaBuilder.createNewTables (node_modules/src/schema-builder/RdbmsSchemaBuilder.ts:634:33)
      at async RdbmsSchemaBuilder.executeSchemaSyncOperationsInProperOrder (node_modules/src/schema-builder/RdbmsSchemaBuilder.ts:225:9)
      at async RdbmsSchemaBuilder.build (node_modules/src/schema-builder/RdbmsSchemaBuilder.ts:95:13)
      at async DataSource.synchronize (node_modules/src/data-source/DataSource.ts:340:9)
      at async initDataSource (tests/util/db/mariadb-datasource.mock.ts:36:13)
      at async Object.<anonymous> (tests/database/user.service.test.ts:65:5)

  ● Roles › returns all roles

    QueryFailedError: Table 'surveyor_test.roles' doesn't exist

      at Query.onResult (node_modules/typeorm/src/driver/mysql/MysqlQueryRunner.ts:247:33)
      at Query.execute (node_modules/mysql2/lib/commands/command.js:36:14)
      at PoolConnection.handlePacket (node_modules/mysql2/lib/base/connection.js:477:34)
      at PacketParser.onPacket (node_modules/mysql2/lib/base/connection.js:93:12)
      at PacketParser.executeStart (node_modules/mysql2/lib/packet_parser.js:75:16)
      at Socket.<anonymous> (node_modules/mysql2/lib/base/connection.js:100:25)

  ● OIDC / SSO › finds by exact OIDC pair, links by email, and JIT-provisions when not found

    TypeError: value.toUpperCase is not a function

    [0m [90m 34 |[39m         } [36mcatch[39m (err) {
     [90m 35 |[39m             console[33m.[39mwarn([32m'[tests] runMigrations failed on MariaDB, falling back to synchronize:'[39m[33m,[39m (err [36mas[39m any)[33m?[39m[33m.[39mmessage [33m||[39m err)[33m;[39m
    [31m[1m>[22m[39m[90m 36 |[39m             [36mawait[39m [33mAppDataSource[39m[33m.[39msynchronize([36mtrue[39m)[33m;[39m
     [90m    |[39m             [31m[1m^[22m[39m
     [90m 37 |[39m             [36mawait[39m [33mAppDataSource[39m[33m.[39mrunMigrations()[33m;[39m
     [90m 38 |[39m         }
     [90m 39 |[39m     }[0m

      at MysqlDriver.normalizeDatetimeFunction (node_modules/typeorm/src/driver/mysql/MysqlDriver.ts:1337:19)
      at MysqlDriver.normalizeDefault (node_modules/typeorm/src/driver/mysql/MysqlDriver.ts:810:25)
      at Function.createTableColumnOptions (node_modules/typeorm/src/schema-builder/util/TableUtils.ts:22:29)
      at node_modules/typeorm/src/schema-builder/table/Table.ts:408:32
          at Array.map (<anonymous>)
      at Function.create (node_modules/typeorm/src/schema-builder/table/Table.ts:407:18)
      at RdbmsSchemaBuilder.createNewTables (node_modules/src/schema-builder/RdbmsSchemaBuilder.ts:634:33)
      at async RdbmsSchemaBuilder.executeSchemaSyncOperationsInProperOrder (node_modules/src/schema-builder/RdbmsSchemaBuilder.ts:225:9)
      at async RdbmsSchemaBuilder.build (node_modules/src/schema-builder/RdbmsSchemaBuilder.ts:95:13)
      at async DataSource.synchronize (node_modules/src/data-source/DataSource.ts:340:9)
      at async initDataSource (tests/util/db/mariadb-datasource.mock.ts:36:13)
      at async Object.<anonymous> (tests/database/user.service.test.ts:65:5)

  ● OIDC / SSO › finds by exact OIDC pair, links by email, and JIT-provisions when not found

    QueryFailedError: Table 'surveyor_test.roles' doesn't exist

      at Query.onResult (node_modules/typeorm/src/driver/mysql/MysqlQueryRunner.ts:247:33)
      at Query.execute (node_modules/mysql2/lib/commands/command.js:36:14)
      at PoolConnection.handlePacket (node_modules/mysql2/lib/base/connection.js:477:34)
      at PacketParser.onPacket (node_modules/mysql2/lib/base/connection.js:93:12)
      at PacketParser.executeStart (node_modules/mysql2/lib/packet_parser.js:75:16)
      at Socket.<anonymous> (node_modules/mysql2/lib/base/connection.js:100:25)

  ● OIDC / SSO › does not link by email when option disabled; provisions instead

    TypeError: value.toUpperCase is not a function

    [0m [90m 34 |[39m         } [36mcatch[39m (err) {
     [90m 35 |[39m             console[33m.[39mwarn([32m'[tests] runMigrations failed on MariaDB, falling back to synchronize:'[39m[33m,[39m (err [36mas[39m any)[33m?[39m[33m.[39mmessage [33m||[39m err)[33m;[39m
    [31m[1m>[22m[39m[90m 36 |[39m             [36mawait[39m [33mAppDataSource[39m[33m.[39msynchronize([36mtrue[39m)[33m;[39m
     [90m    |[39m             [31m[1m^[22m[39m
     [90m 37 |[39m             [36mawait[39m [33mAppDataSource[39m[33m.[39mrunMigrations()[33m;[39m
     [90m 38 |[39m         }
     [90m 39 |[39m     }[0m

      at MysqlDriver.normalizeDatetimeFunction (node_modules/typeorm/src/driver/mysql/MysqlDriver.ts:1337:19)
      at MysqlDriver.normalizeDefault (node_modules/typeorm/src/driver/mysql/MysqlDriver.ts:810:25)
      at Function.createTableColumnOptions (node_modules/typeorm/src/schema-builder/util/TableUtils.ts:22:29)
      at node_modules/typeorm/src/schema-builder/table/Table.ts:408:32
          at Array.map (<anonymous>)
      at Function.create (node_modules/typeorm/src/schema-builder/table/Table.ts:407:18)
      at RdbmsSchemaBuilder.createNewTables (node_modules/src/schema-builder/RdbmsSchemaBuilder.ts:634:33)
      at async RdbmsSchemaBuilder.executeSchemaSyncOperationsInProperOrder (node_modules/src/schema-builder/RdbmsSchemaBuilder.ts:225:9)
      at async RdbmsSchemaBuilder.build (node_modules/src/schema-builder/RdbmsSchemaBuilder.ts:95:13)
      at async DataSource.synchronize (node_modules/src/data-source/DataSource.ts:340:9)
      at async initDataSource (tests/util/db/mariadb-datasource.mock.ts:36:13)
      at async Object.<anonymous> (tests/database/user.service.test.ts:65:5)

  ● OIDC / SSO › does not link by email when option disabled; provisions instead

    QueryFailedError: Table 'surveyor_test.roles' doesn't exist

      at Query.onResult (node_modules/typeorm/src/driver/mysql/MysqlQueryRunner.ts:247:33)
      at Query.execute (node_modules/mysql2/lib/commands/command.js:36:14)
      at PoolConnection.handlePacket (node_modules/mysql2/lib/base/connection.js:477:34)
      at PacketParser.onPacket (node_modules/mysql2/lib/base/connection.js:93:12)
      at PacketParser.executeStart (node_modules/mysql2/lib/packet_parser.js:75:16)
      at Socket.<anonymous> (node_modules/mysql2/lib/base/connection.js:100:25)

FAIL db tests/database/packing.service.test.ts
  ● Console

    console.log
      [dotenv@17.2.3] injecting env (6) from tests/.env.test -- tip: ⚙️  write to custom object with { processEnv: myObject }

      at _log (node_modules/dotenv/lib/main.js:142:11)

    console.log
      [4mMigration "AddCheckSlotRoleTrigger1752829591073" failed, error: Table 'surveyor_test.activity_assignment_roles' doesn't exist[24m

      at Function.log (node_modules/src/platform/PlatformTools.ts:260:17)

    console.warn
      [tests] runMigrations failed on MariaDB, falling back to synchronize: Table 'surveyor_test.activity_assignment_roles' doesn't exist

    [0m [90m 33 |[39m             [36mawait[39m [33mAppDataSource[39m[33m.[39mrunMigrations()[33m;[39m
     [90m 34 |[39m         } [36mcatch[39m (err) {
    [31m[1m>[22m[39m[90m 35 |[39m             console[33m.[39mwarn([32m'[tests] runMigrations failed on MariaDB, falling back to synchronize:'[39m[33m,[39m (err [36mas[39m any)[33m?[39m[33m.[39mmessage [33m||[39m err)[33m;[39m
     [90m    |[39m                     [31m[1m^[22m[39m
     [90m 36 |[39m             [36mawait[39m [33mAppDataSource[39m[33m.[39msynchronize([36mtrue[39m)[33m;[39m
     [90m 37 |[39m             [36mawait[39m [33mAppDataSource[39m[33m.[39mrunMigrations()[33m;[39m
     [90m 38 |[39m         }[0m

      at initDataSource (tests/util/db/mariadb-datasource.mock.ts:35:21)
      at async Object.<anonymous> (tests/database/packing.service.test.ts:69:5)

  ● packingService (mysql) › creates/updates/deletes a PackingList; fetch by id and user

    TypeError: value.toUpperCase is not a function

    [0m [90m 34 |[39m         } [36mcatch[39m (err) {
     [90m 35 |[39m             console[33m.[39mwarn([32m'[tests] runMigrations failed on MariaDB, falling back to synchronize:'[39m[33m,[39m (err [36mas[39m any)[33m?[39m[33m.[39mmessage [33m||[39m err)[33m;[39m
    [31m[1m>[22m[39m[90m 36 |[39m             [36mawait[39m [33mAppDataSource[39m[33m.[39msynchronize([36mtrue[39m)[33m;[39m
     [90m    |[39m             [31m[1m^[22m[39m
     [90m 37 |[39m             [36mawait[39m [33mAppDataSource[39m[33m.[39mrunMigrations()[33m;[39m
     [90m 38 |[39m         }
     [90m 39 |[39m     }[0m

      at MysqlDriver.normalizeDatetimeFunction (node_modules/typeorm/src/driver/mysql/MysqlDriver.ts:1337:19)
      at MysqlDriver.normalizeDefault (node_modules/typeorm/src/driver/mysql/MysqlDriver.ts:810:25)
      at Function.createTableColumnOptions (node_modules/typeorm/src/schema-builder/util/TableUtils.ts:22:29)
      at node_modules/typeorm/src/schema-builder/table/Table.ts:408:32
          at Array.map (<anonymous>)
      at Function.create (node_modules/typeorm/src/schema-builder/table/Table.ts:407:18)
      at RdbmsSchemaBuilder.createNewTables (node_modules/src/schema-builder/RdbmsSchemaBuilder.ts:634:33)
      at async RdbmsSchemaBuilder.executeSchemaSyncOperationsInProperOrder (node_modules/src/schema-builder/RdbmsSchemaBuilder.ts:225:9)
      at async RdbmsSchemaBuilder.build (node_modules/src/schema-builder/RdbmsSchemaBuilder.ts:95:13)
      at async DataSource.synchronize (node_modules/src/data-source/DataSource.ts:340:9)
      at async initDataSource (tests/util/db/mariadb-datasource.mock.ts:36:13)
      at async Object.<anonymous> (tests/database/packing.service.test.ts:69:5)

  ● packingService (mysql) › creates/updates/deletes a PackingList; fetch by id and user

    QueryFailedError: Table 'surveyor_test.packing_assignments' doesn't exist

      at Query.onResult (node_modules/typeorm/src/driver/mysql/MysqlQueryRunner.ts:247:33)
      at Query.execute (node_modules/mysql2/lib/commands/command.js:36:14)
      at PoolConnection.handlePacket (node_modules/mysql2/lib/base/connection.js:477:34)
      at PacketParser.onPacket (node_modules/mysql2/lib/base/connection.js:93:12)
      at PacketParser.executeStart (node_modules/mysql2/lib/packet_parser.js:75:16)
      at Socket.<anonymous> (node_modules/mysql2/lib/base/connection.js:100:25)

  ● packingService (mysql) › transactional create (list+items), item CRUD, reorder, counts, last number, requiredByAll

    TypeError: value.toUpperCase is not a function

    [0m [90m 34 |[39m         } [36mcatch[39m (err) {
     [90m 35 |[39m             console[33m.[39mwarn([32m'[tests] runMigrations failed on MariaDB, falling back to synchronize:'[39m[33m,[39m (err [36mas[39m any)[33m?[39m[33m.[39mmessage [33m||[39m err)[33m;[39m
    [31m[1m>[22m[39m[90m 36 |[39m             [36mawait[39m [33mAppDataSource[39m[33m.[39msynchronize([36mtrue[39m)[33m;[39m
     [90m    |[39m             [31m[1m^[22m[39m
     [90m 37 |[39m             [36mawait[39m [33mAppDataSource[39m[33m.[39mrunMigrations()[33m;[39m
     [90m 38 |[39m         }
     [90m 39 |[39m     }[0m

      at MysqlDriver.normalizeDatetimeFunction (node_modules/typeorm/src/driver/mysql/MysqlDriver.ts:1337:19)
      at MysqlDriver.normalizeDefault (node_modules/typeorm/src/driver/mysql/MysqlDriver.ts:810:25)
      at Function.createTableColumnOptions (node_modules/typeorm/src/schema-builder/util/TableUtils.ts:22:29)
      at node_modules/typeorm/src/schema-builder/table/Table.ts:408:32
          at Array.map (<anonymous>)
      at Function.create (node_modules/typeorm/src/schema-builder/table/Table.ts:407:18)
      at RdbmsSchemaBuilder.createNewTables (node_modules/src/schema-builder/RdbmsSchemaBuilder.ts:634:33)
      at async RdbmsSchemaBuilder.executeSchemaSyncOperationsInProperOrder (node_modules/src/schema-builder/RdbmsSchemaBuilder.ts:225:9)
      at async RdbmsSchemaBuilder.build (node_modules/src/schema-builder/RdbmsSchemaBuilder.ts:95:13)
      at async DataSource.synchronize (node_modules/src/data-source/DataSource.ts:340:9)
      at async initDataSource (tests/util/db/mariadb-datasource.mock.ts:36:13)
      at async Object.<anonymous> (tests/database/packing.service.test.ts:69:5)

  ● packingService (mysql) › transactional create (list+items), item CRUD, reorder, counts, last number, requiredByAll

    QueryFailedError: Table 'surveyor_test.packing_assignments' doesn't exist

      at Query.onResult (node_modules/typeorm/src/driver/mysql/MysqlQueryRunner.ts:247:33)
      at Query.execute (node_modules/mysql2/lib/commands/command.js:36:14)
      at PoolConnection.handlePacket (node_modules/mysql2/lib/base/connection.js:477:34)
      at PacketParser.onPacket (node_modules/mysql2/lib/base/connection.js:93:12)
      at PacketParser.executeStart (node_modules/mysql2/lib/packet_parser.js:75:16)
      at Socket.<anonymous> (node_modules/mysql2/lib/base/connection.js:100:25)

  ● packingService (mysql) › assigns/unassigns (user+guest), counts, assignees map, and deletion by assignId

    TypeError: value.toUpperCase is not a function

    [0m [90m 34 |[39m         } [36mcatch[39m (err) {
     [90m 35 |[39m             console[33m.[39mwarn([32m'[tests] runMigrations failed on MariaDB, falling back to synchronize:'[39m[33m,[39m (err [36mas[39m any)[33m?[39m[33m.[39mmessage [33m||[39m err)[33m;[39m
    [31m[1m>[22m[39m[90m 36 |[39m             [36mawait[39m [33mAppDataSource[39m[33m.[39msynchronize([36mtrue[39m)[33m;[39m
     [90m    |[39m             [31m[1m^[22m[39m
     [90m 37 |[39m             [36mawait[39m [33mAppDataSource[39m[33m.[39mrunMigrations()[33m;[39m
     [90m 38 |[39m         }
     [90m 39 |[39m     }[0m

      at MysqlDriver.normalizeDatetimeFunction (node_modules/typeorm/src/driver/mysql/MysqlDriver.ts:1337:19)
      at MysqlDriver.normalizeDefault (node_modules/typeorm/src/driver/mysql/MysqlDriver.ts:810:25)
      at Function.createTableColumnOptions (node_modules/typeorm/src/schema-builder/util/TableUtils.ts:22:29)
      at node_modules/typeorm/src/schema-builder/table/Table.ts:408:32
          at Array.map (<anonymous>)
      at Function.create (node_modules/typeorm/src/schema-builder/table/Table.ts:407:18)
      at RdbmsSchemaBuilder.createNewTables (node_modules/src/schema-builder/RdbmsSchemaBuilder.ts:634:33)
      at async RdbmsSchemaBuilder.executeSchemaSyncOperationsInProperOrder (node_modules/src/schema-builder/RdbmsSchemaBuilder.ts:225:9)
      at async RdbmsSchemaBuilder.build (node_modules/src/schema-builder/RdbmsSchemaBuilder.ts:95:13)
      at async DataSource.synchronize (node_modules/src/data-source/DataSource.ts:340:9)
      at async initDataSource (tests/util/db/mariadb-datasource.mock.ts:36:13)
      at async Object.<anonymous> (tests/database/packing.service.test.ts:69:5)

  ● packingService (mysql) › assigns/unassigns (user+guest), counts, assignees map, and deletion by assignId

    QueryFailedError: Table 'surveyor_test.packing_assignments' doesn't exist

      at Query.onResult (node_modules/typeorm/src/driver/mysql/MysqlQueryRunner.ts:247:33)
      at Query.execute (node_modules/mysql2/lib/commands/command.js:36:14)
      at PoolConnection.handlePacket (node_modules/mysql2/lib/base/connection.js:477:34)
      at PacketParser.onPacket (node_modules/mysql2/lib/base/connection.js:93:12)
      at PacketParser.executeStart (node_modules/mysql2/lib/packet_parser.js:75:16)
      at Socket.<anonymous> (node_modules/mysql2/lib/base/connection.js:100:25)

FAIL db tests/database/drivers.service.test.ts
  ● Console

    console.log
      [dotenv@17.2.3] injecting env (6) from tests/.env.test -- tip: 🔐 prevent committing .env to code: https://dotenvx.com/precommit

      at _log (node_modules/dotenv/lib/main.js:142:11)

    console.log
      [4mMigration "AddCheckSlotRoleTrigger1752829591073" failed, error: Table 'surveyor_test.activity_assignment_roles' doesn't exist[24m

      at Function.log (node_modules/src/platform/PlatformTools.ts:260:17)

    console.warn
      [tests] runMigrations failed on MariaDB, falling back to synchronize: Table 'surveyor_test.activity_assignment_roles' doesn't exist

    [0m [90m 33 |[39m             [36mawait[39m [33mAppDataSource[39m[33m.[39mrunMigrations()[33m;[39m
     [90m 34 |[39m         } [36mcatch[39m (err) {
    [31m[1m>[22m[39m[90m 35 |[39m             console[33m.[39mwarn([32m'[tests] runMigrations failed on MariaDB, falling back to synchronize:'[39m[33m,[39m (err [36mas[39m any)[33m?[39m[33m.[39mmessage [33m||[39m err)[33m;[39m
     [90m    |[39m                     [31m[1m^[22m[39m
     [90m 36 |[39m             [36mawait[39m [33mAppDataSource[39m[33m.[39msynchronize([36mtrue[39m)[33m;[39m
     [90m 37 |[39m             [36mawait[39m [33mAppDataSource[39m[33m.[39mrunMigrations()[33m;[39m
     [90m 38 |[39m         }[0m

      at initDataSource (tests/util/db/mariadb-datasource.mock.ts:35:21)
      at async Object.<anonymous> (tests/database/drivers.service.test.ts:68:5)

  ● driversService (mysql) › creates and updates a DriversList; fetch by id and user

    TypeError: value.toUpperCase is not a function

    [0m [90m 34 |[39m         } [36mcatch[39m (err) {
     [90m 35 |[39m             console[33m.[39mwarn([32m'[tests] runMigrations failed on MariaDB, falling back to synchronize:'[39m[33m,[39m (err [36mas[39m any)[33m?[39m[33m.[39mmessage [33m||[39m err)[33m;[39m
    [31m[1m>[22m[39m[90m 36 |[39m             [36mawait[39m [33mAppDataSource[39m[33m.[39msynchronize([36mtrue[39m)[33m;[39m
     [90m    |[39m             [31m[1m^[22m[39m
     [90m 37 |[39m             [36mawait[39m [33mAppDataSource[39m[33m.[39mrunMigrations()[33m;[39m
     [90m 38 |[39m         }
     [90m 39 |[39m     }[0m

      at MysqlDriver.normalizeDatetimeFunction (node_modules/typeorm/src/driver/mysql/MysqlDriver.ts:1337:19)
      at MysqlDriver.normalizeDefault (node_modules/typeorm/src/driver/mysql/MysqlDriver.ts:810:25)
      at Function.createTableColumnOptions (node_modules/typeorm/src/schema-builder/util/TableUtils.ts:22:29)
      at node_modules/typeorm/src/schema-builder/table/Table.ts:408:32
          at Array.map (<anonymous>)
      at Function.create (node_modules/typeorm/src/schema-builder/table/Table.ts:407:18)
      at RdbmsSchemaBuilder.createNewTables (node_modules/src/schema-builder/RdbmsSchemaBuilder.ts:634:33)
      at async RdbmsSchemaBuilder.executeSchemaSyncOperationsInProperOrder (node_modules/src/schema-builder/RdbmsSchemaBuilder.ts:225:9)
      at async RdbmsSchemaBuilder.build (node_modules/src/schema-builder/RdbmsSchemaBuilder.ts:95:13)
      at async DataSource.synchronize (node_modules/src/data-source/DataSource.ts:340:9)
      at async initDataSource (tests/util/db/mariadb-datasource.mock.ts:36:13)
      at async Object.<anonymous> (tests/database/drivers.service.test.ts:68:5)

  ● driversService (mysql) › creates and updates a DriversList; fetch by id and user

    QueryFailedError: Table 'surveyor_test.drivers_assignments' doesn't exist

      at Query.onResult (node_modules/typeorm/src/driver/mysql/MysqlQueryRunner.ts:247:33)
      at Query.execute (node_modules/mysql2/lib/commands/command.js:36:14)
      at PoolConnection.handlePacket (node_modules/mysql2/lib/base/connection.js:477:34)
      at PacketParser.onPacket (node_modules/mysql2/lib/base/connection.js:93:12)
      at PacketParser.executeStart (node_modules/mysql2/lib/packet_parser.js:75:16)
      at Socket.<anonymous> (node_modules/mysql2/lib/base/connection.js:100:25)

  ● driversService (mysql) › creates items (user+guest), enriches, reorders, updates, and computes last item number

    TypeError: value.toUpperCase is not a function

    [0m [90m 34 |[39m         } [36mcatch[39m (err) {
     [90m 35 |[39m             console[33m.[39mwarn([32m'[tests] runMigrations failed on MariaDB, falling back to synchronize:'[39m[33m,[39m (err [36mas[39m any)[33m?[39m[33m.[39mmessage [33m||[39m err)[33m;[39m
    [31m[1m>[22m[39m[90m 36 |[39m             [36mawait[39m [33mAppDataSource[39m[33m.[39msynchronize([36mtrue[39m)[33m;[39m
     [90m    |[39m             [31m[1m^[22m[39m
     [90m 37 |[39m             [36mawait[39m [33mAppDataSource[39m[33m.[39mrunMigrations()[33m;[39m
     [90m 38 |[39m         }
     [90m 39 |[39m     }[0m

      at MysqlDriver.normalizeDatetimeFunction (node_modules/typeorm/src/driver/mysql/MysqlDriver.ts:1337:19)
      at MysqlDriver.normalizeDefault (node_modules/typeorm/src/driver/mysql/MysqlDriver.ts:810:25)
      at Function.createTableColumnOptions (node_modules/typeorm/src/schema-builder/util/TableUtils.ts:22:29)
      at node_modules/typeorm/src/schema-builder/table/Table.ts:408:32
          at Array.map (<anonymous>)
      at Function.create (node_modules/typeorm/src/schema-builder/table/Table.ts:407:18)
      at RdbmsSchemaBuilder.createNewTables (node_modules/src/schema-builder/RdbmsSchemaBuilder.ts:634:33)
      at async RdbmsSchemaBuilder.executeSchemaSyncOperationsInProperOrder (node_modules/src/schema-builder/RdbmsSchemaBuilder.ts:225:9)
      at async RdbmsSchemaBuilder.build (node_modules/src/schema-builder/RdbmsSchemaBuilder.ts:95:13)
      at async DataSource.synchronize (node_modules/src/data-source/DataSource.ts:340:9)
      at async initDataSource (tests/util/db/mariadb-datasource.mock.ts:36:13)
      at async Object.<anonymous> (tests/database/drivers.service.test.ts:68:5)

  ● driversService (mysql) › creates items (user+guest), enriches, reorders, updates, and computes last item number

    QueryFailedError: Table 'surveyor_test.drivers_assignments' doesn't exist

      at Query.onResult (node_modules/typeorm/src/driver/mysql/MysqlQueryRunner.ts:247:33)
      at Query.execute (node_modules/mysql2/lib/commands/command.js:36:14)
      at PoolConnection.handlePacket (node_modules/mysql2/lib/base/connection.js:477:34)
      at PacketParser.onPacket (node_modules/mysql2/lib/base/connection.js:93:12)
      at PacketParser.executeStart (node_modules/mysql2/lib/packet_parser.js:75:16)
      at Socket.<anonymous> (node_modules/mysql2/lib/base/connection.js:100:25)

  ● driversService (mysql) › assigns/unassigns items (user + guest), counts, maps assignees, and deletes assignments

    TypeError: value.toUpperCase is not a function

    [0m [90m 34 |[39m         } [36mcatch[39m (err) {
     [90m 35 |[39m             console[33m.[39mwarn([32m'[tests] runMigrations failed on MariaDB, falling back to synchronize:'[39m[33m,[39m (err [36mas[39m any)[33m?[39m[33m.[39mmessage [33m||[39m err)[33m;[39m
    [31m[1m>[22m[39m[90m 36 |[39m             [36mawait[39m [33mAppDataSource[39m[33m.[39msynchronize([36mtrue[39m)[33m;[39m
     [90m    |[39m             [31m[1m^[22m[39m
     [90m 37 |[39m             [36mawait[39m [33mAppDataSource[39m[33m.[39mrunMigrations()[33m;[39m
     [90m 38 |[39m         }
     [90m 39 |[39m     }[0m

      at MysqlDriver.normalizeDatetimeFunction (node_modules/typeorm/src/driver/mysql/MysqlDriver.ts:1337:19)
      at MysqlDriver.normalizeDefault (node_modules/typeorm/src/driver/mysql/MysqlDriver.ts:810:25)
      at Function.createTableColumnOptions (node_modules/typeorm/src/schema-builder/util/TableUtils.ts:22:29)
      at node_modules/typeorm/src/schema-builder/table/Table.ts:408:32
          at Array.map (<anonymous>)
      at Function.create (node_modules/typeorm/src/schema-builder/table/Table.ts:407:18)
      at RdbmsSchemaBuilder.createNewTables (node_modules/src/schema-builder/RdbmsSchemaBuilder.ts:634:33)
      at async RdbmsSchemaBuilder.executeSchemaSyncOperationsInProperOrder (node_modules/src/schema-builder/RdbmsSchemaBuilder.ts:225:9)
      at async RdbmsSchemaBuilder.build (node_modules/src/schema-builder/RdbmsSchemaBuilder.ts:95:13)
      at async DataSource.synchronize (node_modules/src/data-source/DataSource.ts:340:9)
      at async initDataSource (tests/util/db/mariadb-datasource.mock.ts:36:13)
      at async Object.<anonymous> (tests/database/drivers.service.test.ts:68:5)

  ● driversService (mysql) › assigns/unassigns items (user + guest), counts, maps assignees, and deletes assignments

    QueryFailedError: Table 'surveyor_test.drivers_assignments' doesn't exist

      at Query.onResult (node_modules/typeorm/src/driver/mysql/MysqlQueryRunner.ts:247:33)
      at Query.execute (node_modules/mysql2/lib/commands/command.js:36:14)
      at PoolConnection.handlePacket (node_modules/mysql2/lib/base/connection.js:477:34)
      at PacketParser.onPacket (node_modules/mysql2/lib/base/connection.js:93:12)
      at PacketParser.executeStart (node_modules/mysql2/lib/packet_parser.js:75:16)
      at Socket.<anonymous> (node_modules/mysql2/lib/base/connection.js:100:25)

FAIL db tests/database/survey.service.test.ts
  ● Console

    console.log
      [dotenv@17.2.3] injecting env (6) from tests/.env.test -- tip: ⚙️  suppress all logs with { quiet: true }

      at _log (node_modules/dotenv/lib/main.js:142:11)

    console.log
      [4mMigration "AddCheckSlotRoleTrigger1752829591073" failed, error: Table 'surveyor_test.activity_assignment_roles' doesn't exist[24m

      at Function.log (node_modules/src/platform/PlatformTools.ts:260:17)

    console.warn
      [tests] runMigrations failed on MariaDB, falling back to synchronize: Table 'surveyor_test.activity_assignment_roles' doesn't exist

    [0m [90m 33 |[39m             [36mawait[39m [33mAppDataSource[39m[33m.[39mrunMigrations()[33m;[39m
     [90m 34 |[39m         } [36mcatch[39m (err) {
    [31m[1m>[22m[39m[90m 35 |[39m             console[33m.[39mwarn([32m'[tests] runMigrations failed on MariaDB, falling back to synchronize:'[39m[33m,[39m (err [36mas[39m any)[33m?[39m[33m.[39mmessage [33m||[39m err)[33m;[39m
     [90m    |[39m                     [31m[1m^[22m[39m
     [90m 36 |[39m             [36mawait[39m [33mAppDataSource[39m[33m.[39msynchronize([36mtrue[39m)[33m;[39m
     [90m 37 |[39m             [36mawait[39m [33mAppDataSource[39m[33m.[39mrunMigrations()[33m;[39m
     [90m 38 |[39m         }[0m

      at initDataSource (tests/util/db/mariadb-datasource.mock.ts:35:21)
      at async Object.<anonymous> (tests/database/survey.service.test.ts:62:5)

  ● surveysService (mysql) with enum combinations › creates survey with enum combos sorted by weekday ASC, nthWeek ASC

    TypeError: value.toUpperCase is not a function

    [0m [90m 34 |[39m         } [36mcatch[39m (err) {
     [90m 35 |[39m             console[33m.[39mwarn([32m'[tests] runMigrations failed on MariaDB, falling back to synchronize:'[39m[33m,[39m (err [36mas[39m any)[33m?[39m[33m.[39mmessage [33m||[39m err)[33m;[39m
    [31m[1m>[22m[39m[90m 36 |[39m             [36mawait[39m [33mAppDataSource[39m[33m.[39msynchronize([36mtrue[39m)[33m;[39m
     [90m    |[39m             [31m[1m^[22m[39m
     [90m 37 |[39m             [36mawait[39m [33mAppDataSource[39m[33m.[39mrunMigrations()[33m;[39m
     [90m 38 |[39m         }
     [90m 39 |[39m     }[0m

      at MysqlDriver.normalizeDatetimeFunction (node_modules/typeorm/src/driver/mysql/MysqlDriver.ts:1337:19)
      at MysqlDriver.normalizeDefault (node_modules/typeorm/src/driver/mysql/MysqlDriver.ts:810:25)
      at Function.createTableColumnOptions (node_modules/typeorm/src/schema-builder/util/TableUtils.ts:22:29)
      at node_modules/typeorm/src/schema-builder/table/Table.ts:408:32
          at Array.map (<anonymous>)
      at Function.create (node_modules/typeorm/src/schema-builder/table/Table.ts:407:18)
      at RdbmsSchemaBuilder.createNewTables (node_modules/src/schema-builder/RdbmsSchemaBuilder.ts:634:33)
      at async RdbmsSchemaBuilder.executeSchemaSyncOperationsInProperOrder (node_modules/src/schema-builder/RdbmsSchemaBuilder.ts:225:9)
      at async RdbmsSchemaBuilder.build (node_modules/src/schema-builder/RdbmsSchemaBuilder.ts:95:13)
      at async DataSource.synchronize (node_modules/src/data-source/DataSource.ts:340:9)
      at async initDataSource (tests/util/db/mariadb-datasource.mock.ts:36:13)
      at async Object.<anonymous> (tests/database/survey.service.test.ts:62:5)

  ● surveysService (mysql) with enum combinations › creates survey with enum combos sorted by weekday ASC, nthWeek ASC

    QueryFailedError: Table 'surveyor_test.survey_responses' doesn't exist

      at Query.onResult (node_modules/typeorm/src/driver/mysql/MysqlQueryRunner.ts:247:33)
      at Query.execute (node_modules/mysql2/lib/commands/command.js:36:14)
      at PoolConnection.handlePacket (node_modules/mysql2/lib/base/connection.js:477:34)
      at PacketParser.onPacket (node_modules/mysql2/lib/base/connection.js:93:12)
      at PacketParser.executeStart (node_modules/mysql2/lib/packet_parser.js:75:16)
      at Socket.<anonymous> (node_modules/mysql2/lib/base/connection.js:100:25)

  ● surveysService (mysql) with enum combinations › handles user/guest responses, grouping/sorting, and guest link

    TypeError: value.toUpperCase is not a function

    [0m [90m 34 |[39m         } [36mcatch[39m (err) {
     [90m 35 |[39m             console[33m.[39mwarn([32m'[tests] runMigrations failed on MariaDB, falling back to synchronize:'[39m[33m,[39m (err [36mas[39m any)[33m?[39m[33m.[39mmessage [33m||[39m err)[33m;[39m
    [31m[1m>[22m[39m[90m 36 |[39m             [36mawait[39m [33mAppDataSource[39m[33m.[39msynchronize([36mtrue[39m)[33m;[39m
     [90m    |[39m             [31m[1m^[22m[39m
     [90m 37 |[39m             [36mawait[39m [33mAppDataSource[39m[33m.[39mrunMigrations()[33m;[39m
     [90m 38 |[39m         }
     [90m 39 |[39m     }[0m

      at MysqlDriver.normalizeDatetimeFunction (node_modules/typeorm/src/driver/mysql/MysqlDriver.ts:1337:19)
      at MysqlDriver.normalizeDefault (node_modules/typeorm/src/driver/mysql/MysqlDriver.ts:810:25)
      at Function.createTableColumnOptions (node_modules/typeorm/src/schema-builder/util/TableUtils.ts:22:29)
      at node_modules/typeorm/src/schema-builder/table/Table.ts:408:32
          at Array.map (<anonymous>)
      at Function.create (node_modules/typeorm/src/schema-builder/table/Table.ts:407:18)
      at RdbmsSchemaBuilder.createNewTables (node_modules/src/schema-builder/RdbmsSchemaBuilder.ts:634:33)
      at async RdbmsSchemaBuilder.executeSchemaSyncOperationsInProperOrder (node_modules/src/schema-builder/RdbmsSchemaBuilder.ts:225:9)
      at async RdbmsSchemaBuilder.build (node_modules/src/schema-builder/RdbmsSchemaBuilder.ts:95:13)
      at async DataSource.synchronize (node_modules/src/data-source/DataSource.ts:340:9)
      at async initDataSource (tests/util/db/mariadb-datasource.mock.ts:36:13)
      at async Object.<anonymous> (tests/database/survey.service.test.ts:62:5)

  ● surveysService (mysql) with enum combinations › handles user/guest responses, grouping/sorting, and guest link

    QueryFailedError: Table 'surveyor_test.survey_responses' doesn't exist

      at Query.onResult (node_modules/typeorm/src/driver/mysql/MysqlQueryRunner.ts:247:33)
      at Query.execute (node_modules/mysql2/lib/commands/command.js:36:14)
      at PoolConnection.handlePacket (node_modules/mysql2/lib/base/connection.js:477:34)
      at PacketParser.onPacket (node_modules/mysql2/lib/base/connection.js:93:12)
      at PacketParser.executeStart (node_modules/mysql2/lib/packet_parser.js:75:16)
      at Socket.<anonymous> (node_modules/mysql2/lib/base/connection.js:100:25)

FAIL db tests/database/app.test.ts
  ● Console

    console.log
      [dotenv@17.2.3] injecting env (6) from tests/.env.test -- tip: ⚙️  load multiple .env files with { path: ['.env.local', '.env'] }

      at _log (node_modules/dotenv/lib/main.js:142:11)

    console.log
      [4mMigration "AddCheckSlotRoleTrigger1752829591073" failed, error: Table 'surveyor_test.activity_assignment_roles' doesn't exist[24m

      at Function.log (node_modules/src/platform/PlatformTools.ts:260:17)

    console.warn
      [tests] runMigrations failed on MariaDB, falling back to synchronize: Table 'surveyor_test.activity_assignment_roles' doesn't exist

    [0m [90m 33 |[39m             [36mawait[39m [33mAppDataSource[39m[33m.[39mrunMigrations()[33m;[39m
     [90m 34 |[39m         } [36mcatch[39m (err) {
    [31m[1m>[22m[39m[90m 35 |[39m             console[33m.[39mwarn([32m'[tests] runMigrations failed on MariaDB, falling back to synchronize:'[39m[33m,[39m (err [36mas[39m any)[33m?[39m[33m.[39mmessage [33m||[39m err)[33m;[39m
     [90m    |[39m                     [31m[1m^[22m[39m
     [90m 36 |[39m             [36mawait[39m [33mAppDataSource[39m[33m.[39msynchronize([36mtrue[39m)[33m;[39m
     [90m 37 |[39m             [36mawait[39m [33mAppDataSource[39m[33m.[39mrunMigrations()[33m;[39m
     [90m 38 |[39m         }[0m

      at initDataSource (tests/util/db/mariadb-datasource.mock.ts:35:21)
      at async Object.<anonymous> (tests/database/app.test.ts:46:5)

  ● App integration - Data Driven › GET / returns 200 and contains "Surveyor"

    TypeError: value.toUpperCase is not a function

    [0m [90m 34 |[39m         } [36mcatch[39m (err) {
     [90m 35 |[39m             console[33m.[39mwarn([32m'[tests] runMigrations failed on MariaDB, falling back to synchronize:'[39m[33m,[39m (err [36mas[39m any)[33m?[39m[33m.[39mmessage [33m||[39m err)[33m;[39m
    [31m[1m>[22m[39m[90m 36 |[39m             [36mawait[39m [33mAppDataSource[39m[33m.[39msynchronize([36mtrue[39m)[33m;[39m
     [90m    |[39m             [31m[1m^[22m[39m
     [90m 37 |[39m             [36mawait[39m [33mAppDataSource[39m[33m.[39mrunMigrations()[33m;[39m
     [90m 38 |[39m         }
     [90m 39 |[39m     }[0m

      at MysqlDriver.normalizeDatetimeFunction (node_modules/typeorm/src/driver/mysql/MysqlDriver.ts:1337:19)
      at MysqlDriver.normalizeDefault (node_modules/typeorm/src/driver/mysql/MysqlDriver.ts:810:25)
      at Function.createTableColumnOptions (node_modules/typeorm/src/schema-builder/util/TableUtils.ts:22:29)
      at node_modules/typeorm/src/schema-builder/table/Table.ts:408:32
          at Array.map (<anonymous>)
      at Function.create (node_modules/typeorm/src/schema-builder/table/Table.ts:407:18)
      at RdbmsSchemaBuilder.createNewTables (node_modules/src/schema-builder/RdbmsSchemaBuilder.ts:634:33)
      at async RdbmsSchemaBuilder.executeSchemaSyncOperationsInProperOrder (node_modules/src/schema-builder/RdbmsSchemaBuilder.ts:225:9)
      at async RdbmsSchemaBuilder.build (node_modules/src/schema-builder/RdbmsSchemaBuilder.ts:95:13)
      at async DataSource.synchronize (node_modules/src/data-source/DataSource.ts:340:9)
      at async initDataSource (tests/util/db/mariadb-datasource.mock.ts:36:13)
      at async Object.<anonymous> (tests/database/app.test.ts:46:5)

  ● App integration - Data Driven › GET /nonexistent -> 404 via error handler

    TypeError: value.toUpperCase is not a function

    [0m [90m 34 |[39m         } [36mcatch[39m (err) {
     [90m 35 |[39m             console[33m.[39mwarn([32m'[tests] runMigrations failed on MariaDB, falling back to synchronize:'[39m[33m,[39m (err [36mas[39m any)[33m?[39m[33m.[39mmessage [33m||[39m err)[33m;[39m
    [31m[1m>[22m[39m[90m 36 |[39m             [36mawait[39m [33mAppDataSource[39m[33m.[39msynchronize([36mtrue[39m)[33m;[39m
     [90m    |[39m             [31m[1m^[22m[39m
     [90m 37 |[39m             [36mawait[39m [33mAppDataSource[39m[33m.[39mrunMigrations()[33m;[39m
     [90m 38 |[39m         }
     [90m 39 |[39m     }[0m

      at MysqlDriver.normalizeDatetimeFunction (node_modules/typeorm/src/driver/mysql/MysqlDriver.ts:1337:19)
      at MysqlDriver.normalizeDefault (node_modules/typeorm/src/driver/mysql/MysqlDriver.ts:810:25)
      at Function.createTableColumnOptions (node_modules/typeorm/src/schema-builder/util/TableUtils.ts:22:29)
      at node_modules/typeorm/src/schema-builder/table/Table.ts:408:32
          at Array.map (<anonymous>)
      at Function.create (node_modules/typeorm/src/schema-builder/table/Table.ts:407:18)
      at RdbmsSchemaBuilder.createNewTables (node_modules/src/schema-builder/RdbmsSchemaBuilder.ts:634:33)
      at async RdbmsSchemaBuilder.executeSchemaSyncOperationsInProperOrder (node_modules/src/schema-builder/RdbmsSchemaBuilder.ts:225:9)
      at async RdbmsSchemaBuilder.build (node_modules/src/schema-builder/RdbmsSchemaBuilder.ts:95:13)
      at async DataSource.synchronize (node_modules/src/data-source/DataSource.ts:340:9)
      at async initDataSource (tests/util/db/mariadb-datasource.mock.ts:36:13)
      at async Object.<anonymous> (tests/database/app.test.ts:46:5)

PASS controller tests/controller/activity.controller.test.ts
  ● Console

    console.log
      [dotenv@17.2.3] injecting env (6) from tests/.env.test -- tip: 🔄 add secrets lifecycle management: https://dotenvx.com/ops

      at _log (node_modules/dotenv/lib/main.js:142:11)

    console.log
      [dotenv@17.2.3] injecting env (0) from .env -- tip: 🔐 encrypt with Dotenvx: https://dotenvx.com

      at _log (node_modules/dotenv/lib/main.js:142:11)

PASS controller tests/controller/event.controller.test.ts
  ● Console

    console.log
      [dotenv@17.2.3] injecting env (6) from tests/.env.test -- tip: ⚙️  enable debug logging with { debug: true }

      at _log (node_modules/dotenv/lib/main.js:142:11)

    console.log
      [dotenv@17.2.3] injecting env (0) from .env -- tip: ⚙️  override existing env vars with { override: true }

      at _log (node_modules/dotenv/lib/main.js:142:11)

PASS middleware tests/middleware/guestFlowFactory.test.ts
  ● Console

    console.log
      [dotenv@17.2.3] injecting env (6) from tests/.env.test -- tip: ⚙️  enable debug logging with { debug: true }

      at _log (node_modules/dotenv/lib/main.js:142:11)

PASS controller tests/controller/packing.controller.test.ts
  ● Console

    console.log
      [dotenv@17.2.3] injecting env (6) from tests/.env.test -- tip: 📡 add observability to secrets: https://dotenvx.com/ops

      at _log (node_modules/dotenv/lib/main.js:142:11)

PASS controller tests/controller/user.controller.test.ts
  ● Console

    console.log
      [dotenv@17.2.3] injecting env (6) from tests/.env.test -- tip: 🔑 add access controls to secrets: https://dotenvx.com/ops

      at _log (node_modules/dotenv/lib/main.js:142:11)

PASS controller tests/controller/drivers.controller.test.ts
  ● Console

    console.log
      [dotenv@17.2.3] injecting env (6) from tests/.env.test -- tip: 📡 add observability to secrets: https://dotenvx.com/ops

      at _log (node_modules/dotenv/lib/main.js:142:11)

PASS controller tests/controller/eventPool.controller.test.ts
  ● Console

    console.log
      [dotenv@17.2.3] injecting env (6) from tests/.env.test -- tip: ✅ audit secrets and track compliance: https://dotenvx.com/ops

      at _log (node_modules/dotenv/lib/main.js:142:11)

PASS controller tests/controller/survey.controller.test.ts
  ● Console

    console.log
      [dotenv@17.2.3] injecting env (6) from tests/.env.test -- tip: ⚙️  specify custom .env file path with { path: '/custom/path/.env' }

      at _log (node_modules/dotenv/lib/main.js:142:11)

PASS middleware tests/middleware/permissionMiddleware.test.ts
  ● Console

    console.log
      [dotenv@17.2.3] injecting env (6) from tests/.env.test -- tip: 🗂️ backup and recover secrets: https://dotenvx.com/ops

      at _log (node_modules/dotenv/lib/main.js:142:11)

    console.log
      [dotenv@17.2.3] injecting env (0) from .env -- tip: ⚙️  enable debug logging with { debug: true }

      at _log (node_modules/dotenv/lib/main.js:142:11)

PASS unit tests/unit/util.test.ts
  ● Console

    console.log
      [dotenv@17.2.3] injecting env (6) from tests/.env.test -- tip: 👥 sync secrets across teammates & machines: https://dotenvx.com/ops

      at _log (node_modules/dotenv/lib/main.js:142:11)

PASS unit tests/unit/activity/requirements.test.ts
  ● Console

    console.log
      [dotenv@17.2.3] injecting env (6) from tests/.env.test -- tip: ⚙️  load multiple .env files with { path: ['.env.local', '.env'] }

      at _log (node_modules/dotenv/lib/main.js:142:11)

PASS unit tests/unit/controller/activityController.recommendations.test.ts
  ● Console

    console.log
      [dotenv@17.2.3] injecting env (6) from tests/.env.test -- tip: 🛠️  run anywhere with `dotenvx run -- yourcommand`

      at _log (node_modules/dotenv/lib/main.js:142:11)

    console.log
      [dotenv@17.2.3] injecting env (0) from .env -- tip: ⚙️  write to custom object with { processEnv: myObject }

      at _log (node_modules/dotenv/lib/main.js:142:11)

PASS unit tests/unit/activity/autoAssignment.test.ts
  ● Console

    console.log
      [dotenv@17.2.3] injecting env (6) from tests/.env.test -- tip: 🛠️  run anywhere with `dotenvx run -- yourcommand`

      at _log (node_modules/dotenv/lib/main.js:142:11)

    console.log
      [dotenv@17.2.3] injecting env (0) from .env -- tip: ✅ audit secrets and track compliance: https://dotenvx.com/ops

      at _log (node_modules/dotenv/lib/main.js:142:11)

PASS unit tests/unit/settings.test.ts
  ● Console

    console.log
      [dotenv@17.2.3] injecting env (6) from tests/.env.test -- tip: ⚙️  suppress all logs with { quiet: true }

      at _log (node_modules/dotenv/lib/main.js:142:11)

    console.log
      [dotenv@17.2.3] injecting env (0) from .env -- tip: ⚙️  load multiple .env files with { path: ['.env.local', '.env'] }

      at _log (node_modules/dotenv/lib/main.js:142:11)

    console.log
      [dotenv@17.2.3] injecting env (0) from .env -- tip: 🔐 encrypt with Dotenvx: https://dotenvx.com

      at _log (node_modules/dotenv/lib/main.js:142:11)

    console.log
      Settings file written!

      at SettingsStore.write (src/modules/settings.ts:225:17)

PASS unit tests/unit/controller/activityController.assignmentWarnings.test.ts
  ● Console

    console.log
      [dotenv@17.2.3] injecting env (6) from tests/.env.test -- tip: 🔑 add access controls to secrets: https://dotenvx.com/ops

      at _log (node_modules/dotenv/lib/main.js:142:11)

    console.log
      [dotenv@17.2.3] injecting env (0) from .env -- tip: ⚙️  override existing env vars with { override: true }

      at _log (node_modules/dotenv/lib/main.js:142:11)

PASS unit tests/unit/activity/availability.test.ts
  ● Console

    console.log
      [dotenv@17.2.3] injecting env (6) from tests/.env.test -- tip: 🔑 add access controls to secrets: https://dotenvx.com/ops

      at _log (node_modules/dotenv/lib/main.js:142:11)

PASS unit tests/unit/email.test.ts
  ● Console

    console.log
      [dotenv@17.2.3] injecting env (6) from tests/.env.test -- tip: 🔑 add access controls to secrets: https://dotenvx.com/ops

      at _log (node_modules/dotenv/lib/main.js:142:11)

PASS unit tests/unit/activity/recommendations.test.ts
  ● Console

    console.log
      [dotenv@17.2.3] injecting env (6) from tests/.env.test -- tip: 📡 add observability to secrets: https://dotenvx.com/ops

      at _log (node_modules/dotenv/lib/main.js:142:11)

    console.log
      [dotenv@17.2.3] injecting env (0) from .env -- tip: 🔑 add access controls to secrets: https://dotenvx.com/ops

      at _log (node_modules/dotenv/lib/main.js:142:11)

PASS unit tests/unit/renderer.test.ts
  ● Console

    console.log
      [dotenv@17.2.3] injecting env (6) from tests/.env.test -- tip: 🛠️  run anywhere with `dotenvx run -- yourcommand`

      at _log (node_modules/dotenv/lib/main.js:142:11)

PASS unit tests/unit/activity/requirements-normalize.test.ts
  ● Console

    console.log
      [dotenv@17.2.3] injecting env (6) from tests/.env.test -- tip: 🔐 prevent committing .env to code: https://dotenvx.com/precommit

      at _log (node_modules/dotenv/lib/main.js:142:11)

PASS unit tests/unit/activity/requirements-summary.test.ts
  ● Console

    console.log
      [dotenv@17.2.3] injecting env (6) from tests/.env.test -- tip: 🔐 encrypt with Dotenvx: https://dotenvx.com

      at _log (node_modules/dotenv/lib/main.js:142:11)

PASS unit tests/unit/assignFlowFactory.test.ts
  ● Console

    console.log
      [dotenv@17.2.3] injecting env (6) from tests/.env.test -- tip: 👥 sync secrets across teammates & machines: https://dotenvx.com/ops

      at _log (node_modules/dotenv/lib/main.js:142:11)

PASS unit tests/unit/genericErrorHandler.test.ts
  ● Console

    console.log
      [dotenv@17.2.3] injecting env (6) from tests/.env.test -- tip: ⚙️  suppress all logs with { quiet: true }

      at _log (node_modules/dotenv/lib/main.js:142:11)

    console.log
      ValidationError
          at /home/runner/work/Surveyor/Surveyor/tests/data/unit/genericErrorHandlerData.ts:20:25
          at Object.<anonymous> (/home/runner/work/Surveyor/Surveyor/tests/data/unit/genericErrorHandlerData.ts:23:11)
          at Runtime._execModule (/home/runner/work/Surveyor/Surveyor/node_modules/jest-runtime/build/index.js:1268:24)
          at Runtime._loadModule (/home/runner/work/Surveyor/Surveyor/node_modules/jest-runtime/build/index.js:944:12)
          at Runtime.requireModule (/home/runner/work/Surveyor/Surveyor/node_modules/jest-runtime/build/index.js:832:12)
          at Runtime.requireModuleOrMock (/home/runner/work/Surveyor/Surveyor/node_modules/jest-runtime/build/index.js:964:21)
          at Object.<anonymous> (/home/runner/work/Surveyor/Surveyor/tests/unit/genericErrorHandler.test.ts:5:1)
          at Runtime._execModule (/home/runner/work/Surveyor/Surveyor/node_modules/jest-runtime/build/index.js:1268:24)
          at Runtime._loadModule (/home/runner/work/Surveyor/Surveyor/node_modules/jest-runtime/build/index.js:944:12)
          at Runtime.requireModule (/home/runner/work/Surveyor/Surveyor/node_modules/jest-runtime/build/index.js:832:12)
          at jestAdapter (/home/runner/work/Surveyor/Surveyor/node_modules/jest-circus/build/runner.js:95:13)
          at async runTestInternal (/home/runner/work/Surveyor/Surveyor/node_modules/jest-runner/build/index.js:275:16)
          at async runTest (/home/runner/work/Surveyor/Surveyor/node_modules/jest-runner/build/index.js:343:7) {
        data: { a: 1 },
        template: 'form',
        status: 422
      }

      at handleGenericError (src/middleware/genericErrorHandler.ts:29:13)

    console.error
      Error: mystery
          at Object.<anonymous> (/home/runner/work/Surveyor/Surveyor/tests/data/unit/genericErrorHandlerData.ts:35:16)
          at Runtime._execModule (/home/runner/work/Surveyor/Surveyor/node_modules/jest-runtime/build/index.js:1268:24)
          at Runtime._loadModule (/home/runner/work/Surveyor/Surveyor/node_modules/jest-runtime/build/index.js:944:12)
          at Runtime.requireModule (/home/runner/work/Surveyor/Surveyor/node_modules/jest-runtime/build/index.js:832:12)
          at Runtime.requireModuleOrMock (/home/runner/work/Surveyor/Surveyor/node_modules/jest-runtime/build/index.js:964:21)
          at Object.<anonymous> (/home/runner/work/Surveyor/Surveyor/tests/unit/genericErrorHandler.test.ts:5:1)
          at Runtime._execModule (/home/runner/work/Surveyor/Surveyor/node_modules/jest-runtime/build/index.js:1268:24)
          at Runtime._loadModule (/home/runner/work/Surveyor/Surveyor/node_modules/jest-runtime/build/index.js:944:12)
          at Runtime.requireModule (/home/runner/work/Surveyor/Surveyor/node_modules/jest-runtime/build/index.js:832:12)
          at jestAdapter (/home/runner/work/Surveyor/Surveyor/node_modules/jest-circus/build/runner.js:95:13)
          at async runTestInternal (/home/runner/work/Surveyor/Surveyor/node_modules/jest-runner/build/index.js:275:16)
          at async runTest (/home/runner/work/Surveyor/Surveyor/node_modules/jest-runner/build/index.js:343:7)

    [0m [90m  6 |[39m [36mexport[39m [36mfunction[39m handleGenericError(err[33m:[39m [33mError[39m[33m,[39m req[33m:[39m [33mRequest[39m[33m,[39m res[33m:[39m [33mResponse[39m[33m,[39m next[33m:[39m [33mNextFunction[39m) {
     [90m  7 |[39m     [36mconst[39m status[33m:[39m number [33m=[39m (err [36mas[39m any)[33m.[39mstatus [33m||[39m [35m500[39m[33m;[39m
    [31m[1m>[22m[39m[90m  8 |[39m     [36mif[39m (status [33m>=[39m [35m500[39m) console[33m.[39merror(err)[33m;[39m
     [90m    |[39m                                [31m[1m^[22m[39m
     [90m  9 |[39m     res[33m.[39mstatus(status)[33m;[39m
     [90m 10 |[39m
     [90m 11 |[39m     [36mif[39m (err [36minstanceof[39m [33mExpectedError[39m) {[0m

      at handleGenericError (src/middleware/genericErrorHandler.ts:8:32)
      at tests/unit/genericErrorHandler.test.ts:44:31

    console.log
      Error: mystery
          at Object.<anonymous> (/home/runner/work/Surveyor/Surveyor/tests/data/unit/genericErrorHandlerData.ts:35:16)
          at Runtime._execModule (/home/runner/work/Surveyor/Surveyor/node_modules/jest-runtime/build/index.js:1268:24)
          at Runtime._loadModule (/home/runner/work/Surveyor/Surveyor/node_modules/jest-runtime/build/index.js:944:12)
          at Runtime.requireModule (/home/runner/work/Surveyor/Surveyor/node_modules/jest-runtime/build/index.js:832:12)
          at Runtime.requireModuleOrMock (/home/runner/work/Surveyor/Surveyor/node_modules/jest-runtime/build/index.js:964:21)
          at Object.<anonymous> (/home/runner/work/Surveyor/Surveyor/tests/unit/genericErrorHandler.test.ts:5:1)
          at Runtime._execModule (/home/runner/work/Surveyor/Surveyor/node_modules/jest-runtime/build/index.js:1268:24)
          at Runtime._loadModule (/home/runner/work/Surveyor/Surveyor/node_modules/jest-runtime/build/index.js:944:12)
          at Runtime.requireModule (/home/runner/work/Surveyor/Surveyor/node_modules/jest-runtime/build/index.js:832:12)
          at jestAdapter (/home/runner/work/Surveyor/Surveyor/node_modules/jest-circus/build/runner.js:95:13)
          at async runTestInternal (/home/runner/work/Surveyor/Surveyor/node_modules/jest-runner/build/index.js:275:16)
          at async runTest (/home/runner/work/Surveyor/Surveyor/node_modules/jest-runner/build/index.js:343:7)

      at handleGenericError (src/middleware/genericErrorHandler.ts:29:13)

PASS unit tests/unit/errors.test.ts
  ● Console

    console.log
      [dotenv@17.2.3] injecting env (6) from tests/.env.test -- tip: ✅ audit secrets and track compliance: https://dotenvx.com/ops

      at _log (node_modules/dotenv/lib/main.js:142:11)

PASS unit tests/unit/activity/timebox.test.ts
  ● Console

    console.log
      [dotenv@17.2.3] injecting env (6) from tests/.env.test -- tip: 🔐 prevent committing .env to code: https://dotenvx.com/precommit

      at _log (node_modules/dotenv/lib/main.js:142:11)

PASS unit tests/unit/asyncHandler.test.ts
  ● Console

    console.log
      [dotenv@17.2.3] injecting env (6) from tests/.env.test -- tip: 🔑 add access controls to secrets: https://dotenvx.com/ops

      at _log (node_modules/dotenv/lib/main.js:142:11)


Summary of all failing tests
FAIL tests/database/activity.service.test.ts
  ● Roles and assignments › ensureRoleId creates default role once and returns stable id

    TypeError: value.toUpperCase is not a function

    [0m [90m 34 |[39m         } [36mcatch[39m (err) {
     [90m 35 |[39m             console[33m.[39mwarn([32m'[tests] runMigrations failed on MariaDB, falling back to synchronize:'[39m[33m,[39m (err [36mas[39m any)[33m?[39m[33m.[39mmessage [33m||[39m err)[33m;[39m
    [31m[1m>[22m[39m[90m 36 |[39m             [36mawait[39m [33mAppDataSource[39m[33m.[39msynchronize([36mtrue[39m)[33m;[39m
     [90m    |[39m             [31m[1m^[22m[39m
     [90m 37 |[39m             [36mawait[39m [33mAppDataSource[39m[33m.[39mrunMigrations()[33m;[39m
     [90m 38 |[39m         }
     [90m 39 |[39m     }[0m

      at MysqlDriver.normalizeDatetimeFunction (node_modules/typeorm/src/driver/mysql/MysqlDriver.ts:1337:19)
      at MysqlDriver.normalizeDefault (node_modules/typeorm/src/driver/mysql/MysqlDriver.ts:810:25)
      at Function.createTableColumnOptions (node_modules/typeorm/src/schema-builder/util/TableUtils.ts:22:29)
      at node_modules/typeorm/src/schema-builder/table/Table.ts:408:32
          at Array.map (<anonymous>)
      at Function.create (node_modules/typeorm/src/schema-builder/table/Table.ts:407:18)
      at RdbmsSchemaBuilder.createNewTables (node_modules/src/schema-builder/RdbmsSchemaBuilder.ts:634:33)
      at async RdbmsSchemaBuilder.executeSchemaSyncOperationsInProperOrder (node_modules/src/schema-builder/RdbmsSchemaBuilder.ts:225:9)
      at async RdbmsSchemaBuilder.build (node_modules/src/schema-builder/RdbmsSchemaBuilder.ts:95:13)
      at async DataSource.synchronize (node_modules/src/data-source/DataSource.ts:340:9)
      at async initDataSource (tests/util/db/mariadb-datasource.mock.ts:36:13)
      at async Object.<anonymous> (tests/database/activity.service.test.ts:85:5)

  ● Roles and assignments › ensureRoleId creates default role once and returns stable id

    QueryFailedError: Table 'surveyor_test.activity_plans' doesn't exist

      at Query.onResult (node_modules/typeorm/src/driver/mysql/MysqlQueryRunner.ts:247:33)
      at Query.execute (node_modules/mysql2/lib/commands/command.js:36:14)
      at PoolConnection.handlePacket (node_modules/mysql2/lib/base/connection.js:477:34)
      at PacketParser.onPacket (node_modules/mysql2/lib/base/connection.js:93:12)
      at PacketParser.executeStart (node_modules/mysql2/lib/packet_parser.js:75:16)
      at Socket.<anonymous> (node_modules/mysql2/lib/base/connection.js:100:25)

  ● Roles and assignments › ensureAssignment + assignRole + doUnassignRole lifecycle

    TypeError: value.toUpperCase is not a function

    [0m [90m 34 |[39m         } [36mcatch[39m (err) {
     [90m 35 |[39m             console[33m.[39mwarn([32m'[tests] runMigrations failed on MariaDB, falling back to synchronize:'[39m[33m,[39m (err [36mas[39m any)[33m?[39m[33m.[39mmessage [33m||[39m err)[33m;[39m
    [31m[1m>[22m[39m[90m 36 |[39m             [36mawait[39m [33mAppDataSource[39m[33m.[39msynchronize([36mtrue[39m)[33m;[39m
     [90m    |[39m             [31m[1m^[22m[39m
     [90m 37 |[39m             [36mawait[39m [33mAppDataSource[39m[33m.[39mrunMigrations()[33m;[39m
     [90m 38 |[39m         }
     [90m 39 |[39m     }[0m

      at MysqlDriver.normalizeDatetimeFunction (node_modules/typeorm/src/driver/mysql/MysqlDriver.ts:1337:19)
      at MysqlDriver.normalizeDefault (node_modules/typeorm/src/driver/mysql/MysqlDriver.ts:810:25)
      at Function.createTableColumnOptions (node_modules/typeorm/src/schema-builder/util/TableUtils.ts:22:29)
      at node_modules/typeorm/src/schema-builder/table/Table.ts:408:32
          at Array.map (<anonymous>)
      at Function.create (node_modules/typeorm/src/schema-builder/table/Table.ts:407:18)
      at RdbmsSchemaBuilder.createNewTables (node_modules/src/schema-builder/RdbmsSchemaBuilder.ts:634:33)
      at async RdbmsSchemaBuilder.executeSchemaSyncOperationsInProperOrder (node_modules/src/schema-builder/RdbmsSchemaBuilder.ts:225:9)
      at async RdbmsSchemaBuilder.build (node_modules/src/schema-builder/RdbmsSchemaBuilder.ts:95:13)
      at async DataSource.synchronize (node_modules/src/data-source/DataSource.ts:340:9)
      at async initDataSource (tests/util/db/mariadb-datasource.mock.ts:36:13)
      at async Object.<anonymous> (tests/database/activity.service.test.ts:85:5)

  ● Roles and assignments › ensureAssignment + assignRole + doUnassignRole lifecycle

    QueryFailedError: Table 'surveyor_test.activity_plans' doesn't exist

      at Query.onResult (node_modules/typeorm/src/driver/mysql/MysqlQueryRunner.ts:247:33)
      at Query.execute (node_modules/mysql2/lib/commands/command.js:36:14)
      at PoolConnection.handlePacket (node_modules/mysql2/lib/base/connection.js:477:34)
      at PacketParser.onPacket (node_modules/mysql2/lib/base/connection.js:93:12)
      at PacketParser.executeStart (node_modules/mysql2/lib/packet_parser.js:75:16)
      at Socket.<anonymous> (node_modules/mysql2/lib/base/connection.js:100:25)

  ● createActivityPlanTx (with slots) › inserts plan + slots and returns the new plan id

    TypeError: value.toUpperCase is not a function

    [0m [90m 34 |[39m         } [36mcatch[39m (err) {
     [90m 35 |[39m             console[33m.[39mwarn([32m'[tests] runMigrations failed on MariaDB, falling back to synchronize:'[39m[33m,[39m (err [36mas[39m any)[33m?[39m[33m.[39mmessage [33m||[39m err)[33m;[39m
    [31m[1m>[22m[39m[90m 36 |[39m             [36mawait[39m [33mAppDataSource[39m[33m.[39msynchronize([36mtrue[39m)[33m;[39m
     [90m    |[39m             [31m[1m^[22m[39m
     [90m 37 |[39m             [36mawait[39m [33mAppDataSource[39m[33m.[39mrunMigrations()[33m;[39m
     [90m 38 |[39m         }
     [90m 39 |[39m     }[0m

      at MysqlDriver.normalizeDatetimeFunction (node_modules/typeorm/src/driver/mysql/MysqlDriver.ts:1337:19)
      at MysqlDriver.normalizeDefault (node_modules/typeorm/src/driver/mysql/MysqlDriver.ts:810:25)
      at Function.createTableColumnOptions (node_modules/typeorm/src/schema-builder/util/TableUtils.ts:22:29)
      at node_modules/typeorm/src/schema-builder/table/Table.ts:408:32
          at Array.map (<anonymous>)
      at Function.create (node_modules/typeorm/src/schema-builder/table/Table.ts:407:18)
      at RdbmsSchemaBuilder.createNewTables (node_modules/src/schema-builder/RdbmsSchemaBuilder.ts:634:33)
      at async RdbmsSchemaBuilder.executeSchemaSyncOperationsInProperOrder (node_modules/src/schema-builder/RdbmsSchemaBuilder.ts:225:9)
      at async RdbmsSchemaBuilder.build (node_modules/src/schema-builder/RdbmsSchemaBuilder.ts:95:13)
      at async DataSource.synchronize (node_modules/src/data-source/DataSource.ts:340:9)
      at async initDataSource (tests/util/db/mariadb-datasource.mock.ts:36:13)
      at async Object.<anonymous> (tests/database/activity.service.test.ts:85:5)

  ● createActivityPlanTx (with slots) › inserts plan + slots and returns the new plan id

    QueryFailedError: Table 'surveyor_test.activity_plans' doesn't exist

      at Query.onResult (node_modules/typeorm/src/driver/mysql/MysqlQueryRunner.ts:247:33)
      at Query.execute (node_modules/mysql2/lib/commands/command.js:36:14)
      at PoolConnection.handlePacket (node_modules/mysql2/lib/base/connection.js:477:34)
      at PacketParser.onPacket (node_modules/mysql2/lib/base/connection.js:93:12)
      at PacketParser.executeStart (node_modules/mysql2/lib/packet_parser.js:75:16)
      at Socket.<anonymous> (node_modules/mysql2/lib/base/connection.js:100:25)

  ● Aggregates and lookups › getActivitySlotAssignees returns map with assignee name and roles

    TypeError: value.toUpperCase is not a function

    [0m [90m 34 |[39m         } [36mcatch[39m (err) {
     [90m 35 |[39m             console[33m.[39mwarn([32m'[tests] runMigrations failed on MariaDB, falling back to synchronize:'[39m[33m,[39m (err [36mas[39m any)[33m?[39m[33m.[39mmessage [33m||[39m err)[33m;[39m
    [31m[1m>[22m[39m[90m 36 |[39m             [36mawait[39m [33mAppDataSource[39m[33m.[39msynchronize([36mtrue[39m)[33m;[39m
     [90m    |[39m             [31m[1m^[22m[39m
     [90m 37 |[39m             [36mawait[39m [33mAppDataSource[39m[33m.[39mrunMigrations()[33m;[39m
     [90m 38 |[39m         }
     [90m 39 |[39m     }[0m

      at MysqlDriver.normalizeDatetimeFunction (node_modules/typeorm/src/driver/mysql/MysqlDriver.ts:1337:19)
      at MysqlDriver.normalizeDefault (node_modules/typeorm/src/driver/mysql/MysqlDriver.ts:810:25)
      at Function.createTableColumnOptions (node_modules/typeorm/src/schema-builder/util/TableUtils.ts:22:29)
      at node_modules/typeorm/src/schema-builder/table/Table.ts:408:32
          at Array.map (<anonymous>)
      at Function.create (node_modules/typeorm/src/schema-builder/table/Table.ts:407:18)
      at RdbmsSchemaBuilder.createNewTables (node_modules/src/schema-builder/RdbmsSchemaBuilder.ts:634:33)
      at async RdbmsSchemaBuilder.executeSchemaSyncOperationsInProperOrder (node_modules/src/schema-builder/RdbmsSchemaBuilder.ts:225:9)
      at async RdbmsSchemaBuilder.build (node_modules/src/schema-builder/RdbmsSchemaBuilder.ts:95:13)
      at async DataSource.synchronize (node_modules/src/data-source/DataSource.ts:340:9)
      at async initDataSource (tests/util/db/mariadb-datasource.mock.ts:36:13)
      at async Object.<anonymous> (tests/database/activity.service.test.ts:85:5)

  ● Aggregates and lookups › getActivitySlotAssignees returns map with assignee name and roles

    QueryFailedError: Table 'surveyor_test.activity_plans' doesn't exist

      at Query.onResult (node_modules/typeorm/src/driver/mysql/MysqlQueryRunner.ts:247:33)
      at Query.execute (node_modules/mysql2/lib/commands/command.js:36:14)
      at PoolConnection.handlePacket (node_modules/mysql2/lib/base/connection.js:477:34)
      at PacketParser.onPacket (node_modules/mysql2/lib/base/connection.js:93:12)
      at PacketParser.executeStart (node_modules/mysql2/lib/packet_parser.js:75:16)
      at Socket.<anonymous> (node_modules/mysql2/lib/base/connection.js:100:25)

  ● Aggregates and lookups › getActivityPlanParticipants aggregates distinct assignments and roles per name

    TypeError: value.toUpperCase is not a function

    [0m [90m 34 |[39m         } [36mcatch[39m (err) {
     [90m 35 |[39m             console[33m.[39mwarn([32m'[tests] runMigrations failed on MariaDB, falling back to synchronize:'[39m[33m,[39m (err [36mas[39m any)[33m?[39m[33m.[39mmessage [33m||[39m err)[33m;[39m
    [31m[1m>[22m[39m[90m 36 |[39m             [36mawait[39m [33mAppDataSource[39m[33m.[39msynchronize([36mtrue[39m)[33m;[39m
     [90m    |[39m             [31m[1m^[22m[39m
     [90m 37 |[39m             [36mawait[39m [33mAppDataSource[39m[33m.[39mrunMigrations()[33m;[39m
     [90m 38 |[39m         }
     [90m 39 |[39m     }[0m

      at MysqlDriver.normalizeDatetimeFunction (node_modules/typeorm/src/driver/mysql/MysqlDriver.ts:1337:19)
      at MysqlDriver.normalizeDefault (node_modules/typeorm/src/driver/mysql/MysqlDriver.ts:810:25)
      at Function.createTableColumnOptions (node_modules/typeorm/src/schema-builder/util/TableUtils.ts:22:29)
      at node_modules/typeorm/src/schema-builder/table/Table.ts:408:32
          at Array.map (<anonymous>)
      at Function.create (node_modules/typeorm/src/schema-builder/table/Table.ts:407:18)
      at RdbmsSchemaBuilder.createNewTables (node_modules/src/schema-builder/RdbmsSchemaBuilder.ts:634:33)
      at async RdbmsSchemaBuilder.executeSchemaSyncOperationsInProperOrder (node_modules/src/schema-builder/RdbmsSchemaBuilder.ts:225:9)
      at async RdbmsSchemaBuilder.build (node_modules/src/schema-builder/RdbmsSchemaBuilder.ts:95:13)
      at async DataSource.synchronize (node_modules/src/data-source/DataSource.ts:340:9)
      at async initDataSource (tests/util/db/mariadb-datasource.mock.ts:36:13)
      at async Object.<anonymous> (tests/database/activity.service.test.ts:85:5)

  ● Aggregates and lookups › getActivityPlanParticipants aggregates distinct assignments and roles per name

    QueryFailedError: Table 'surveyor_test.activity_plans' doesn't exist

      at Query.onResult (node_modules/typeorm/src/driver/mysql/MysqlQueryRunner.ts:247:33)
      at Query.execute (node_modules/mysql2/lib/commands/command.js:36:14)
      at PoolConnection.handlePacket (node_modules/mysql2/lib/base/connection.js:477:34)
      at PacketParser.onPacket (node_modules/mysql2/lib/base/connection.js:93:12)
      at PacketParser.executeStart (node_modules/mysql2/lib/packet_parser.js:75:16)
      at Socket.<anonymous> (node_modules/mysql2/lib/base/connection.js:100:25)

  ● Aggregates and lookups › addActivitySlotRoles + getActivitySlotRoles maps slot->roles

    TypeError: value.toUpperCase is not a function

    [0m [90m 34 |[39m         } [36mcatch[39m (err) {
     [90m 35 |[39m             console[33m.[39mwarn([32m'[tests] runMigrations failed on MariaDB, falling back to synchronize:'[39m[33m,[39m (err [36mas[39m any)[33m?[39m[33m.[39mmessage [33m||[39m err)[33m;[39m
    [31m[1m>[22m[39m[90m 36 |[39m             [36mawait[39m [33mAppDataSource[39m[33m.[39msynchronize([36mtrue[39m)[33m;[39m
     [90m    |[39m             [31m[1m^[22m[39m
     [90m 37 |[39m             [36mawait[39m [33mAppDataSource[39m[33m.[39mrunMigrations()[33m;[39m
     [90m 38 |[39m         }
     [90m 39 |[39m     }[0m

      at MysqlDriver.normalizeDatetimeFunction (node_modules/typeorm/src/driver/mysql/MysqlDriver.ts:1337:19)
      at MysqlDriver.normalizeDefault (node_modules/typeorm/src/driver/mysql/MysqlDriver.ts:810:25)
      at Function.createTableColumnOptions (node_modules/typeorm/src/schema-builder/util/TableUtils.ts:22:29)
      at node_modules/typeorm/src/schema-builder/table/Table.ts:408:32
          at Array.map (<anonymous>)
      at Function.create (node_modules/typeorm/src/schema-builder/table/Table.ts:407:18)
      at RdbmsSchemaBuilder.createNewTables (node_modules/src/schema-builder/RdbmsSchemaBuilder.ts:634:33)
      at async RdbmsSchemaBuilder.executeSchemaSyncOperationsInProperOrder (node_modules/src/schema-builder/RdbmsSchemaBuilder.ts:225:9)
      at async RdbmsSchemaBuilder.build (node_modules/src/schema-builder/RdbmsSchemaBuilder.ts:95:13)
      at async DataSource.synchronize (node_modules/src/data-source/DataSource.ts:340:9)
      at async initDataSource (tests/util/db/mariadb-datasource.mock.ts:36:13)
      at async Object.<anonymous> (tests/database/activity.service.test.ts:85:5)

  ● Aggregates and lookups › addActivitySlotRoles + getActivitySlotRoles maps slot->roles

    QueryFailedError: Table 'surveyor_test.activity_plans' doesn't exist

      at Query.onResult (node_modules/typeorm/src/driver/mysql/MysqlQueryRunner.ts:247:33)
      at Query.execute (node_modules/mysql2/lib/commands/command.js:36:14)
      at PoolConnection.handlePacket (node_modules/mysql2/lib/base/connection.js:477:34)
      at PacketParser.onPacket (node_modules/mysql2/lib/base/connection.js:93:12)
      at PacketParser.executeStart (node_modules/mysql2/lib/packet_parser.js:75:16)
      at Socket.<anonymous> (node_modules/mysql2/lib/base/connection.js:100:25)

  ● Aggregates and lookups › deleteActivitySlotAssignment removes assignment

    TypeError: value.toUpperCase is not a function

    [0m [90m 34 |[39m         } [36mcatch[39m (err) {
     [90m 35 |[39m             console[33m.[39mwarn([32m'[tests] runMigrations failed on MariaDB, falling back to synchronize:'[39m[33m,[39m (err [36mas[39m any)[33m?[39m[33m.[39mmessage [33m||[39m err)[33m;[39m
    [31m[1m>[22m[39m[90m 36 |[39m             [36mawait[39m [33mAppDataSource[39m[33m.[39msynchronize([36mtrue[39m)[33m;[39m
     [90m    |[39m             [31m[1m^[22m[39m
     [90m 37 |[39m             [36mawait[39m [33mAppDataSource[39m[33m.[39mrunMigrations()[33m;[39m
     [90m 38 |[39m         }
     [90m 39 |[39m     }[0m

      at MysqlDriver.normalizeDatetimeFunction (node_modules/typeorm/src/driver/mysql/MysqlDriver.ts:1337:19)
      at MysqlDriver.normalizeDefault (node_modules/typeorm/src/driver/mysql/MysqlDriver.ts:810:25)
      at Function.createTableColumnOptions (node_modules/typeorm/src/schema-builder/util/TableUtils.ts:22:29)
      at node_modules/typeorm/src/schema-builder/table/Table.ts:408:32
          at Array.map (<anonymous>)
      at Function.create (node_modules/typeorm/src/schema-builder/table/Table.ts:407:18)
      at RdbmsSchemaBuilder.createNewTables (node_modules/src/schema-builder/RdbmsSchemaBuilder.ts:634:33)
      at async RdbmsSchemaBuilder.executeSchemaSyncOperationsInProperOrder (node_modules/src/schema-builder/RdbmsSchemaBuilder.ts:225:9)
      at async RdbmsSchemaBuilder.build (node_modules/src/schema-builder/RdbmsSchemaBuilder.ts:95:13)
      at async DataSource.synchronize (node_modules/src/data-source/DataSource.ts:340:9)
      at async initDataSource (tests/util/db/mariadb-datasource.mock.ts:36:13)
      at async Object.<anonymous> (tests/database/activity.service.test.ts:85:5)

  ● Aggregates and lookups › deleteActivitySlotAssignment removes assignment

    QueryFailedError: Table 'surveyor_test.activity_plans' doesn't exist

      at Query.onResult (node_modules/typeorm/src/driver/mysql/MysqlQueryRunner.ts:247:33)
      at Query.execute (node_modules/mysql2/lib/commands/command.js:36:14)
      at PoolConnection.handlePacket (node_modules/mysql2/lib/base/connection.js:477:34)
      at PacketParser.onPacket (node_modules/mysql2/lib/base/connection.js:93:12)
      at PacketParser.executeStart (node_modules/mysql2/lib/packet_parser.js:75:16)
      at Socket.<anonymous> (node_modules/mysql2/lib/base/connection.js:100:25)

  ● Plan CRUD: get/update/delete/list › create/get/update flags & description / list by owner / delete

    TypeError: value.toUpperCase is not a function

    [0m [90m 34 |[39m         } [36mcatch[39m (err) {
     [90m 35 |[39m             console[33m.[39mwarn([32m'[tests] runMigrations failed on MariaDB, falling back to synchronize:'[39m[33m,[39m (err [36mas[39m any)[33m?[39m[33m.[39mmessage [33m||[39m err)[33m;[39m
    [31m[1m>[22m[39m[90m 36 |[39m             [36mawait[39m [33mAppDataSource[39m[33m.[39msynchronize([36mtrue[39m)[33m;[39m
     [90m    |[39m             [31m[1m^[22m[39m
     [90m 37 |[39m             [36mawait[39m [33mAppDataSource[39m[33m.[39mrunMigrations()[33m;[39m
     [90m 38 |[39m         }
     [90m 39 |[39m     }[0m

      at MysqlDriver.normalizeDatetimeFunction (node_modules/typeorm/src/driver/mysql/MysqlDriver.ts:1337:19)
      at MysqlDriver.normalizeDefault (node_modules/typeorm/src/driver/mysql/MysqlDriver.ts:810:25)
      at Function.createTableColumnOptions (node_modules/typeorm/src/schema-builder/util/TableUtils.ts:22:29)
      at node_modules/typeorm/src/schema-builder/table/Table.ts:408:32
          at Array.map (<anonymous>)
      at Function.create (node_modules/typeorm/src/schema-builder/table/Table.ts:407:18)
      at RdbmsSchemaBuilder.createNewTables (node_modules/src/schema-builder/RdbmsSchemaBuilder.ts:634:33)
      at async RdbmsSchemaBuilder.executeSchemaSyncOperationsInProperOrder (node_modules/src/schema-builder/RdbmsSchemaBuilder.ts:225:9)
      at async RdbmsSchemaBuilder.build (node_modules/src/schema-builder/RdbmsSchemaBuilder.ts:95:13)
      at async DataSource.synchronize (node_modules/src/data-source/DataSource.ts:340:9)
      at async initDataSource (tests/util/db/mariadb-datasource.mock.ts:36:13)
      at async Object.<anonymous> (tests/database/activity.service.test.ts:85:5)

  ● Plan CRUD: get/update/delete/list › create/get/update flags & description / list by owner / delete

    QueryFailedError: Table 'surveyor_test.activity_plans' doesn't exist

      at Query.onResult (node_modules/typeorm/src/driver/mysql/MysqlQueryRunner.ts:247:33)
      at Query.execute (node_modules/mysql2/lib/commands/command.js:36:14)
      at PoolConnection.handlePacket (node_modules/mysql2/lib/base/connection.js:477:34)
      at PacketParser.onPacket (node_modules/mysql2/lib/base/connection.js:93:12)
      at PacketParser.executeStart (node_modules/mysql2/lib/packet_parser.js:75:16)
      at Socket.<anonymous> (node_modules/mysql2/lib/base/connection.js:100:25)

  ● Slot CRUD: add/list/update/reorder/delete/lastNumber › addActivitySlots + getActivitySlots groups by day and counts assignments

    TypeError: value.toUpperCase is not a function

    [0m [90m 34 |[39m         } [36mcatch[39m (err) {
     [90m 35 |[39m             console[33m.[39mwarn([32m'[tests] runMigrations failed on MariaDB, falling back to synchronize:'[39m[33m,[39m (err [36mas[39m any)[33m?[39m[33m.[39mmessage [33m||[39m err)[33m;[39m
    [31m[1m>[22m[39m[90m 36 |[39m             [36mawait[39m [33mAppDataSource[39m[33m.[39msynchronize([36mtrue[39m)[33m;[39m
     [90m    |[39m             [31m[1m^[22m[39m
     [90m 37 |[39m             [36mawait[39m [33mAppDataSource[39m[33m.[39mrunMigrations()[33m;[39m
     [90m 38 |[39m         }
     [90m 39 |[39m     }[0m

      at MysqlDriver.normalizeDatetimeFunction (node_modules/typeorm/src/driver/mysql/MysqlDriver.ts:1337:19)
      at MysqlDriver.normalizeDefault (node_modules/typeorm/src/driver/mysql/MysqlDriver.ts:810:25)
      at Function.createTableColumnOptions (node_modules/typeorm/src/schema-builder/util/TableUtils.ts:22:29)
      at node_modules/typeorm/src/schema-builder/table/Table.ts:408:32
          at Array.map (<anonymous>)
      at Function.create (node_modules/typeorm/src/schema-builder/table/Table.ts:407:18)
      at RdbmsSchemaBuilder.createNewTables (node_modules/src/schema-builder/RdbmsSchemaBuilder.ts:634:33)
      at async RdbmsSchemaBuilder.executeSchemaSyncOperationsInProperOrder (node_modules/src/schema-builder/RdbmsSchemaBuilder.ts:225:9)
      at async RdbmsSchemaBuilder.build (node_modules/src/schema-builder/RdbmsSchemaBuilder.ts:95:13)
      at async DataSource.synchronize (node_modules/src/data-source/DataSource.ts:340:9)
      at async initDataSource (tests/util/db/mariadb-datasource.mock.ts:36:13)
      at async Object.<anonymous> (tests/database/activity.service.test.ts:85:5)

  ● Slot CRUD: add/list/update/reorder/delete/lastNumber › addActivitySlots + getActivitySlots groups by day and counts assignments

    QueryFailedError: Table 'surveyor_test.activity_plans' doesn't exist

      at Query.onResult (node_modules/typeorm/src/driver/mysql/MysqlQueryRunner.ts:247:33)
      at Query.execute (node_modules/mysql2/lib/commands/command.js:36:14)
      at PoolConnection.handlePacket (node_modules/mysql2/lib/base/connection.js:477:34)
      at PacketParser.onPacket (node_modules/mysql2/lib/base/connection.js:93:12)
      at PacketParser.executeStart (node_modules/mysql2/lib/packet_parser.js:75:16)
      at Socket.<anonymous> (node_modules/mysql2/lib/base/connection.js:100:25)

  ● Slot CRUD: add/list/update/reorder/delete/lastNumber › updateActivitySlot returns undefined for empty input; true for changes and persists them

    TypeError: value.toUpperCase is not a function

    [0m [90m 34 |[39m         } [36mcatch[39m (err) {
     [90m 35 |[39m             console[33m.[39mwarn([32m'[tests] runMigrations failed on MariaDB, falling back to synchronize:'[39m[33m,[39m (err [36mas[39m any)[33m?[39m[33m.[39mmessage [33m||[39m err)[33m;[39m
    [31m[1m>[22m[39m[90m 36 |[39m             [36mawait[39m [33mAppDataSource[39m[33m.[39msynchronize([36mtrue[39m)[33m;[39m
     [90m    |[39m             [31m[1m^[22m[39m
     [90m 37 |[39m             [36mawait[39m [33mAppDataSource[39m[33m.[39mrunMigrations()[33m;[39m
     [90m 38 |[39m         }
     [90m 39 |[39m     }[0m

      at MysqlDriver.normalizeDatetimeFunction (node_modules/typeorm/src/driver/mysql/MysqlDriver.ts:1337:19)
      at MysqlDriver.normalizeDefault (node_modules/typeorm/src/driver/mysql/MysqlDriver.ts:810:25)
      at Function.createTableColumnOptions (node_modules/typeorm/src/schema-builder/util/TableUtils.ts:22:29)
      at node_modules/typeorm/src/schema-builder/table/Table.ts:408:32
          at Array.map (<anonymous>)
      at Function.create (node_modules/typeorm/src/schema-builder/table/Table.ts:407:18)
      at RdbmsSchemaBuilder.createNewTables (node_modules/src/schema-builder/RdbmsSchemaBuilder.ts:634:33)
      at async RdbmsSchemaBuilder.executeSchemaSyncOperationsInProperOrder (node_modules/src/schema-builder/RdbmsSchemaBuilder.ts:225:9)
      at async RdbmsSchemaBuilder.build (node_modules/src/schema-builder/RdbmsSchemaBuilder.ts:95:13)
      at async DataSource.synchronize (node_modules/src/data-source/DataSource.ts:340:9)
      at async initDataSource (tests/util/db/mariadb-datasource.mock.ts:36:13)
      at async Object.<anonymous> (tests/database/activity.service.test.ts:85:5)

  ● Slot CRUD: add/list/update/reorder/delete/lastNumber › updateActivitySlot returns undefined for empty input; true for changes and persists them

    QueryFailedError: Table 'surveyor_test.activity_plans' doesn't exist

      at Query.onResult (node_modules/typeorm/src/driver/mysql/MysqlQueryRunner.ts:247:33)
      at Query.execute (node_modules/mysql2/lib/commands/command.js:36:14)
      at PoolConnection.handlePacket (node_modules/mysql2/lib/base/connection.js:477:34)
      at PacketParser.onPacket (node_modules/mysql2/lib/base/connection.js:93:12)
      at PacketParser.executeStart (node_modules/mysql2/lib/packet_parser.js:75:16)
      at Socket.<anonymous> (node_modules/mysql2/lib/base/connection.js:100:25)

  ● Slot CRUD: add/list/update/reorder/delete/lastNumber › reorderActivitySlots updates per-slot pos and getLastActivitySlotNumber works per day

    TypeError: value.toUpperCase is not a function

    [0m [90m 34 |[39m         } [36mcatch[39m (err) {
     [90m 35 |[39m             console[33m.[39mwarn([32m'[tests] runMigrations failed on MariaDB, falling back to synchronize:'[39m[33m,[39m (err [36mas[39m any)[33m?[39m[33m.[39mmessage [33m||[39m err)[33m;[39m
    [31m[1m>[22m[39m[90m 36 |[39m             [36mawait[39m [33mAppDataSource[39m[33m.[39msynchronize([36mtrue[39m)[33m;[39m
     [90m    |[39m             [31m[1m^[22m[39m
     [90m 37 |[39m             [36mawait[39m [33mAppDataSource[39m[33m.[39mrunMigrations()[33m;[39m
     [90m 38 |[39m         }
     [90m 39 |[39m     }[0m

      at MysqlDriver.normalizeDatetimeFunction (node_modules/typeorm/src/driver/mysql/MysqlDriver.ts:1337:19)
      at MysqlDriver.normalizeDefault (node_modules/typeorm/src/driver/mysql/MysqlDriver.ts:810:25)
      at Function.createTableColumnOptions (node_modules/typeorm/src/schema-builder/util/TableUtils.ts:22:29)
      at node_modules/typeorm/src/schema-builder/table/Table.ts:408:32
          at Array.map (<anonymous>)
      at Function.create (node_modules/typeorm/src/schema-builder/table/Table.ts:407:18)
      at RdbmsSchemaBuilder.createNewTables (node_modules/src/schema-builder/RdbmsSchemaBuilder.ts:634:33)
      at async RdbmsSchemaBuilder.executeSchemaSyncOperationsInProperOrder (node_modules/src/schema-builder/RdbmsSchemaBuilder.ts:225:9)
      at async RdbmsSchemaBuilder.build (node_modules/src/schema-builder/RdbmsSchemaBuilder.ts:95:13)
      at async DataSource.synchronize (node_modules/src/data-source/DataSource.ts:340:9)
      at async initDataSource (tests/util/db/mariadb-datasource.mock.ts:36:13)
      at async Object.<anonymous> (tests/database/activity.service.test.ts:85:5)

  ● Slot CRUD: add/list/update/reorder/delete/lastNumber › reorderActivitySlots updates per-slot pos and getLastActivitySlotNumber works per day

    QueryFailedError: Table 'surveyor_test.activity_plans' doesn't exist

      at Query.onResult (node_modules/typeorm/src/driver/mysql/MysqlQueryRunner.ts:247:33)
      at Query.execute (node_modules/mysql2/lib/commands/command.js:36:14)
      at PoolConnection.handlePacket (node_modules/mysql2/lib/base/connection.js:477:34)
      at PacketParser.onPacket (node_modules/mysql2/lib/base/connection.js:93:12)
      at PacketParser.executeStart (node_modules/mysql2/lib/packet_parser.js:75:16)
      at Socket.<anonymous> (node_modules/mysql2/lib/base/connection.js:100:25)

  ● Slot CRUD: add/list/update/reorder/delete/lastNumber › deleteActivitySlot removes slot

    TypeError: value.toUpperCase is not a function

    [0m [90m 34 |[39m         } [36mcatch[39m (err) {
     [90m 35 |[39m             console[33m.[39mwarn([32m'[tests] runMigrations failed on MariaDB, falling back to synchronize:'[39m[33m,[39m (err [36mas[39m any)[33m?[39m[33m.[39mmessage [33m||[39m err)[33m;[39m
    [31m[1m>[22m[39m[90m 36 |[39m             [36mawait[39m [33mAppDataSource[39m[33m.[39msynchronize([36mtrue[39m)[33m;[39m
     [90m    |[39m             [31m[1m^[22m[39m
     [90m 37 |[39m             [36mawait[39m [33mAppDataSource[39m[33m.[39mrunMigrations()[33m;[39m
     [90m 38 |[39m         }
     [90m 39 |[39m     }[0m

      at MysqlDriver.normalizeDatetimeFunction (node_modules/typeorm/src/driver/mysql/MysqlDriver.ts:1337:19)
      at MysqlDriver.normalizeDefault (node_modules/typeorm/src/driver/mysql/MysqlDriver.ts:810:25)
      at Function.createTableColumnOptions (node_modules/typeorm/src/schema-builder/util/TableUtils.ts:22:29)
      at node_modules/typeorm/src/schema-builder/table/Table.ts:408:32
          at Array.map (<anonymous>)
      at Function.create (node_modules/typeorm/src/schema-builder/table/Table.ts:407:18)
      at RdbmsSchemaBuilder.createNewTables (node_modules/src/schema-builder/RdbmsSchemaBuilder.ts:634:33)
      at async RdbmsSchemaBuilder.executeSchemaSyncOperationsInProperOrder (node_modules/src/schema-builder/RdbmsSchemaBuilder.ts:225:9)
      at async RdbmsSchemaBuilder.build (node_modules/src/schema-builder/RdbmsSchemaBuilder.ts:95:13)
      at async DataSource.synchronize (node_modules/src/data-source/DataSource.ts:340:9)
      at async initDataSource (tests/util/db/mariadb-datasource.mock.ts:36:13)
      at async Object.<anonymous> (tests/database/activity.service.test.ts:85:5)

  ● Slot CRUD: add/list/update/reorder/delete/lastNumber › deleteActivitySlot removes slot

    QueryFailedError: Table 'surveyor_test.activity_plans' doesn't exist

      at Query.onResult (node_modules/typeorm/src/driver/mysql/MysqlQueryRunner.ts:247:33)
      at Query.execute (node_modules/mysql2/lib/commands/command.js:36:14)
      at PoolConnection.handlePacket (node_modules/mysql2/lib/base/connection.js:477:34)
      at PacketParser.onPacket (node_modules/mysql2/lib/base/connection.js:93:12)
      at PacketParser.executeStart (node_modules/mysql2/lib/packet_parser.js:75:16)
      at Socket.<anonymous> (node_modules/mysql2/lib/base/connection.js:100:25)

  ● Slot CRUD: add/list/update/reorder/delete/lastNumber › ensureAssignment throws when slotId missing

    TypeError: value.toUpperCase is not a function

    [0m [90m 34 |[39m         } [36mcatch[39m (err) {
     [90m 35 |[39m             console[33m.[39mwarn([32m'[tests] runMigrations failed on MariaDB, falling back to synchronize:'[39m[33m,[39m (err [36mas[39m any)[33m?[39m[33m.[39mmessage [33m||[39m err)[33m;[39m
    [31m[1m>[22m[39m[90m 36 |[39m             [36mawait[39m [33mAppDataSource[39m[33m.[39msynchronize([36mtrue[39m)[33m;[39m
     [90m    |[39m             [31m[1m^[22m[39m
     [90m 37 |[39m             [36mawait[39m [33mAppDataSource[39m[33m.[39mrunMigrations()[33m;[39m
     [90m 38 |[39m         }
     [90m 39 |[39m     }[0m

      at MysqlDriver.normalizeDatetimeFunction (node_modules/typeorm/src/driver/mysql/MysqlDriver.ts:1337:19)
      at MysqlDriver.normalizeDefault (node_modules/typeorm/src/driver/mysql/MysqlDriver.ts:810:25)
      at Function.createTableColumnOptions (node_modules/typeorm/src/schema-builder/util/TableUtils.ts:22:29)
      at node_modules/typeorm/src/schema-builder/table/Table.ts:408:32
          at Array.map (<anonymous>)
      at Function.create (node_modules/typeorm/src/schema-builder/table/Table.ts:407:18)
      at RdbmsSchemaBuilder.createNewTables (node_modules/src/schema-builder/RdbmsSchemaBuilder.ts:634:33)
      at async RdbmsSchemaBuilder.executeSchemaSyncOperationsInProperOrder (node_modules/src/schema-builder/RdbmsSchemaBuilder.ts:225:9)
      at async RdbmsSchemaBuilder.build (node_modules/src/schema-builder/RdbmsSchemaBuilder.ts:95:13)
      at async DataSource.synchronize (node_modules/src/data-source/DataSource.ts:340:9)
      at async initDataSource (tests/util/db/mariadb-datasource.mock.ts:36:13)
      at async Object.<anonymous> (tests/database/activity.service.test.ts:85:5)

  ● Slot CRUD: add/list/update/reorder/delete/lastNumber › ensureAssignment throws when slotId missing

    QueryFailedError: Table 'surveyor_test.activity_plans' doesn't exist

      at Query.onResult (node_modules/typeorm/src/driver/mysql/MysqlQueryRunner.ts:247:33)
      at Query.execute (node_modules/mysql2/lib/commands/command.js:36:14)
      at PoolConnection.handlePacket (node_modules/mysql2/lib/base/connection.js:477:34)
      at PacketParser.onPacket (node_modules/mysql2/lib/base/connection.js:93:12)
      at PacketParser.executeStart (node_modules/mysql2/lib/packet_parser.js:75:16)
      at Socket.<anonymous> (node_modules/mysql2/lib/base/connection.js:100:25)

  ● Assignment wrapper helpers + lookups › assign/unassign for user and guest + slot assignment lookups

    TypeError: value.toUpperCase is not a function

    [0m [90m 34 |[39m         } [36mcatch[39m (err) {
     [90m 35 |[39m             console[33m.[39mwarn([32m'[tests] runMigrations failed on MariaDB, falling back to synchronize:'[39m[33m,[39m (err [36mas[39m any)[33m?[39m[33m.[39mmessage [33m||[39m err)[33m;[39m
    [31m[1m>[22m[39m[90m 36 |[39m             [36mawait[39m [33mAppDataSource[39m[33m.[39msynchronize([36mtrue[39m)[33m;[39m
     [90m    |[39m             [31m[1m^[22m[39m
     [90m 37 |[39m             [36mawait[39m [33mAppDataSource[39m[33m.[39mrunMigrations()[33m;[39m
     [90m 38 |[39m         }
     [90m 39 |[39m     }[0m

      at MysqlDriver.normalizeDatetimeFunction (node_modules/typeorm/src/driver/mysql/MysqlDriver.ts:1337:19)
      at MysqlDriver.normalizeDefault (node_modules/typeorm/src/driver/mysql/MysqlDriver.ts:810:25)
      at Function.createTableColumnOptions (node_modules/typeorm/src/schema-builder/util/TableUtils.ts:22:29)
      at node_modules/typeorm/src/schema-builder/table/Table.ts:408:32
          at Array.map (<anonymous>)
      at Function.create (node_modules/typeorm/src/schema-builder/table/Table.ts:407:18)
      at RdbmsSchemaBuilder.createNewTables (node_modules/src/schema-builder/RdbmsSchemaBuilder.ts:634:33)
      at async RdbmsSchemaBuilder.executeSchemaSyncOperationsInProperOrder (node_modules/src/schema-builder/RdbmsSchemaBuilder.ts:225:9)
      at async RdbmsSchemaBuilder.build (node_modules/src/schema-builder/RdbmsSchemaBuilder.ts:95:13)
      at async DataSource.synchronize (node_modules/src/data-source/DataSource.ts:340:9)
      at async initDataSource (tests/util/db/mariadb-datasource.mock.ts:36:13)
      at async Object.<anonymous> (tests/database/activity.service.test.ts:85:5)

  ● Assignment wrapper helpers + lookups › assign/unassign for user and guest + slot assignment lookups

    QueryFailedError: Table 'surveyor_test.activity_plans' doesn't exist

      at Query.onResult (node_modules/typeorm/src/driver/mysql/MysqlQueryRunner.ts:247:33)
      at Query.execute (node_modules/mysql2/lib/commands/command.js:36:14)
      at PoolConnection.handlePacket (node_modules/mysql2/lib/base/connection.js:477:34)
      at PacketParser.onPacket (node_modules/mysql2/lib/base/connection.js:93:12)
      at PacketParser.executeStart (node_modules/mysql2/lib/packet_parser.js:75:16)
      at Socket.<anonymous> (node_modules/mysql2/lib/base/connection.js:100:25)

  ● Edge cases & additional scenarios › ensureRoleId for non-default marks isDefault=false

    TypeError: value.toUpperCase is not a function

    [0m [90m 34 |[39m         } [36mcatch[39m (err) {
     [90m 35 |[39m             console[33m.[39mwarn([32m'[tests] runMigrations failed on MariaDB, falling back to synchronize:'[39m[33m,[39m (err [36mas[39m any)[33m?[39m[33m.[39mmessage [33m||[39m err)[33m;[39m
    [31m[1m>[22m[39m[90m 36 |[39m             [36mawait[39m [33mAppDataSource[39m[33m.[39msynchronize([36mtrue[39m)[33m;[39m
     [90m    |[39m             [31m[1m^[22m[39m
     [90m 37 |[39m             [36mawait[39m [33mAppDataSource[39m[33m.[39mrunMigrations()[33m;[39m
     [90m 38 |[39m         }
     [90m 39 |[39m     }[0m

      at MysqlDriver.normalizeDatetimeFunction (node_modules/typeorm/src/driver/mysql/MysqlDriver.ts:1337:19)
      at MysqlDriver.normalizeDefault (node_modules/typeorm/src/driver/mysql/MysqlDriver.ts:810:25)
      at Function.createTableColumnOptions (node_modules/typeorm/src/schema-builder/util/TableUtils.ts:22:29)
      at node_modules/typeorm/src/schema-builder/table/Table.ts:408:32
          at Array.map (<anonymous>)
      at Function.create (node_modules/typeorm/src/schema-builder/table/Table.ts:407:18)
      at RdbmsSchemaBuilder.createNewTables (node_modules/src/schema-builder/RdbmsSchemaBuilder.ts:634:33)
      at async RdbmsSchemaBuilder.executeSchemaSyncOperationsInProperOrder (node_modules/src/schema-builder/RdbmsSchemaBuilder.ts:225:9)
      at async RdbmsSchemaBuilder.build (node_modules/src/schema-builder/RdbmsSchemaBuilder.ts:95:13)
      at async DataSource.synchronize (node_modules/src/data-source/DataSource.ts:340:9)
      at async initDataSource (tests/util/db/mariadb-datasource.mock.ts:36:13)
      at async Object.<anonymous> (tests/database/activity.service.test.ts:85:5)

  ● Edge cases & additional scenarios › ensureRoleId for non-default marks isDefault=false

    QueryFailedError: Table 'surveyor_test.activity_plans' doesn't exist

      at Query.onResult (node_modules/typeorm/src/driver/mysql/MysqlQueryRunner.ts:247:33)
      at Query.execute (node_modules/mysql2/lib/commands/command.js:36:14)
      at PoolConnection.handlePacket (node_modules/mysql2/lib/base/connection.js:477:34)
      at PacketParser.onPacket (node_modules/mysql2/lib/base/connection.js:93:12)
      at PacketParser.executeStart (node_modules/mysql2/lib/packet_parser.js:75:16)
      at Socket.<anonymous> (node_modules/mysql2/lib/base/connection.js:100:25)

  ● Edge cases & additional scenarios › ensureAssignment reuses existing assignment for same slot/user and for guest

    TypeError: value.toUpperCase is not a function

    [0m [90m 34 |[39m         } [36mcatch[39m (err) {
     [90m 35 |[39m             console[33m.[39mwarn([32m'[tests] runMigrations failed on MariaDB, falling back to synchronize:'[39m[33m,[39m (err [36mas[39m any)[33m?[39m[33m.[39mmessage [33m||[39m err)[33m;[39m
    [31m[1m>[22m[39m[90m 36 |[39m             [36mawait[39m [33mAppDataSource[39m[33m.[39msynchronize([36mtrue[39m)[33m;[39m
     [90m    |[39m             [31m[1m^[22m[39m
     [90m 37 |[39m             [36mawait[39m [33mAppDataSource[39m[33m.[39mrunMigrations()[33m;[39m
     [90m 38 |[39m         }
     [90m 39 |[39m     }[0m

      at MysqlDriver.normalizeDatetimeFunction (node_modules/typeorm/src/driver/mysql/MysqlDriver.ts:1337:19)
      at MysqlDriver.normalizeDefault (node_modules/typeorm/src/driver/mysql/MysqlDriver.ts:810:25)
      at Function.createTableColumnOptions (node_modules/typeorm/src/schema-builder/util/TableUtils.ts:22:29)
      at node_modules/typeorm/src/schema-builder/table/Table.ts:408:32
          at Array.map (<anonymous>)
      at Function.create (node_modules/typeorm/src/schema-builder/table/Table.ts:407:18)
      at RdbmsSchemaBuilder.createNewTables (node_modules/src/schema-builder/RdbmsSchemaBuilder.ts:634:33)
      at async RdbmsSchemaBuilder.executeSchemaSyncOperationsInProperOrder (node_modules/src/schema-builder/RdbmsSchemaBuilder.ts:225:9)
      at async RdbmsSchemaBuilder.build (node_modules/src/schema-builder/RdbmsSchemaBuilder.ts:95:13)
      at async DataSource.synchronize (node_modules/src/data-source/DataSource.ts:340:9)
      at async initDataSource (tests/util/db/mariadb-datasource.mock.ts:36:13)
      at async Object.<anonymous> (tests/database/activity.service.test.ts:85:5)

  ● Edge cases & additional scenarios › ensureAssignment reuses existing assignment for same slot/user and for guest

    QueryFailedError: Table 'surveyor_test.activity_plans' doesn't exist

      at Query.onResult (node_modules/typeorm/src/driver/mysql/MysqlQueryRunner.ts:247:33)
      at Query.execute (node_modules/mysql2/lib/commands/command.js:36:14)
      at PoolConnection.handlePacket (node_modules/mysql2/lib/base/connection.js:477:34)
      at PacketParser.onPacket (node_modules/mysql2/lib/base/connection.js:93:12)
      at PacketParser.executeStart (node_modules/mysql2/lib/packet_parser.js:75:16)
      at Socket.<anonymous> (node_modules/mysql2/lib/base/connection.js:100:25)

  ● Edge cases & additional scenarios › assignRole is idempotent for same (assignment, role)

    TypeError: value.toUpperCase is not a function

    [0m [90m 34 |[39m         } [36mcatch[39m (err) {
     [90m 35 |[39m             console[33m.[39mwarn([32m'[tests] runMigrations failed on MariaDB, falling back to synchronize:'[39m[33m,[39m (err [36mas[39m any)[33m?[39m[33m.[39mmessage [33m||[39m err)[33m;[39m
    [31m[1m>[22m[39m[90m 36 |[39m             [36mawait[39m [33mAppDataSource[39m[33m.[39msynchronize([36mtrue[39m)[33m;[39m
     [90m    |[39m             [31m[1m^[22m[39m
     [90m 37 |[39m             [36mawait[39m [33mAppDataSource[39m[33m.[39mrunMigrations()[33m;[39m
     [90m 38 |[39m         }
     [90m 39 |[39m     }[0m

      at MysqlDriver.normalizeDatetimeFunction (node_modules/typeorm/src/driver/mysql/MysqlDriver.ts:1337:19)
      at MysqlDriver.normalizeDefault (node_modules/typeorm/src/driver/mysql/MysqlDriver.ts:810:25)
      at Function.createTableColumnOptions (node_modules/typeorm/src/schema-builder/util/TableUtils.ts:22:29)
      at node_modules/typeorm/src/schema-builder/table/Table.ts:408:32
          at Array.map (<anonymous>)
      at Function.create (node_modules/typeorm/src/schema-builder/table/Table.ts:407:18)
      at RdbmsSchemaBuilder.createNewTables (node_modules/src/schema-builder/RdbmsSchemaBuilder.ts:634:33)
      at async RdbmsSchemaBuilder.executeSchemaSyncOperationsInProperOrder (node_modules/src/schema-builder/RdbmsSchemaBuilder.ts:225:9)
      at async RdbmsSchemaBuilder.build (node_modules/src/schema-builder/RdbmsSchemaBuilder.ts:95:13)
      at async DataSource.synchronize (node_modules/src/data-source/DataSource.ts:340:9)
      at async initDataSource (tests/util/db/mariadb-datasource.mock.ts:36:13)
      at async Object.<anonymous> (tests/database/activity.service.test.ts:85:5)

  ● Edge cases & additional scenarios › assignRole is idempotent for same (assignment, role)

    QueryFailedError: Table 'surveyor_test.activity_plans' doesn't exist

      at Query.onResult (node_modules/typeorm/src/driver/mysql/MysqlQueryRunner.ts:247:33)
      at Query.execute (node_modules/mysql2/lib/commands/command.js:36:14)
      at PoolConnection.handlePacket (node_modules/mysql2/lib/base/connection.js:477:34)
      at PacketParser.onPacket (node_modules/mysql2/lib/base/connection.js:93:12)
      at PacketParser.executeStart (node_modules/mysql2/lib/packet_parser.js:75:16)
      at Socket.<anonymous> (node_modules/mysql2/lib/base/connection.js:100:25)

  ● Edge cases & additional scenarios › doUnassignRole returns false for unknown role; removing one of multiple roles preserves assignment

    TypeError: value.toUpperCase is not a function

    [0m [90m 34 |[39m         } [36mcatch[39m (err) {
     [90m 35 |[39m             console[33m.[39mwarn([32m'[tests] runMigrations failed on MariaDB, falling back to synchronize:'[39m[33m,[39m (err [36mas[39m any)[33m?[39m[33m.[39mmessage [33m||[39m err)[33m;[39m
    [31m[1m>[22m[39m[90m 36 |[39m             [36mawait[39m [33mAppDataSource[39m[33m.[39msynchronize([36mtrue[39m)[33m;[39m
     [90m    |[39m             [31m[1m^[22m[39m
     [90m 37 |[39m             [36mawait[39m [33mAppDataSource[39m[33m.[39mrunMigrations()[33m;[39m
     [90m 38 |[39m         }
     [90m 39 |[39m     }[0m

      at MysqlDriver.normalizeDatetimeFunction (node_modules/typeorm/src/driver/mysql/MysqlDriver.ts:1337:19)
      at MysqlDriver.normalizeDefault (node_modules/typeorm/src/driver/mysql/MysqlDriver.ts:810:25)
      at Function.createTableColumnOptions (node_modules/typeorm/src/schema-builder/util/TableUtils.ts:22:29)
      at node_modules/typeorm/src/schema-builder/table/Table.ts:408:32
          at Array.map (<anonymous>)
      at Function.create (node_modules/typeorm/src/schema-builder/table/Table.ts:407:18)
      at RdbmsSchemaBuilder.createNewTables (node_modules/src/schema-builder/RdbmsSchemaBuilder.ts:634:33)
      at async RdbmsSchemaBuilder.executeSchemaSyncOperationsInProperOrder (node_modules/src/schema-builder/RdbmsSchemaBuilder.ts:225:9)
      at async RdbmsSchemaBuilder.build (node_modules/src/schema-builder/RdbmsSchemaBuilder.ts:95:13)
      at async DataSource.synchronize (node_modules/src/data-source/DataSource.ts:340:9)
      at async initDataSource (tests/util/db/mariadb-datasource.mock.ts:36:13)
      at async Object.<anonymous> (tests/database/activity.service.test.ts:85:5)

  ● Edge cases & additional scenarios › doUnassignRole returns false for unknown role; removing one of multiple roles preserves assignment

    QueryFailedError: Table 'surveyor_test.activity_plans' doesn't exist

      at Query.onResult (node_modules/typeorm/src/driver/mysql/MysqlQueryRunner.ts:247:33)
      at Query.execute (node_modules/mysql2/lib/commands/command.js:36:14)
      at PoolConnection.handlePacket (node_modules/mysql2/lib/base/connection.js:477:34)
      at PacketParser.onPacket (node_modules/mysql2/lib/base/connection.js:93:12)
      at PacketParser.executeStart (node_modules/mysql2/lib/packet_parser.js:75:16)
      at Socket.<anonymous> (node_modules/mysql2/lib/base/connection.js:100:25)

  ● Edge cases & additional scenarios › createActivityPlanTx with empty slots inserts only the plan

    TypeError: value.toUpperCase is not a function

    [0m [90m 34 |[39m         } [36mcatch[39m (err) {
     [90m 35 |[39m             console[33m.[39mwarn([32m'[tests] runMigrations failed on MariaDB, falling back to synchronize:'[39m[33m,[39m (err [36mas[39m any)[33m?[39m[33m.[39mmessage [33m||[39m err)[33m;[39m
    [31m[1m>[22m[39m[90m 36 |[39m             [36mawait[39m [33mAppDataSource[39m[33m.[39msynchronize([36mtrue[39m)[33m;[39m
     [90m    |[39m             [31m[1m^[22m[39m
     [90m 37 |[39m             [36mawait[39m [33mAppDataSource[39m[33m.[39mrunMigrations()[33m;[39m
     [90m 38 |[39m         }
     [90m 39 |[39m     }[0m

      at MysqlDriver.normalizeDatetimeFunction (node_modules/typeorm/src/driver/mysql/MysqlDriver.ts:1337:19)
      at MysqlDriver.normalizeDefault (node_modules/typeorm/src/driver/mysql/MysqlDriver.ts:810:25)
      at Function.createTableColumnOptions (node_modules/typeorm/src/schema-builder/util/TableUtils.ts:22:29)
      at node_modules/typeorm/src/schema-builder/table/Table.ts:408:32
          at Array.map (<anonymous>)
      at Function.create (node_modules/typeorm/src/schema-builder/table/Table.ts:407:18)
      at RdbmsSchemaBuilder.createNewTables (node_modules/src/schema-builder/RdbmsSchemaBuilder.ts:634:33)
      at async RdbmsSchemaBuilder.executeSchemaSyncOperationsInProperOrder (node_modules/src/schema-builder/RdbmsSchemaBuilder.ts:225:9)
      at async RdbmsSchemaBuilder.build (node_modules/src/schema-builder/RdbmsSchemaBuilder.ts:95:13)
      at async DataSource.synchronize (node_modules/src/data-source/DataSource.ts:340:9)
      at async initDataSource (tests/util/db/mariadb-datasource.mock.ts:36:13)
      at async Object.<anonymous> (tests/database/activity.service.test.ts:85:5)

  ● Edge cases & additional scenarios › createActivityPlanTx with empty slots inserts only the plan

    QueryFailedError: Table 'surveyor_test.activity_plans' doesn't exist

      at Query.onResult (node_modules/typeorm/src/driver/mysql/MysqlQueryRunner.ts:247:33)
      at Query.execute (node_modules/mysql2/lib/commands/command.js:36:14)
      at PoolConnection.handlePacket (node_modules/mysql2/lib/base/connection.js:477:34)
      at PacketParser.onPacket (node_modules/mysql2/lib/base/connection.js:93:12)
      at PacketParser.executeStart (node_modules/mysql2/lib/packet_parser.js:75:16)
      at Socket.<anonymous> (node_modules/mysql2/lib/base/connection.js:100:25)

  ● Edge cases & additional scenarios › reorderActivitySlots does not affect slots from other plans

    TypeError: value.toUpperCase is not a function

    [0m [90m 34 |[39m         } [36mcatch[39m (err) {
     [90m 35 |[39m             console[33m.[39mwarn([32m'[tests] runMigrations failed on MariaDB, falling back to synchronize:'[39m[33m,[39m (err [36mas[39m any)[33m?[39m[33m.[39mmessage [33m||[39m err)[33m;[39m
    [31m[1m>[22m[39m[90m 36 |[39m             [36mawait[39m [33mAppDataSource[39m[33m.[39msynchronize([36mtrue[39m)[33m;[39m
     [90m    |[39m             [31m[1m^[22m[39m
     [90m 37 |[39m             [36mawait[39m [33mAppDataSource[39m[33m.[39mrunMigrations()[33m;[39m
     [90m 38 |[39m         }
     [90m 39 |[39m     }[0m

      at MysqlDriver.normalizeDatetimeFunction (node_modules/typeorm/src/driver/mysql/MysqlDriver.ts:1337:19)
      at MysqlDriver.normalizeDefault (node_modules/typeorm/src/driver/mysql/MysqlDriver.ts:810:25)
      at Function.createTableColumnOptions (node_modules/typeorm/src/schema-builder/util/TableUtils.ts:22:29)
      at node_modules/typeorm/src/schema-builder/table/Table.ts:408:32
          at Array.map (<anonymous>)
      at Function.create (node_modules/typeorm/src/schema-builder/table/Table.ts:407:18)
      at RdbmsSchemaBuilder.createNewTables (node_modules/src/schema-builder/RdbmsSchemaBuilder.ts:634:33)
      at async RdbmsSchemaBuilder.executeSchemaSyncOperationsInProperOrder (node_modules/src/schema-builder/RdbmsSchemaBuilder.ts:225:9)
      at async RdbmsSchemaBuilder.build (node_modules/src/schema-builder/RdbmsSchemaBuilder.ts:95:13)
      at async DataSource.synchronize (node_modules/src/data-source/DataSource.ts:340:9)
      at async initDataSource (tests/util/db/mariadb-datasource.mock.ts:36:13)
      at async Object.<anonymous> (tests/database/activity.service.test.ts:85:5)

  ● Edge cases & additional scenarios › reorderActivitySlots does not affect slots from other plans

    QueryFailedError: Table 'surveyor_test.activity_plans' doesn't exist

      at Query.onResult (node_modules/typeorm/src/driver/mysql/MysqlQueryRunner.ts:247:33)
      at Query.execute (node_modules/mysql2/lib/commands/command.js:36:14)
      at PoolConnection.handlePacket (node_modules/mysql2/lib/base/connection.js:477:34)
      at PacketParser.onPacket (node_modules/mysql2/lib/base/connection.js:93:12)
      at PacketParser.executeStart (node_modules/mysql2/lib/packet_parser.js:75:16)
      at Socket.<anonymous> (node_modules/mysql2/lib/base/connection.js:100:25)

  ● Edge cases & additional scenarios › getLastActivitySlotNumber returns 0 when none exist for that day

    TypeError: value.toUpperCase is not a function

    [0m [90m 34 |[39m         } [36mcatch[39m (err) {
     [90m 35 |[39m             console[33m.[39mwarn([32m'[tests] runMigrations failed on MariaDB, falling back to synchronize:'[39m[33m,[39m (err [36mas[39m any)[33m?[39m[33m.[39mmessage [33m||[39m err)[33m;[39m
    [31m[1m>[22m[39m[90m 36 |[39m             [36mawait[39m [33mAppDataSource[39m[33m.[39msynchronize([36mtrue[39m)[33m;[39m
     [90m    |[39m             [31m[1m^[22m[39m
     [90m 37 |[39m             [36mawait[39m [33mAppDataSource[39m[33m.[39mrunMigrations()[33m;[39m
     [90m 38 |[39m         }
     [90m 39 |[39m     }[0m

      at MysqlDriver.normalizeDatetimeFunction (node_modules/typeorm/src/driver/mysql/MysqlDriver.ts:1337:19)
      at MysqlDriver.normalizeDefault (node_modules/typeorm/src/driver/mysql/MysqlDriver.ts:810:25)
      at Function.createTableColumnOptions (node_modules/typeorm/src/schema-builder/util/TableUtils.ts:22:29)
      at node_modules/typeorm/src/schema-builder/table/Table.ts:408:32
          at Array.map (<anonymous>)
      at Function.create (node_modules/typeorm/src/schema-builder/table/Table.ts:407:18)
      at RdbmsSchemaBuilder.createNewTables (node_modules/src/schema-builder/RdbmsSchemaBuilder.ts:634:33)
      at async RdbmsSchemaBuilder.executeSchemaSyncOperationsInProperOrder (node_modules/src/schema-builder/RdbmsSchemaBuilder.ts:225:9)
      at async RdbmsSchemaBuilder.build (node_modules/src/schema-builder/RdbmsSchemaBuilder.ts:95:13)
      at async DataSource.synchronize (node_modules/src/data-source/DataSource.ts:340:9)
      at async initDataSource (tests/util/db/mariadb-datasource.mock.ts:36:13)
      at async Object.<anonymous> (tests/database/activity.service.test.ts:85:5)

  ● Edge cases & additional scenarios › getLastActivitySlotNumber returns 0 when none exist for that day

    QueryFailedError: Table 'surveyor_test.activity_plans' doesn't exist

      at Query.onResult (node_modules/typeorm/src/driver/mysql/MysqlQueryRunner.ts:247:33)
      at Query.execute (node_modules/mysql2/lib/commands/command.js:36:14)
      at PoolConnection.handlePacket (node_modules/mysql2/lib/base/connection.js:477:34)
      at PacketParser.onPacket (node_modules/mysql2/lib/base/connection.js:93:12)
      at PacketParser.executeStart (node_modules/mysql2/lib/packet_parser.js:75:16)
      at Socket.<anonymous> (node_modules/mysql2/lib/base/connection.js:100:25)

  ● Edge cases & additional scenarios › updateActivitySlot can update just one field (pos) without touching others

    TypeError: value.toUpperCase is not a function

    [0m [90m 34 |[39m         } [36mcatch[39m (err) {
     [90m 35 |[39m             console[33m.[39mwarn([32m'[tests] runMigrations failed on MariaDB, falling back to synchronize:'[39m[33m,[39m (err [36mas[39m any)[33m?[39m[33m.[39mmessage [33m||[39m err)[33m;[39m
    [31m[1m>[22m[39m[90m 36 |[39m             [36mawait[39m [33mAppDataSource[39m[33m.[39msynchronize([36mtrue[39m)[33m;[39m
     [90m    |[39m             [31m[1m^[22m[39m
     [90m 37 |[39m             [36mawait[39m [33mAppDataSource[39m[33m.[39mrunMigrations()[33m;[39m
     [90m 38 |[39m         }
     [90m 39 |[39m     }[0m

      at MysqlDriver.normalizeDatetimeFunction (node_modules/typeorm/src/driver/mysql/MysqlDriver.ts:1337:19)
      at MysqlDriver.normalizeDefault (node_modules/typeorm/src/driver/mysql/MysqlDriver.ts:810:25)
      at Function.createTableColumnOptions (node_modules/typeorm/src/schema-builder/util/TableUtils.ts:22:29)
      at node_modules/typeorm/src/schema-builder/table/Table.ts:408:32
          at Array.map (<anonymous>)
      at Function.create (node_modules/typeorm/src/schema-builder/table/Table.ts:407:18)
      at RdbmsSchemaBuilder.createNewTables (node_modules/src/schema-builder/RdbmsSchemaBuilder.ts:634:33)
      at async RdbmsSchemaBuilder.executeSchemaSyncOperationsInProperOrder (node_modules/src/schema-builder/RdbmsSchemaBuilder.ts:225:9)
      at async RdbmsSchemaBuilder.build (node_modules/src/schema-builder/RdbmsSchemaBuilder.ts:95:13)
      at async DataSource.synchronize (node_modules/src/data-source/DataSource.ts:340:9)
      at async initDataSource (tests/util/db/mariadb-datasource.mock.ts:36:13)
      at async Object.<anonymous> (tests/database/activity.service.test.ts:85:5)

  ● Edge cases & additional scenarios › updateActivitySlot can update just one field (pos) without touching others

    QueryFailedError: Table 'surveyor_test.activity_plans' doesn't exist

      at Query.onResult (node_modules/typeorm/src/driver/mysql/MysqlQueryRunner.ts:247:33)
      at Query.execute (node_modules/mysql2/lib/commands/command.js:36:14)
      at PoolConnection.handlePacket (node_modules/mysql2/lib/base/connection.js:477:34)
      at PacketParser.onPacket (node_modules/mysql2/lib/base/connection.js:93:12)
      at PacketParser.executeStart (node_modules/mysql2/lib/packet_parser.js:75:16)
      at Socket.<anonymous> (node_modules/mysql2/lib/base/connection.js:100:25)

  ● Edge cases & additional scenarios › getActivitySlotAssignees returns both user and guest entries with their roles

    TypeError: value.toUpperCase is not a function

    [0m [90m 34 |[39m         } [36mcatch[39m (err) {
     [90m 35 |[39m             console[33m.[39mwarn([32m'[tests] runMigrations failed on MariaDB, falling back to synchronize:'[39m[33m,[39m (err [36mas[39m any)[33m?[39m[33m.[39mmessage [33m||[39m err)[33m;[39m
    [31m[1m>[22m[39m[90m 36 |[39m             [36mawait[39m [33mAppDataSource[39m[33m.[39msynchronize([36mtrue[39m)[33m;[39m
     [90m    |[39m             [31m[1m^[22m[39m
     [90m 37 |[39m             [36mawait[39m [33mAppDataSource[39m[33m.[39mrunMigrations()[33m;[39m
     [90m 38 |[39m         }
     [90m 39 |[39m     }[0m

      at MysqlDriver.normalizeDatetimeFunction (node_modules/typeorm/src/driver/mysql/MysqlDriver.ts:1337:19)
      at MysqlDriver.normalizeDefault (node_modules/typeorm/src/driver/mysql/MysqlDriver.ts:810:25)
      at Function.createTableColumnOptions (node_modules/typeorm/src/schema-builder/util/TableUtils.ts:22:29)
      at node_modules/typeorm/src/schema-builder/table/Table.ts:408:32
          at Array.map (<anonymous>)
      at Function.create (node_modules/typeorm/src/schema-builder/table/Table.ts:407:18)
      at RdbmsSchemaBuilder.createNewTables (node_modules/src/schema-builder/RdbmsSchemaBuilder.ts:634:33)
      at async RdbmsSchemaBuilder.executeSchemaSyncOperationsInProperOrder (node_modules/src/schema-builder/RdbmsSchemaBuilder.ts:225:9)
      at async RdbmsSchemaBuilder.build (node_modules/src/schema-builder/RdbmsSchemaBuilder.ts:95:13)
      at async DataSource.synchronize (node_modules/src/data-source/DataSource.ts:340:9)
      at async initDataSource (tests/util/db/mariadb-datasource.mock.ts:36:13)
      at async Object.<anonymous> (tests/database/activity.service.test.ts:85:5)

  ● Edge cases & additional scenarios › getActivitySlotAssignees returns both user and guest entries with their roles

    QueryFailedError: Table 'surveyor_test.activity_plans' doesn't exist

      at Query.onResult (node_modules/typeorm/src/driver/mysql/MysqlQueryRunner.ts:247:33)
      at Query.execute (node_modules/mysql2/lib/commands/command.js:36:14)
      at PoolConnection.handlePacket (node_modules/mysql2/lib/base/connection.js:477:34)
      at PacketParser.onPacket (node_modules/mysql2/lib/base/connection.js:93:12)
      at PacketParser.executeStart (node_modules/mysql2/lib/packet_parser.js:75:16)
      at Socket.<anonymous> (node_modules/mysql2/lib/base/connection.js:100:25)

  ● Edge cases & additional scenarios › getActivityPlanParticipants groups by COALESCE(user.username, guest.username)

    TypeError: value.toUpperCase is not a function

    [0m [90m 34 |[39m         } [36mcatch[39m (err) {
     [90m 35 |[39m             console[33m.[39mwarn([32m'[tests] runMigrations failed on MariaDB, falling back to synchronize:'[39m[33m,[39m (err [36mas[39m any)[33m?[39m[33m.[39mmessage [33m||[39m err)[33m;[39m
    [31m[1m>[22m[39m[90m 36 |[39m             [36mawait[39m [33mAppDataSource[39m[33m.[39msynchronize([36mtrue[39m)[33m;[39m
     [90m    |[39m             [31m[1m^[22m[39m
     [90m 37 |[39m             [36mawait[39m [33mAppDataSource[39m[33m.[39mrunMigrations()[33m;[39m
     [90m 38 |[39m         }
     [90m 39 |[39m     }[0m

      at MysqlDriver.normalizeDatetimeFunction (node_modules/typeorm/src/driver/mysql/MysqlDriver.ts:1337:19)
      at MysqlDriver.normalizeDefault (node_modules/typeorm/src/driver/mysql/MysqlDriver.ts:810:25)
      at Function.createTableColumnOptions (node_modules/typeorm/src/schema-builder/util/TableUtils.ts:22:29)
      at node_modules/typeorm/src/schema-builder/table/Table.ts:408:32
          at Array.map (<anonymous>)
      at Function.create (node_modules/typeorm/src/schema-builder/table/Table.ts:407:18)
      at RdbmsSchemaBuilder.createNewTables (node_modules/src/schema-builder/RdbmsSchemaBuilder.ts:634:33)
      at async RdbmsSchemaBuilder.executeSchemaSyncOperationsInProperOrder (node_modules/src/schema-builder/RdbmsSchemaBuilder.ts:225:9)
      at async RdbmsSchemaBuilder.build (node_modules/src/schema-builder/RdbmsSchemaBuilder.ts:95:13)
      at async DataSource.synchronize (node_modules/src/data-source/DataSource.ts:340:9)
      at async initDataSource (tests/util/db/mariadb-datasource.mock.ts:36:13)
      at async Object.<anonymous> (tests/database/activity.service.test.ts:85:5)

  ● Edge cases & additional scenarios › getActivityPlanParticipants groups by COALESCE(user.username, guest.username)

    QueryFailedError: Table 'surveyor_test.activity_plans' doesn't exist

      at Query.onResult (node_modules/typeorm/src/driver/mysql/MysqlQueryRunner.ts:247:33)
      at Query.execute (node_modules/mysql2/lib/commands/command.js:36:14)
      at PoolConnection.handlePacket (node_modules/mysql2/lib/base/connection.js:477:34)
      at PacketParser.onPacket (node_modules/mysql2/lib/base/connection.js:93:12)
      at PacketParser.executeStart (node_modules/mysql2/lib/packet_parser.js:75:16)
      at Socket.<anonymous> (node_modules/mysql2/lib/base/connection.js:100:25)

  ● Edge cases & additional scenarios › deleteActivitySlotAssignment returns DeleteResult with affected=1

    TypeError: value.toUpperCase is not a function

    [0m [90m 34 |[39m         } [36mcatch[39m (err) {
     [90m 35 |[39m             console[33m.[39mwarn([32m'[tests] runMigrations failed on MariaDB, falling back to synchronize:'[39m[33m,[39m (err [36mas[39m any)[33m?[39m[33m.[39mmessage [33m||[39m err)[33m;[39m
    [31m[1m>[22m[39m[90m 36 |[39m             [36mawait[39m [33mAppDataSource[39m[33m.[39msynchronize([36mtrue[39m)[33m;[39m
     [90m    |[39m             [31m[1m^[22m[39m
     [90m 37 |[39m             [36mawait[39m [33mAppDataSource[39m[33m.[39mrunMigrations()[33m;[39m
     [90m 38 |[39m         }
     [90m 39 |[39m     }[0m

      at MysqlDriver.normalizeDatetimeFunction (node_modules/typeorm/src/driver/mysql/MysqlDriver.ts:1337:19)
      at MysqlDriver.normalizeDefault (node_modules/typeorm/src/driver/mysql/MysqlDriver.ts:810:25)
      at Function.createTableColumnOptions (node_modules/typeorm/src/schema-builder/util/TableUtils.ts:22:29)
      at node_modules/typeorm/src/schema-builder/table/Table.ts:408:32
          at Array.map (<anonymous>)
      at Function.create (node_modules/typeorm/src/schema-builder/table/Table.ts:407:18)
      at RdbmsSchemaBuilder.createNewTables (node_modules/src/schema-builder/RdbmsSchemaBuilder.ts:634:33)
      at async RdbmsSchemaBuilder.executeSchemaSyncOperationsInProperOrder (node_modules/src/schema-builder/RdbmsSchemaBuilder.ts:225:9)
      at async RdbmsSchemaBuilder.build (node_modules/src/schema-builder/RdbmsSchemaBuilder.ts:95:13)
      at async DataSource.synchronize (node_modules/src/data-source/DataSource.ts:340:9)
      at async initDataSource (tests/util/db/mariadb-datasource.mock.ts:36:13)
      at async Object.<anonymous> (tests/database/activity.service.test.ts:85:5)

  ● Edge cases & additional scenarios › deleteActivitySlotAssignment returns DeleteResult with affected=1

    QueryFailedError: Table 'surveyor_test.activity_plans' doesn't exist

      at Query.onResult (node_modules/typeorm/src/driver/mysql/MysqlQueryRunner.ts:247:33)
      at Query.execute (node_modules/mysql2/lib/commands/command.js:36:14)
      at PoolConnection.handlePacket (node_modules/mysql2/lib/base/connection.js:477:34)
      at PacketParser.onPacket (node_modules/mysql2/lib/base/connection.js:93:12)
      at PacketParser.executeStart (node_modules/mysql2/lib/packet_parser.js:75:16)
      at Socket.<anonymous> (node_modules/mysql2/lib/base/connection.js:100:25)

FAIL tests/database/event.service.test.ts
  ● eventService (mysql) › creates, reads, updates, and deletes an Event

    TypeError: value.toUpperCase is not a function

    [0m [90m 34 |[39m         } [36mcatch[39m (err) {
     [90m 35 |[39m             console[33m.[39mwarn([32m'[tests] runMigrations failed on MariaDB, falling back to synchronize:'[39m[33m,[39m (err [36mas[39m any)[33m?[39m[33m.[39mmessage [33m||[39m err)[33m;[39m
    [31m[1m>[22m[39m[90m 36 |[39m             [36mawait[39m [33mAppDataSource[39m[33m.[39msynchronize([36mtrue[39m)[33m;[39m
     [90m    |[39m             [31m[1m^[22m[39m
     [90m 37 |[39m             [36mawait[39m [33mAppDataSource[39m[33m.[39mrunMigrations()[33m;[39m
     [90m 38 |[39m         }
     [90m 39 |[39m     }[0m

      at MysqlDriver.normalizeDatetimeFunction (node_modules/typeorm/src/driver/mysql/MysqlDriver.ts:1337:19)
      at MysqlDriver.normalizeDefault (node_modules/typeorm/src/driver/mysql/MysqlDriver.ts:810:25)
      at Function.createTableColumnOptions (node_modules/typeorm/src/schema-builder/util/TableUtils.ts:22:29)
      at node_modules/typeorm/src/schema-builder/table/Table.ts:408:32
          at Array.map (<anonymous>)
      at Function.create (node_modules/typeorm/src/schema-builder/table/Table.ts:407:18)
      at RdbmsSchemaBuilder.createNewTables (node_modules/src/schema-builder/RdbmsSchemaBuilder.ts:634:33)
      at async RdbmsSchemaBuilder.executeSchemaSyncOperationsInProperOrder (node_modules/src/schema-builder/RdbmsSchemaBuilder.ts:225:9)
      at async RdbmsSchemaBuilder.build (node_modules/src/schema-builder/RdbmsSchemaBuilder.ts:95:13)
      at async DataSource.synchronize (node_modules/src/data-source/DataSource.ts:340:9)
      at async initDataSource (tests/util/db/mariadb-datasource.mock.ts:36:13)
      at async Object.<anonymous> (tests/database/event.service.test.ts:66:5)

  ● eventService (mysql) › creates, reads, updates, and deletes an Event

    QueryFailedError: Table 'surveyor_test.events' doesn't exist

      at Query.onResult (node_modules/typeorm/src/driver/mysql/MysqlQueryRunner.ts:247:33)
      at Query.execute (node_modules/mysql2/lib/commands/command.js:36:14)
      at PoolConnection.handlePacket (node_modules/mysql2/lib/base/connection.js:477:34)
      at PacketParser.onPacket (node_modules/mysql2/lib/base/connection.js:93:12)
      at PacketParser.executeStart (node_modules/mysql2/lib/packet_parser.js:75:16)
      at Socket.<anonymous> (node_modules/mysql2/lib/base/connection.js:100:25)

  ● eventService (mysql) › registers user & guest; updates registration; handles dietary choices; lists participants; deletes registration

    TypeError: value.toUpperCase is not a function

    [0m [90m 34 |[39m         } [36mcatch[39m (err) {
     [90m 35 |[39m             console[33m.[39mwarn([32m'[tests] runMigrations failed on MariaDB, falling back to synchronize:'[39m[33m,[39m (err [36mas[39m any)[33m?[39m[33m.[39mmessage [33m||[39m err)[33m;[39m
    [31m[1m>[22m[39m[90m 36 |[39m             [36mawait[39m [33mAppDataSource[39m[33m.[39msynchronize([36mtrue[39m)[33m;[39m
     [90m    |[39m             [31m[1m^[22m[39m
     [90m 37 |[39m             [36mawait[39m [33mAppDataSource[39m[33m.[39mrunMigrations()[33m;[39m
     [90m 38 |[39m         }
     [90m 39 |[39m     }[0m

      at MysqlDriver.normalizeDatetimeFunction (node_modules/typeorm/src/driver/mysql/MysqlDriver.ts:1337:19)
      at MysqlDriver.normalizeDefault (node_modules/typeorm/src/driver/mysql/MysqlDriver.ts:810:25)
      at Function.createTableColumnOptions (node_modules/typeorm/src/schema-builder/util/TableUtils.ts:22:29)
      at node_modules/typeorm/src/schema-builder/table/Table.ts:408:32
          at Array.map (<anonymous>)
      at Function.create (node_modules/typeorm/src/schema-builder/table/Table.ts:407:18)
      at RdbmsSchemaBuilder.createNewTables (node_modules/src/schema-builder/RdbmsSchemaBuilder.ts:634:33)
      at async RdbmsSchemaBuilder.executeSchemaSyncOperationsInProperOrder (node_modules/src/schema-builder/RdbmsSchemaBuilder.ts:225:9)
      at async RdbmsSchemaBuilder.build (node_modules/src/schema-builder/RdbmsSchemaBuilder.ts:95:13)
      at async DataSource.synchronize (node_modules/src/data-source/DataSource.ts:340:9)
      at async initDataSource (tests/util/db/mariadb-datasource.mock.ts:36:13)
      at async Object.<anonymous> (tests/database/event.service.test.ts:66:5)

  ● eventService (mysql) › registers user & guest; updates registration; handles dietary choices; lists participants; deletes registration

    QueryFailedError: Table 'surveyor_test.events' doesn't exist

      at Query.onResult (node_modules/typeorm/src/driver/mysql/MysqlQueryRunner.ts:247:33)
      at Query.execute (node_modules/mysql2/lib/commands/command.js:36:14)
      at PoolConnection.handlePacket (node_modules/mysql2/lib/base/connection.js:477:34)
      at PacketParser.onPacket (node_modules/mysql2/lib/base/connection.js:93:12)
      at PacketParser.executeStart (node_modules/mysql2/lib/packet_parser.js:75:16)
      at Socket.<anonymous> (node_modules/mysql2/lib/base/connection.js:100:25)

  ● eventService (mysql) › getRegisteredEventsFor returns events for user/guest sorted by startDate DESC

    TypeError: value.toUpperCase is not a function

    [0m [90m 34 |[39m         } [36mcatch[39m (err) {
     [90m 35 |[39m             console[33m.[39mwarn([32m'[tests] runMigrations failed on MariaDB, falling back to synchronize:'[39m[33m,[39m (err [36mas[39m any)[33m?[39m[33m.[39mmessage [33m||[39m err)[33m;[39m
    [31m[1m>[22m[39m[90m 36 |[39m             [36mawait[39m [33mAppDataSource[39m[33m.[39msynchronize([36mtrue[39m)[33m;[39m
     [90m    |[39m             [31m[1m^[22m[39m
     [90m 37 |[39m             [36mawait[39m [33mAppDataSource[39m[33m.[39mrunMigrations()[33m;[39m
     [90m 38 |[39m         }
     [90m 39 |[39m     }[0m

      at MysqlDriver.normalizeDatetimeFunction (node_modules/typeorm/src/driver/mysql/MysqlDriver.ts:1337:19)
      at MysqlDriver.normalizeDefault (node_modules/typeorm/src/driver/mysql/MysqlDriver.ts:810:25)
      at Function.createTableColumnOptions (node_modules/typeorm/src/schema-builder/util/TableUtils.ts:22:29)
      at node_modules/typeorm/src/schema-builder/table/Table.ts:408:32
          at Array.map (<anonymous>)
      at Function.create (node_modules/typeorm/src/schema-builder/table/Table.ts:407:18)
      at RdbmsSchemaBuilder.createNewTables (node_modules/src/schema-builder/RdbmsSchemaBuilder.ts:634:33)
      at async RdbmsSchemaBuilder.executeSchemaSyncOperationsInProperOrder (node_modules/src/schema-builder/RdbmsSchemaBuilder.ts:225:9)
      at async RdbmsSchemaBuilder.build (node_modules/src/schema-builder/RdbmsSchemaBuilder.ts:95:13)
      at async DataSource.synchronize (node_modules/src/data-source/DataSource.ts:340:9)
      at async initDataSource (tests/util/db/mariadb-datasource.mock.ts:36:13)
      at async Object.<anonymous> (tests/database/event.service.test.ts:66:5)

  ● eventService (mysql) › getRegisteredEventsFor returns events for user/guest sorted by startDate DESC

    QueryFailedError: Table 'surveyor_test.events' doesn't exist

      at Query.onResult (node_modules/typeorm/src/driver/mysql/MysqlQueryRunner.ts:247:33)
      at Query.execute (node_modules/mysql2/lib/commands/command.js:36:14)
      at PoolConnection.handlePacket (node_modules/mysql2/lib/base/connection.js:477:34)
      at PacketParser.onPacket (node_modules/mysql2/lib/base/connection.js:93:12)
      at PacketParser.executeStart (node_modules/mysql2/lib/packet_parser.js:75:16)
      at Socket.<anonymous> (node_modules/mysql2/lib/base/connection.js:100:25)

  ● eventService (mysql) › isEventFull - unlimited event

    TypeError: value.toUpperCase is not a function

    [0m [90m 34 |[39m         } [36mcatch[39m (err) {
     [90m 35 |[39m             console[33m.[39mwarn([32m'[tests] runMigrations failed on MariaDB, falling back to synchronize:'[39m[33m,[39m (err [36mas[39m any)[33m?[39m[33m.[39mmessage [33m||[39m err)[33m;[39m
    [31m[1m>[22m[39m[90m 36 |[39m             [36mawait[39m [33mAppDataSource[39m[33m.[39msynchronize([36mtrue[39m)[33m;[39m
     [90m    |[39m             [31m[1m^[22m[39m
     [90m 37 |[39m             [36mawait[39m [33mAppDataSource[39m[33m.[39mrunMigrations()[33m;[39m
     [90m 38 |[39m         }
     [90m 39 |[39m     }[0m

      at MysqlDriver.normalizeDatetimeFunction (node_modules/typeorm/src/driver/mysql/MysqlDriver.ts:1337:19)
      at MysqlDriver.normalizeDefault (node_modules/typeorm/src/driver/mysql/MysqlDriver.ts:810:25)
      at Function.createTableColumnOptions (node_modules/typeorm/src/schema-builder/util/TableUtils.ts:22:29)
      at node_modules/typeorm/src/schema-builder/table/Table.ts:408:32
          at Array.map (<anonymous>)
      at Function.create (node_modules/typeorm/src/schema-builder/table/Table.ts:407:18)
      at RdbmsSchemaBuilder.createNewTables (node_modules/src/schema-builder/RdbmsSchemaBuilder.ts:634:33)
      at async RdbmsSchemaBuilder.executeSchemaSyncOperationsInProperOrder (node_modules/src/schema-builder/RdbmsSchemaBuilder.ts:225:9)
      at async RdbmsSchemaBuilder.build (node_modules/src/schema-builder/RdbmsSchemaBuilder.ts:95:13)
      at async DataSource.synchronize (node_modules/src/data-source/DataSource.ts:340:9)
      at async initDataSource (tests/util/db/mariadb-datasource.mock.ts:36:13)
      at async Object.<anonymous> (tests/database/event.service.test.ts:66:5)

  ● eventService (mysql) › isEventFull - unlimited event

    QueryFailedError: Table 'surveyor_test.events' doesn't exist

      at Query.onResult (node_modules/typeorm/src/driver/mysql/MysqlQueryRunner.ts:247:33)
      at Query.execute (node_modules/mysql2/lib/commands/command.js:36:14)
      at PoolConnection.handlePacket (node_modules/mysql2/lib/base/connection.js:477:34)
      at PacketParser.onPacket (node_modules/mysql2/lib/base/connection.js:93:12)
      at PacketParser.executeStart (node_modules/mysql2/lib/packet_parser.js:75:16)
      at Socket.<anonymous> (node_modules/mysql2/lib/base/connection.js:100:25)

  ● eventService (mysql) › isEventFull - limited event with capacity

    TypeError: value.toUpperCase is not a function

    [0m [90m 34 |[39m         } [36mcatch[39m (err) {
     [90m 35 |[39m             console[33m.[39mwarn([32m'[tests] runMigrations failed on MariaDB, falling back to synchronize:'[39m[33m,[39m (err [36mas[39m any)[33m?[39m[33m.[39mmessage [33m||[39m err)[33m;[39m
    [31m[1m>[22m[39m[90m 36 |[39m             [36mawait[39m [33mAppDataSource[39m[33m.[39msynchronize([36mtrue[39m)[33m;[39m
     [90m    |[39m             [31m[1m^[22m[39m
     [90m 37 |[39m             [36mawait[39m [33mAppDataSource[39m[33m.[39mrunMigrations()[33m;[39m
     [90m 38 |[39m         }
     [90m 39 |[39m     }[0m

      at MysqlDriver.normalizeDatetimeFunction (node_modules/typeorm/src/driver/mysql/MysqlDriver.ts:1337:19)
      at MysqlDriver.normalizeDefault (node_modules/typeorm/src/driver/mysql/MysqlDriver.ts:810:25)
      at Function.createTableColumnOptions (node_modules/typeorm/src/schema-builder/util/TableUtils.ts:22:29)
      at node_modules/typeorm/src/schema-builder/table/Table.ts:408:32
          at Array.map (<anonymous>)
      at Function.create (node_modules/typeorm/src/schema-builder/table/Table.ts:407:18)
      at RdbmsSchemaBuilder.createNewTables (node_modules/src/schema-builder/RdbmsSchemaBuilder.ts:634:33)
      at async RdbmsSchemaBuilder.executeSchemaSyncOperationsInProperOrder (node_modules/src/schema-builder/RdbmsSchemaBuilder.ts:225:9)
      at async RdbmsSchemaBuilder.build (node_modules/src/schema-builder/RdbmsSchemaBuilder.ts:95:13)
      at async DataSource.synchronize (node_modules/src/data-source/DataSource.ts:340:9)
      at async initDataSource (tests/util/db/mariadb-datasource.mock.ts:36:13)
      at async Object.<anonymous> (tests/database/event.service.test.ts:66:5)

  ● eventService (mysql) › isEventFull - limited event with capacity

    QueryFailedError: Table 'surveyor_test.events' doesn't exist

      at Query.onResult (node_modules/typeorm/src/driver/mysql/MysqlQueryRunner.ts:247:33)
      at Query.execute (node_modules/mysql2/lib/commands/command.js:36:14)
      at PoolConnection.handlePacket (node_modules/mysql2/lib/base/connection.js:477:34)
      at PacketParser.onPacket (node_modules/mysql2/lib/base/connection.js:93:12)
      at PacketParser.executeStart (node_modules/mysql2/lib/packet_parser.js:75:16)
      at Socket.<anonymous> (node_modules/mysql2/lib/base/connection.js:100:25)

  ● eventService (mysql) › isEventFull - missing event throws

    TypeError: value.toUpperCase is not a function

    [0m [90m 34 |[39m         } [36mcatch[39m (err) {
     [90m 35 |[39m             console[33m.[39mwarn([32m'[tests] runMigrations failed on MariaDB, falling back to synchronize:'[39m[33m,[39m (err [36mas[39m any)[33m?[39m[33m.[39mmessage [33m||[39m err)[33m;[39m
    [31m[1m>[22m[39m[90m 36 |[39m             [36mawait[39m [33mAppDataSource[39m[33m.[39msynchronize([36mtrue[39m)[33m;[39m
     [90m    |[39m             [31m[1m^[22m[39m
     [90m 37 |[39m             [36mawait[39m [33mAppDataSource[39m[33m.[39mrunMigrations()[33m;[39m
     [90m 38 |[39m         }
     [90m 39 |[39m     }[0m

      at MysqlDriver.normalizeDatetimeFunction (node_modules/typeorm/src/driver/mysql/MysqlDriver.ts:1337:19)
      at MysqlDriver.normalizeDefault (node_modules/typeorm/src/driver/mysql/MysqlDriver.ts:810:25)
      at Function.createTableColumnOptions (node_modules/typeorm/src/schema-builder/util/TableUtils.ts:22:29)
      at node_modules/typeorm/src/schema-builder/table/Table.ts:408:32
          at Array.map (<anonymous>)
      at Function.create (node_modules/typeorm/src/schema-builder/table/Table.ts:407:18)
      at RdbmsSchemaBuilder.createNewTables (node_modules/src/schema-builder/RdbmsSchemaBuilder.ts:634:33)
      at async RdbmsSchemaBuilder.executeSchemaSyncOperationsInProperOrder (node_modules/src/schema-builder/RdbmsSchemaBuilder.ts:225:9)
      at async RdbmsSchemaBuilder.build (node_modules/src/schema-builder/RdbmsSchemaBuilder.ts:95:13)
      at async DataSource.synchronize (node_modules/src/data-source/DataSource.ts:340:9)
      at async initDataSource (tests/util/db/mariadb-datasource.mock.ts:36:13)
      at async Object.<anonymous> (tests/database/event.service.test.ts:66:5)

  ● eventService (mysql) › isEventFull - missing event throws

    QueryFailedError: Table 'surveyor_test.events' doesn't exist

      at Query.onResult (node_modules/typeorm/src/driver/mysql/MysqlQueryRunner.ts:247:33)
      at Query.execute (node_modules/mysql2/lib/commands/command.js:36:14)
      at PoolConnection.handlePacket (node_modules/mysql2/lib/base/connection.js:477:34)
      at PacketParser.onPacket (node_modules/mysql2/lib/base/connection.js:93:12)
      at PacketParser.executeStart (node_modules/mysql2/lib/packet_parser.js:75:16)
      at Socket.<anonymous> (node_modules/mysql2/lib/base/connection.js:100:25)

  ● eventService (mysql) › isRegisteredForEvent returns correct booleans

    TypeError: value.toUpperCase is not a function

    [0m [90m 34 |[39m         } [36mcatch[39m (err) {
     [90m 35 |[39m             console[33m.[39mwarn([32m'[tests] runMigrations failed on MariaDB, falling back to synchronize:'[39m[33m,[39m (err [36mas[39m any)[33m?[39m[33m.[39mmessage [33m||[39m err)[33m;[39m
    [31m[1m>[22m[39m[90m 36 |[39m             [36mawait[39m [33mAppDataSource[39m[33m.[39msynchronize([36mtrue[39m)[33m;[39m
     [90m    |[39m             [31m[1m^[22m[39m
     [90m 37 |[39m             [36mawait[39m [33mAppDataSource[39m[33m.[39mrunMigrations()[33m;[39m
     [90m 38 |[39m         }
     [90m 39 |[39m     }[0m

      at MysqlDriver.normalizeDatetimeFunction (node_modules/typeorm/src/driver/mysql/MysqlDriver.ts:1337:19)
      at MysqlDriver.normalizeDefault (node_modules/typeorm/src/driver/mysql/MysqlDriver.ts:810:25)
      at Function.createTableColumnOptions (node_modules/typeorm/src/schema-builder/util/TableUtils.ts:22:29)
      at node_modules/typeorm/src/schema-builder/table/Table.ts:408:32
          at Array.map (<anonymous>)
      at Function.create (node_modules/typeorm/src/schema-builder/table/Table.ts:407:18)
      at RdbmsSchemaBuilder.createNewTables (node_modules/src/schema-builder/RdbmsSchemaBuilder.ts:634:33)
      at async RdbmsSchemaBuilder.executeSchemaSyncOperationsInProperOrder (node_modules/src/schema-builder/RdbmsSchemaBuilder.ts:225:9)
      at async RdbmsSchemaBuilder.build (node_modules/src/schema-builder/RdbmsSchemaBuilder.ts:95:13)
      at async DataSource.synchronize (node_modules/src/data-source/DataSource.ts:340:9)
      at async initDataSource (tests/util/db/mariadb-datasource.mock.ts:36:13)
      at async Object.<anonymous> (tests/database/event.service.test.ts:66:5)

  ● eventService (mysql) › isRegisteredForEvent returns correct booleans

    QueryFailedError: Table 'surveyor_test.events' doesn't exist

      at Query.onResult (node_modules/typeorm/src/driver/mysql/MysqlQueryRunner.ts:247:33)
      at Query.execute (node_modules/mysql2/lib/commands/command.js:36:14)
      at PoolConnection.handlePacket (node_modules/mysql2/lib/base/connection.js:477:34)
      at PacketParser.onPacket (node_modules/mysql2/lib/base/connection.js:93:12)
      at PacketParser.executeStart (node_modules/mysql2/lib/packet_parser.js:75:16)
      at Socket.<anonymous> (node_modules/mysql2/lib/base/connection.js:100:25)

  ● eventService (mysql) › updates registration dates successfully

    TypeError: value.toUpperCase is not a function

    [0m [90m 34 |[39m         } [36mcatch[39m (err) {
     [90m 35 |[39m             console[33m.[39mwarn([32m'[tests] runMigrations failed on MariaDB, falling back to synchronize:'[39m[33m,[39m (err [36mas[39m any)[33m?[39m[33m.[39mmessage [33m||[39m err)[33m;[39m
    [31m[1m>[22m[39m[90m 36 |[39m             [36mawait[39m [33mAppDataSource[39m[33m.[39msynchronize([36mtrue[39m)[33m;[39m
     [90m    |[39m             [31m[1m^[22m[39m
     [90m 37 |[39m             [36mawait[39m [33mAppDataSource[39m[33m.[39mrunMigrations()[33m;[39m
     [90m 38 |[39m         }
     [90m 39 |[39m     }[0m

      at MysqlDriver.normalizeDatetimeFunction (node_modules/typeorm/src/driver/mysql/MysqlDriver.ts:1337:19)
      at MysqlDriver.normalizeDefault (node_modules/typeorm/src/driver/mysql/MysqlDriver.ts:810:25)
      at Function.createTableColumnOptions (node_modules/typeorm/src/schema-builder/util/TableUtils.ts:22:29)
      at node_modules/typeorm/src/schema-builder/table/Table.ts:408:32
          at Array.map (<anonymous>)
      at Function.create (node_modules/typeorm/src/schema-builder/table/Table.ts:407:18)
      at RdbmsSchemaBuilder.createNewTables (node_modules/src/schema-builder/RdbmsSchemaBuilder.ts:634:33)
      at async RdbmsSchemaBuilder.executeSchemaSyncOperationsInProperOrder (node_modules/src/schema-builder/RdbmsSchemaBuilder.ts:225:9)
      at async RdbmsSchemaBuilder.build (node_modules/src/schema-builder/RdbmsSchemaBuilder.ts:95:13)
      at async DataSource.synchronize (node_modules/src/data-source/DataSource.ts:340:9)
      at async initDataSource (tests/util/db/mariadb-datasource.mock.ts:36:13)
      at async Object.<anonymous> (tests/database/event.service.test.ts:66:5)

  ● eventService (mysql) › updates registration dates successfully

    QueryFailedError: Table 'surveyor_test.events' doesn't exist

      at Query.onResult (node_modules/typeorm/src/driver/mysql/MysqlQueryRunner.ts:247:33)
      at Query.execute (node_modules/mysql2/lib/commands/command.js:36:14)
      at PoolConnection.handlePacket (node_modules/mysql2/lib/base/connection.js:477:34)
      at PacketParser.onPacket (node_modules/mysql2/lib/base/connection.js:93:12)
      at PacketParser.executeStart (node_modules/mysql2/lib/packet_parser.js:75:16)
      at Socket.<anonymous> (node_modules/mysql2/lib/base/connection.js:100:25)

  ● eventService (mysql) › throws error for non-existent registration

    TypeError: value.toUpperCase is not a function

    [0m [90m 34 |[39m         } [36mcatch[39m (err) {
     [90m 35 |[39m             console[33m.[39mwarn([32m'[tests] runMigrations failed on MariaDB, falling back to synchronize:'[39m[33m,[39m (err [36mas[39m any)[33m?[39m[33m.[39mmessage [33m||[39m err)[33m;[39m
    [31m[1m>[22m[39m[90m 36 |[39m             [36mawait[39m [33mAppDataSource[39m[33m.[39msynchronize([36mtrue[39m)[33m;[39m
     [90m    |[39m             [31m[1m^[22m[39m
     [90m 37 |[39m             [36mawait[39m [33mAppDataSource[39m[33m.[39mrunMigrations()[33m;[39m
     [90m 38 |[39m         }
     [90m 39 |[39m     }[0m

      at MysqlDriver.normalizeDatetimeFunction (node_modules/typeorm/src/driver/mysql/MysqlDriver.ts:1337:19)
      at MysqlDriver.normalizeDefault (node_modules/typeorm/src/driver/mysql/MysqlDriver.ts:810:25)
      at Function.createTableColumnOptions (node_modules/typeorm/src/schema-builder/util/TableUtils.ts:22:29)
      at node_modules/typeorm/src/schema-builder/table/Table.ts:408:32
          at Array.map (<anonymous>)
      at Function.create (node_modules/typeorm/src/schema-builder/table/Table.ts:407:18)
      at RdbmsSchemaBuilder.createNewTables (node_modules/src/schema-builder/RdbmsSchemaBuilder.ts:634:33)
      at async RdbmsSchemaBuilder.executeSchemaSyncOperationsInProperOrder (node_modules/src/schema-builder/RdbmsSchemaBuilder.ts:225:9)
      at async RdbmsSchemaBuilder.build (node_modules/src/schema-builder/RdbmsSchemaBuilder.ts:95:13)
      at async DataSource.synchronize (node_modules/src/data-source/DataSource.ts:340:9)
      at async initDataSource (tests/util/db/mariadb-datasource.mock.ts:36:13)
      at async Object.<anonymous> (tests/database/event.service.test.ts:66:5)

  ● eventService (mysql) › throws error for non-existent registration

    QueryFailedError: Table 'surveyor_test.events' doesn't exist

      at Query.onResult (node_modules/typeorm/src/driver/mysql/MysqlQueryRunner.ts:247:33)
      at Query.execute (node_modules/mysql2/lib/commands/command.js:36:14)
      at PoolConnection.handlePacket (node_modules/mysql2/lib/base/connection.js:477:34)
      at PacketParser.onPacket (node_modules/mysql2/lib/base/connection.js:93:12)
      at PacketParser.executeStart (node_modules/mysql2/lib/packet_parser.js:75:16)
      at Socket.<anonymous> (node_modules/mysql2/lib/base/connection.js:100:25)

FAIL tests/database/user.service.test.ts
  ● User registration, activation & password reset › registers a user with hashed password and inactive status

    TypeError: value.toUpperCase is not a function

    [0m [90m 34 |[39m         } [36mcatch[39m (err) {
     [90m 35 |[39m             console[33m.[39mwarn([32m'[tests] runMigrations failed on MariaDB, falling back to synchronize:'[39m[33m,[39m (err [36mas[39m any)[33m?[39m[33m.[39mmessage [33m||[39m err)[33m;[39m
    [31m[1m>[22m[39m[90m 36 |[39m             [36mawait[39m [33mAppDataSource[39m[33m.[39msynchronize([36mtrue[39m)[33m;[39m
     [90m    |[39m             [31m[1m^[22m[39m
     [90m 37 |[39m             [36mawait[39m [33mAppDataSource[39m[33m.[39mrunMigrations()[33m;[39m
     [90m 38 |[39m         }
     [90m 39 |[39m     }[0m

      at MysqlDriver.normalizeDatetimeFunction (node_modules/typeorm/src/driver/mysql/MysqlDriver.ts:1337:19)
      at MysqlDriver.normalizeDefault (node_modules/typeorm/src/driver/mysql/MysqlDriver.ts:810:25)
      at Function.createTableColumnOptions (node_modules/typeorm/src/schema-builder/util/TableUtils.ts:22:29)
      at node_modules/typeorm/src/schema-builder/table/Table.ts:408:32
          at Array.map (<anonymous>)
      at Function.create (node_modules/typeorm/src/schema-builder/table/Table.ts:407:18)
      at RdbmsSchemaBuilder.createNewTables (node_modules/src/schema-builder/RdbmsSchemaBuilder.ts:634:33)
      at async RdbmsSchemaBuilder.executeSchemaSyncOperationsInProperOrder (node_modules/src/schema-builder/RdbmsSchemaBuilder.ts:225:9)
      at async RdbmsSchemaBuilder.build (node_modules/src/schema-builder/RdbmsSchemaBuilder.ts:95:13)
      at async DataSource.synchronize (node_modules/src/data-source/DataSource.ts:340:9)
      at async initDataSource (tests/util/db/mariadb-datasource.mock.ts:36:13)
      at async Object.<anonymous> (tests/database/user.service.test.ts:65:5)

  ● User registration, activation & password reset › registers a user with hashed password and inactive status

    QueryFailedError: Table 'surveyor_test.roles' doesn't exist

      at Query.onResult (node_modules/typeorm/src/driver/mysql/MysqlQueryRunner.ts:247:33)
      at Query.execute (node_modules/mysql2/lib/commands/command.js:36:14)
      at PoolConnection.handlePacket (node_modules/mysql2/lib/base/connection.js:477:34)
      at PacketParser.onPacket (node_modules/mysql2/lib/base/connection.js:93:12)
      at PacketParser.executeStart (node_modules/mysql2/lib/packet_parser.js:75:16)
      at Socket.<anonymous> (node_modules/mysql2/lib/base/connection.js:100:25)

  ● User registration, activation & password reset › generates/validates activation token and activates the user

    TypeError: value.toUpperCase is not a function

    [0m [90m 34 |[39m         } [36mcatch[39m (err) {
     [90m 35 |[39m             console[33m.[39mwarn([32m'[tests] runMigrations failed on MariaDB, falling back to synchronize:'[39m[33m,[39m (err [36mas[39m any)[33m?[39m[33m.[39mmessage [33m||[39m err)[33m;[39m
    [31m[1m>[22m[39m[90m 36 |[39m             [36mawait[39m [33mAppDataSource[39m[33m.[39msynchronize([36mtrue[39m)[33m;[39m
     [90m    |[39m             [31m[1m^[22m[39m
     [90m 37 |[39m             [36mawait[39m [33mAppDataSource[39m[33m.[39mrunMigrations()[33m;[39m
     [90m 38 |[39m         }
     [90m 39 |[39m     }[0m

      at MysqlDriver.normalizeDatetimeFunction (node_modules/typeorm/src/driver/mysql/MysqlDriver.ts:1337:19)
      at MysqlDriver.normalizeDefault (node_modules/typeorm/src/driver/mysql/MysqlDriver.ts:810:25)
      at Function.createTableColumnOptions (node_modules/typeorm/src/schema-builder/util/TableUtils.ts:22:29)
      at node_modules/typeorm/src/schema-builder/table/Table.ts:408:32
          at Array.map (<anonymous>)
      at Function.create (node_modules/typeorm/src/schema-builder/table/Table.ts:407:18)
      at RdbmsSchemaBuilder.createNewTables (node_modules/src/schema-builder/RdbmsSchemaBuilder.ts:634:33)
      at async RdbmsSchemaBuilder.executeSchemaSyncOperationsInProperOrder (node_modules/src/schema-builder/RdbmsSchemaBuilder.ts:225:9)
      at async RdbmsSchemaBuilder.build (node_modules/src/schema-builder/RdbmsSchemaBuilder.ts:95:13)
      at async DataSource.synchronize (node_modules/src/data-source/DataSource.ts:340:9)
      at async initDataSource (tests/util/db/mariadb-datasource.mock.ts:36:13)
      at async Object.<anonymous> (tests/database/user.service.test.ts:65:5)

  ● User registration, activation & password reset › generates/validates activation token and activates the user

    QueryFailedError: Table 'surveyor_test.roles' doesn't exist

      at Query.onResult (node_modules/typeorm/src/driver/mysql/MysqlQueryRunner.ts:247:33)
      at Query.execute (node_modules/mysql2/lib/commands/command.js:36:14)
      at PoolConnection.handlePacket (node_modules/mysql2/lib/base/connection.js:477:34)
      at PacketParser.onPacket (node_modules/mysql2/lib/base/connection.js:93:12)
      at PacketParser.executeStart (node_modules/mysql2/lib/packet_parser.js:75:16)
      at Socket.<anonymous> (node_modules/mysql2/lib/base/connection.js:100:25)

  ● User registration, activation & password reset › handles password reset token lifecycle and password change

    TypeError: value.toUpperCase is not a function

    [0m [90m 34 |[39m         } [36mcatch[39m (err) {
     [90m 35 |[39m             console[33m.[39mwarn([32m'[tests] runMigrations failed on MariaDB, falling back to synchronize:'[39m[33m,[39m (err [36mas[39m any)[33m?[39m[33m.[39mmessage [33m||[39m err)[33m;[39m
    [31m[1m>[22m[39m[90m 36 |[39m             [36mawait[39m [33mAppDataSource[39m[33m.[39msynchronize([36mtrue[39m)[33m;[39m
     [90m    |[39m             [31m[1m^[22m[39m
     [90m 37 |[39m             [36mawait[39m [33mAppDataSource[39m[33m.[39mrunMigrations()[33m;[39m
     [90m 38 |[39m         }
     [90m 39 |[39m     }[0m

      at MysqlDriver.normalizeDatetimeFunction (node_modules/typeorm/src/driver/mysql/MysqlDriver.ts:1337:19)
      at MysqlDriver.normalizeDefault (node_modules/typeorm/src/driver/mysql/MysqlDriver.ts:810:25)
      at Function.createTableColumnOptions (node_modules/typeorm/src/schema-builder/util/TableUtils.ts:22:29)
      at node_modules/typeorm/src/schema-builder/table/Table.ts:408:32
          at Array.map (<anonymous>)
      at Function.create (node_modules/typeorm/src/schema-builder/table/Table.ts:407:18)
      at RdbmsSchemaBuilder.createNewTables (node_modules/src/schema-builder/RdbmsSchemaBuilder.ts:634:33)
      at async RdbmsSchemaBuilder.executeSchemaSyncOperationsInProperOrder (node_modules/src/schema-builder/RdbmsSchemaBuilder.ts:225:9)
      at async RdbmsSchemaBuilder.build (node_modules/src/schema-builder/RdbmsSchemaBuilder.ts:95:13)
      at async DataSource.synchronize (node_modules/src/data-source/DataSource.ts:340:9)
      at async initDataSource (tests/util/db/mariadb-datasource.mock.ts:36:13)
      at async Object.<anonymous> (tests/database/user.service.test.ts:65:5)

  ● User registration, activation & password reset › handles password reset token lifecycle and password change

    QueryFailedError: Table 'surveyor_test.roles' doesn't exist

      at Query.onResult (node_modules/typeorm/src/driver/mysql/MysqlQueryRunner.ts:247:33)
      at Query.execute (node_modules/mysql2/lib/commands/command.js:36:14)
      at PoolConnection.handlePacket (node_modules/mysql2/lib/base/connection.js:477:34)
      at PacketParser.onPacket (node_modules/mysql2/lib/base/connection.js:93:12)
      at PacketParser.executeStart (node_modules/mysql2/lib/packet_parser.js:75:16)
      at Socket.<anonymous> (node_modules/mysql2/lib/base/connection.js:100:25)

  ● Guests & guest links › creates a guest, links it to an entity, fetches via token, and reads internals

    TypeError: value.toUpperCase is not a function

    [0m [90m 34 |[39m         } [36mcatch[39m (err) {
     [90m 35 |[39m             console[33m.[39mwarn([32m'[tests] runMigrations failed on MariaDB, falling back to synchronize:'[39m[33m,[39m (err [36mas[39m any)[33m?[39m[33m.[39mmessage [33m||[39m err)[33m;[39m
    [31m[1m>[22m[39m[90m 36 |[39m             [36mawait[39m [33mAppDataSource[39m[33m.[39msynchronize([36mtrue[39m)[33m;[39m
     [90m    |[39m             [31m[1m^[22m[39m
     [90m 37 |[39m             [36mawait[39m [33mAppDataSource[39m[33m.[39mrunMigrations()[33m;[39m
     [90m 38 |[39m         }
     [90m 39 |[39m     }[0m

      at MysqlDriver.normalizeDatetimeFunction (node_modules/typeorm/src/driver/mysql/MysqlDriver.ts:1337:19)
      at MysqlDriver.normalizeDefault (node_modules/typeorm/src/driver/mysql/MysqlDriver.ts:810:25)
      at Function.createTableColumnOptions (node_modules/typeorm/src/schema-builder/util/TableUtils.ts:22:29)
      at node_modules/typeorm/src/schema-builder/table/Table.ts:408:32
          at Array.map (<anonymous>)
      at Function.create (node_modules/typeorm/src/schema-builder/table/Table.ts:407:18)
      at RdbmsSchemaBuilder.createNewTables (node_modules/src/schema-builder/RdbmsSchemaBuilder.ts:634:33)
      at async RdbmsSchemaBuilder.executeSchemaSyncOperationsInProperOrder (node_modules/src/schema-builder/RdbmsSchemaBuilder.ts:225:9)
      at async RdbmsSchemaBuilder.build (node_modules/src/schema-builder/RdbmsSchemaBuilder.ts:95:13)
      at async DataSource.synchronize (node_modules/src/data-source/DataSource.ts:340:9)
      at async initDataSource (tests/util/db/mariadb-datasource.mock.ts:36:13)
      at async Object.<anonymous> (tests/database/user.service.test.ts:65:5)

  ● Guests & guest links › creates a guest, links it to an entity, fetches via token, and reads internals

    QueryFailedError: Table 'surveyor_test.roles' doesn't exist

      at Query.onResult (node_modules/typeorm/src/driver/mysql/MysqlQueryRunner.ts:247:33)
      at Query.execute (node_modules/mysql2/lib/commands/command.js:36:14)
      at PoolConnection.handlePacket (node_modules/mysql2/lib/base/connection.js:477:34)
      at PacketParser.onPacket (node_modules/mysql2/lib/base/connection.js:93:12)
      at PacketParser.executeStart (node_modules/mysql2/lib/packet_parser.js:75:16)
      at Socket.<anonymous> (node_modules/mysql2/lib/base/connection.js:100:25)

  ● Guests & guest links › registerGuest creates a guest and link in one step

    TypeError: value.toUpperCase is not a function

    [0m [90m 34 |[39m         } [36mcatch[39m (err) {
     [90m 35 |[39m             console[33m.[39mwarn([32m'[tests] runMigrations failed on MariaDB, falling back to synchronize:'[39m[33m,[39m (err [36mas[39m any)[33m?[39m[33m.[39mmessage [33m||[39m err)[33m;[39m
    [31m[1m>[22m[39m[90m 36 |[39m             [36mawait[39m [33mAppDataSource[39m[33m.[39msynchronize([36mtrue[39m)[33m;[39m
     [90m    |[39m             [31m[1m^[22m[39m
     [90m 37 |[39m             [36mawait[39m [33mAppDataSource[39m[33m.[39mrunMigrations()[33m;[39m
     [90m 38 |[39m         }
     [90m 39 |[39m     }[0m

      at MysqlDriver.normalizeDatetimeFunction (node_modules/typeorm/src/driver/mysql/MysqlDriver.ts:1337:19)
      at MysqlDriver.normalizeDefault (node_modules/typeorm/src/driver/mysql/MysqlDriver.ts:810:25)
      at Function.createTableColumnOptions (node_modules/typeorm/src/schema-builder/util/TableUtils.ts:22:29)
      at node_modules/typeorm/src/schema-builder/table/Table.ts:408:32
          at Array.map (<anonymous>)
      at Function.create (node_modules/typeorm/src/schema-builder/table/Table.ts:407:18)
      at RdbmsSchemaBuilder.createNewTables (node_modules/src/schema-builder/RdbmsSchemaBuilder.ts:634:33)
      at async RdbmsSchemaBuilder.executeSchemaSyncOperationsInProperOrder (node_modules/src/schema-builder/RdbmsSchemaBuilder.ts:225:9)
      at async RdbmsSchemaBuilder.build (node_modules/src/schema-builder/RdbmsSchemaBuilder.ts:95:13)
      at async DataSource.synchronize (node_modules/src/data-source/DataSource.ts:340:9)
      at async initDataSource (tests/util/db/mariadb-datasource.mock.ts:36:13)
      at async Object.<anonymous> (tests/database/user.service.test.ts:65:5)

  ● Guests & guest links › registerGuest creates a guest and link in one step

    QueryFailedError: Table 'surveyor_test.roles' doesn't exist

      at Query.onResult (node_modules/typeorm/src/driver/mysql/MysqlQueryRunner.ts:247:33)
      at Query.execute (node_modules/mysql2/lib/commands/command.js:36:14)
      at PoolConnection.handlePacket (node_modules/mysql2/lib/base/connection.js:477:34)
      at PacketParser.onPacket (node_modules/mysql2/lib/base/connection.js:93:12)
      at PacketParser.executeStart (node_modules/mysql2/lib/packet_parser.js:75:16)
      at Socket.<anonymous> (node_modules/mysql2/lib/base/connection.js:100:25)

  ● Roles › returns all roles

    TypeError: value.toUpperCase is not a function

    [0m [90m 34 |[39m         } [36mcatch[39m (err) {
     [90m 35 |[39m             console[33m.[39mwarn([32m'[tests] runMigrations failed on MariaDB, falling back to synchronize:'[39m[33m,[39m (err [36mas[39m any)[33m?[39m[33m.[39mmessage [33m||[39m err)[33m;[39m
    [31m[1m>[22m[39m[90m 36 |[39m             [36mawait[39m [33mAppDataSource[39m[33m.[39msynchronize([36mtrue[39m)[33m;[39m
     [90m    |[39m             [31m[1m^[22m[39m
     [90m 37 |[39m             [36mawait[39m [33mAppDataSource[39m[33m.[39mrunMigrations()[33m;[39m
     [90m 38 |[39m         }
     [90m 39 |[39m     }[0m

      at MysqlDriver.normalizeDatetimeFunction (node_modules/typeorm/src/driver/mysql/MysqlDriver.ts:1337:19)
      at MysqlDriver.normalizeDefault (node_modules/typeorm/src/driver/mysql/MysqlDriver.ts:810:25)
      at Function.createTableColumnOptions (node_modules/typeorm/src/schema-builder/util/TableUtils.ts:22:29)
      at node_modules/typeorm/src/schema-builder/table/Table.ts:408:32
          at Array.map (<anonymous>)
      at Function.create (node_modules/typeorm/src/schema-builder/table/Table.ts:407:18)
      at RdbmsSchemaBuilder.createNewTables (node_modules/src/schema-builder/RdbmsSchemaBuilder.ts:634:33)
      at async RdbmsSchemaBuilder.executeSchemaSyncOperationsInProperOrder (node_modules/src/schema-builder/RdbmsSchemaBuilder.ts:225:9)
      at async RdbmsSchemaBuilder.build (node_modules/src/schema-builder/RdbmsSchemaBuilder.ts:95:13)
      at async DataSource.synchronize (node_modules/src/data-source/DataSource.ts:340:9)
      at async initDataSource (tests/util/db/mariadb-datasource.mock.ts:36:13)
      at async Object.<anonymous> (tests/database/user.service.test.ts:65:5)

  ● Roles › returns all roles

    QueryFailedError: Table 'surveyor_test.roles' doesn't exist

      at Query.onResult (node_modules/typeorm/src/driver/mysql/MysqlQueryRunner.ts:247:33)
      at Query.execute (node_modules/mysql2/lib/commands/command.js:36:14)
      at PoolConnection.handlePacket (node_modules/mysql2/lib/base/connection.js:477:34)
      at PacketParser.onPacket (node_modules/mysql2/lib/base/connection.js:93:12)
      at PacketParser.executeStart (node_modules/mysql2/lib/packet_parser.js:75:16)
      at Socket.<anonymous> (node_modules/mysql2/lib/base/connection.js:100:25)

  ● OIDC / SSO › finds by exact OIDC pair, links by email, and JIT-provisions when not found

    TypeError: value.toUpperCase is not a function

    [0m [90m 34 |[39m         } [36mcatch[39m (err) {
     [90m 35 |[39m             console[33m.[39mwarn([32m'[tests] runMigrations failed on MariaDB, falling back to synchronize:'[39m[33m,[39m (err [36mas[39m any)[33m?[39m[33m.[39mmessage [33m||[39m err)[33m;[39m
    [31m[1m>[22m[39m[90m 36 |[39m             [36mawait[39m [33mAppDataSource[39m[33m.[39msynchronize([36mtrue[39m)[33m;[39m
     [90m    |[39m             [31m[1m^[22m[39m
     [90m 37 |[39m             [36mawait[39m [33mAppDataSource[39m[33m.[39mrunMigrations()[33m;[39m
     [90m 38 |[39m         }
     [90m 39 |[39m     }[0m

      at MysqlDriver.normalizeDatetimeFunction (node_modules/typeorm/src/driver/mysql/MysqlDriver.ts:1337:19)
      at MysqlDriver.normalizeDefault (node_modules/typeorm/src/driver/mysql/MysqlDriver.ts:810:25)
      at Function.createTableColumnOptions (node_modules/typeorm/src/schema-builder/util/TableUtils.ts:22:29)
      at node_modules/typeorm/src/schema-builder/table/Table.ts:408:32
          at Array.map (<anonymous>)
      at Function.create (node_modules/typeorm/src/schema-builder/table/Table.ts:407:18)
      at RdbmsSchemaBuilder.createNewTables (node_modules/src/schema-builder/RdbmsSchemaBuilder.ts:634:33)
      at async RdbmsSchemaBuilder.executeSchemaSyncOperationsInProperOrder (node_modules/src/schema-builder/RdbmsSchemaBuilder.ts:225:9)
      at async RdbmsSchemaBuilder.build (node_modules/src/schema-builder/RdbmsSchemaBuilder.ts:95:13)
      at async DataSource.synchronize (node_modules/src/data-source/DataSource.ts:340:9)
      at async initDataSource (tests/util/db/mariadb-datasource.mock.ts:36:13)
      at async Object.<anonymous> (tests/database/user.service.test.ts:65:5)

  ● OIDC / SSO › finds by exact OIDC pair, links by email, and JIT-provisions when not found

    QueryFailedError: Table 'surveyor_test.roles' doesn't exist

      at Query.onResult (node_modules/typeorm/src/driver/mysql/MysqlQueryRunner.ts:247:33)
      at Query.execute (node_modules/mysql2/lib/commands/command.js:36:14)
      at PoolConnection.handlePacket (node_modules/mysql2/lib/base/connection.js:477:34)
      at PacketParser.onPacket (node_modules/mysql2/lib/base/connection.js:93:12)
      at PacketParser.executeStart (node_modules/mysql2/lib/packet_parser.js:75:16)
      at Socket.<anonymous> (node_modules/mysql2/lib/base/connection.js:100:25)

  ● OIDC / SSO › does not link by email when option disabled; provisions instead

    TypeError: value.toUpperCase is not a function

    [0m [90m 34 |[39m         } [36mcatch[39m (err) {
     [90m 35 |[39m             console[33m.[39mwarn([32m'[tests] runMigrations failed on MariaDB, falling back to synchronize:'[39m[33m,[39m (err [36mas[39m any)[33m?[39m[33m.[39mmessage [33m||[39m err)[33m;[39m
    [31m[1m>[22m[39m[90m 36 |[39m             [36mawait[39m [33mAppDataSource[39m[33m.[39msynchronize([36mtrue[39m)[33m;[39m
     [90m    |[39m             [31m[1m^[22m[39m
     [90m 37 |[39m             [36mawait[39m [33mAppDataSource[39m[33m.[39mrunMigrations()[33m;[39m
     [90m 38 |[39m         }
     [90m 39 |[39m     }[0m

      at MysqlDriver.normalizeDatetimeFunction (node_modules/typeorm/src/driver/mysql/MysqlDriver.ts:1337:19)
      at MysqlDriver.normalizeDefault (node_modules/typeorm/src/driver/mysql/MysqlDriver.ts:810:25)
      at Function.createTableColumnOptions (node_modules/typeorm/src/schema-builder/util/TableUtils.ts:22:29)
      at node_modules/typeorm/src/schema-builder/table/Table.ts:408:32
          at Array.map (<anonymous>)
      at Function.create (node_modules/typeorm/src/schema-builder/table/Table.ts:407:18)
      at RdbmsSchemaBuilder.createNewTables (node_modules/src/schema-builder/RdbmsSchemaBuilder.ts:634:33)
      at async RdbmsSchemaBuilder.executeSchemaSyncOperationsInProperOrder (node_modules/src/schema-builder/RdbmsSchemaBuilder.ts:225:9)
      at async RdbmsSchemaBuilder.build (node_modules/src/schema-builder/RdbmsSchemaBuilder.ts:95:13)
      at async DataSource.synchronize (node_modules/src/data-source/DataSource.ts:340:9)
      at async initDataSource (tests/util/db/mariadb-datasource.mock.ts:36:13)
      at async Object.<anonymous> (tests/database/user.service.test.ts:65:5)

  ● OIDC / SSO › does not link by email when option disabled; provisions instead

    QueryFailedError: Table 'surveyor_test.roles' doesn't exist

      at Query.onResult (node_modules/typeorm/src/driver/mysql/MysqlQueryRunner.ts:247:33)
      at Query.execute (node_modules/mysql2/lib/commands/command.js:36:14)
      at PoolConnection.handlePacket (node_modules/mysql2/lib/base/connection.js:477:34)
      at PacketParser.onPacket (node_modules/mysql2/lib/base/connection.js:93:12)
      at PacketParser.executeStart (node_modules/mysql2/lib/packet_parser.js:75:16)
      at Socket.<anonymous> (node_modules/mysql2/lib/base/connection.js:100:25)

FAIL tests/database/packing.service.test.ts
  ● packingService (mysql) › creates/updates/deletes a PackingList; fetch by id and user

    TypeError: value.toUpperCase is not a function

    [0m [90m 34 |[39m         } [36mcatch[39m (err) {
     [90m 35 |[39m             console[33m.[39mwarn([32m'[tests] runMigrations failed on MariaDB, falling back to synchronize:'[39m[33m,[39m (err [36mas[39m any)[33m?[39m[33m.[39mmessage [33m||[39m err)[33m;[39m
    [31m[1m>[22m[39m[90m 36 |[39m             [36mawait[39m [33mAppDataSource[39m[33m.[39msynchronize([36mtrue[39m)[33m;[39m
     [90m    |[39m             [31m[1m^[22m[39m
     [90m 37 |[39m             [36mawait[39m [33mAppDataSource[39m[33m.[39mrunMigrations()[33m;[39m
     [90m 38 |[39m         }
     [90m 39 |[39m     }[0m

      at MysqlDriver.normalizeDatetimeFunction (node_modules/typeorm/src/driver/mysql/MysqlDriver.ts:1337:19)
      at MysqlDriver.normalizeDefault (node_modules/typeorm/src/driver/mysql/MysqlDriver.ts:810:25)
      at Function.createTableColumnOptions (node_modules/typeorm/src/schema-builder/util/TableUtils.ts:22:29)
      at node_modules/typeorm/src/schema-builder/table/Table.ts:408:32
          at Array.map (<anonymous>)
      at Function.create (node_modules/typeorm/src/schema-builder/table/Table.ts:407:18)
      at RdbmsSchemaBuilder.createNewTables (node_modules/src/schema-builder/RdbmsSchemaBuilder.ts:634:33)
      at async RdbmsSchemaBuilder.executeSchemaSyncOperationsInProperOrder (node_modules/src/schema-builder/RdbmsSchemaBuilder.ts:225:9)
      at async RdbmsSchemaBuilder.build (node_modules/src/schema-builder/RdbmsSchemaBuilder.ts:95:13)
      at async DataSource.synchronize (node_modules/src/data-source/DataSource.ts:340:9)
      at async initDataSource (tests/util/db/mariadb-datasource.mock.ts:36:13)
      at async Object.<anonymous> (tests/database/packing.service.test.ts:69:5)

  ● packingService (mysql) › creates/updates/deletes a PackingList; fetch by id and user

    QueryFailedError: Table 'surveyor_test.packing_assignments' doesn't exist

      at Query.onResult (node_modules/typeorm/src/driver/mysql/MysqlQueryRunner.ts:247:33)
      at Query.execute (node_modules/mysql2/lib/commands/command.js:36:14)
      at PoolConnection.handlePacket (node_modules/mysql2/lib/base/connection.js:477:34)
      at PacketParser.onPacket (node_modules/mysql2/lib/base/connection.js:93:12)
      at PacketParser.executeStart (node_modules/mysql2/lib/packet_parser.js:75:16)
      at Socket.<anonymous> (node_modules/mysql2/lib/base/connection.js:100:25)

  ● packingService (mysql) › transactional create (list+items), item CRUD, reorder, counts, last number, requiredByAll

    TypeError: value.toUpperCase is not a function

    [0m [90m 34 |[39m         } [36mcatch[39m (err) {
     [90m 35 |[39m             console[33m.[39mwarn([32m'[tests] runMigrations failed on MariaDB, falling back to synchronize:'[39m[33m,[39m (err [36mas[39m any)[33m?[39m[33m.[39mmessage [33m||[39m err)[33m;[39m
    [31m[1m>[22m[39m[90m 36 |[39m             [36mawait[39m [33mAppDataSource[39m[33m.[39msynchronize([36mtrue[39m)[33m;[39m
     [90m    |[39m             [31m[1m^[22m[39m
     [90m 37 |[39m             [36mawait[39m [33mAppDataSource[39m[33m.[39mrunMigrations()[33m;[39m
     [90m 38 |[39m         }
     [90m 39 |[39m     }[0m

      at MysqlDriver.normalizeDatetimeFunction (node_modules/typeorm/src/driver/mysql/MysqlDriver.ts:1337:19)
      at MysqlDriver.normalizeDefault (node_modules/typeorm/src/driver/mysql/MysqlDriver.ts:810:25)
      at Function.createTableColumnOptions (node_modules/typeorm/src/schema-builder/util/TableUtils.ts:22:29)
      at node_modules/typeorm/src/schema-builder/table/Table.ts:408:32
          at Array.map (<anonymous>)
      at Function.create (node_modules/typeorm/src/schema-builder/table/Table.ts:407:18)
      at RdbmsSchemaBuilder.createNewTables (node_modules/src/schema-builder/RdbmsSchemaBuilder.ts:634:33)
      at async RdbmsSchemaBuilder.executeSchemaSyncOperationsInProperOrder (node_modules/src/schema-builder/RdbmsSchemaBuilder.ts:225:9)
      at async RdbmsSchemaBuilder.build (node_modules/src/schema-builder/RdbmsSchemaBuilder.ts:95:13)
      at async DataSource.synchronize (node_modules/src/data-source/DataSource.ts:340:9)
      at async initDataSource (tests/util/db/mariadb-datasource.mock.ts:36:13)
      at async Object.<anonymous> (tests/database/packing.service.test.ts:69:5)

  ● packingService (mysql) › transactional create (list+items), item CRUD, reorder, counts, last number, requiredByAll

    QueryFailedError: Table 'surveyor_test.packing_assignments' doesn't exist

      at Query.onResult (node_modules/typeorm/src/driver/mysql/MysqlQueryRunner.ts:247:33)
      at Query.execute (node_modules/mysql2/lib/commands/command.js:36:14)
      at PoolConnection.handlePacket (node_modules/mysql2/lib/base/connection.js:477:34)
      at PacketParser.onPacket (node_modules/mysql2/lib/base/connection.js:93:12)
      at PacketParser.executeStart (node_modules/mysql2/lib/packet_parser.js:75:16)
      at Socket.<anonymous> (node_modules/mysql2/lib/base/connection.js:100:25)

  ● packingService (mysql) › assigns/unassigns (user+guest), counts, assignees map, and deletion by assignId

    TypeError: value.toUpperCase is not a function

    [0m [90m 34 |[39m         } [36mcatch[39m (err) {
     [90m 35 |[39m             console[33m.[39mwarn([32m'[tests] runMigrations failed on MariaDB, falling back to synchronize:'[39m[33m,[39m (err [36mas[39m any)[33m?[39m[33m.[39mmessage [33m||[39m err)[33m;[39m
    [31m[1m>[22m[39m[90m 36 |[39m             [36mawait[39m [33mAppDataSource[39m[33m.[39msynchronize([36mtrue[39m)[33m;[39m
     [90m    |[39m             [31m[1m^[22m[39m
     [90m 37 |[39m             [36mawait[39m [33mAppDataSource[39m[33m.[39mrunMigrations()[33m;[39m
     [90m 38 |[39m         }
     [90m 39 |[39m     }[0m

      at MysqlDriver.normalizeDatetimeFunction (node_modules/typeorm/src/driver/mysql/MysqlDriver.ts:1337:19)
      at MysqlDriver.normalizeDefault (node_modules/typeorm/src/driver/mysql/MysqlDriver.ts:810:25)
      at Function.createTableColumnOptions (node_modules/typeorm/src/schema-builder/util/TableUtils.ts:22:29)
      at node_modules/typeorm/src/schema-builder/table/Table.ts:408:32
          at Array.map (<anonymous>)
      at Function.create (node_modules/typeorm/src/schema-builder/table/Table.ts:407:18)
      at RdbmsSchemaBuilder.createNewTables (node_modules/src/schema-builder/RdbmsSchemaBuilder.ts:634:33)
      at async RdbmsSchemaBuilder.executeSchemaSyncOperationsInProperOrder (node_modules/src/schema-builder/RdbmsSchemaBuilder.ts:225:9)
      at async RdbmsSchemaBuilder.build (node_modules/src/schema-builder/RdbmsSchemaBuilder.ts:95:13)
      at async DataSource.synchronize (node_modules/src/data-source/DataSource.ts:340:9)
      at async initDataSource (tests/util/db/mariadb-datasource.mock.ts:36:13)
      at async Object.<anonymous> (tests/database/packing.service.test.ts:69:5)

  ● packingService (mysql) › assigns/unassigns (user+guest), counts, assignees map, and deletion by assignId

    QueryFailedError: Table 'surveyor_test.packing_assignments' doesn't exist

      at Query.onResult (node_modules/typeorm/src/driver/mysql/MysqlQueryRunner.ts:247:33)
      at Query.execute (node_modules/mysql2/lib/commands/command.js:36:14)
      at PoolConnection.handlePacket (node_modules/mysql2/lib/base/connection.js:477:34)
      at PacketParser.onPacket (node_modules/mysql2/lib/base/connection.js:93:12)
      at PacketParser.executeStart (node_modules/mysql2/lib/packet_parser.js:75:16)
      at Socket.<anonymous> (node_modules/mysql2/lib/base/connection.js:100:25)

FAIL tests/database/drivers.service.test.ts
  ● driversService (mysql) › creates and updates a DriversList; fetch by id and user

    TypeError: value.toUpperCase is not a function

    [0m [90m 34 |[39m         } [36mcatch[39m (err) {
     [90m 35 |[39m             console[33m.[39mwarn([32m'[tests] runMigrations failed on MariaDB, falling back to synchronize:'[39m[33m,[39m (err [36mas[39m any)[33m?[39m[33m.[39mmessage [33m||[39m err)[33m;[39m
    [31m[1m>[22m[39m[90m 36 |[39m             [36mawait[39m [33mAppDataSource[39m[33m.[39msynchronize([36mtrue[39m)[33m;[39m
     [90m    |[39m             [31m[1m^[22m[39m
     [90m 37 |[39m             [36mawait[39m [33mAppDataSource[39m[33m.[39mrunMigrations()[33m;[39m
     [90m 38 |[39m         }
     [90m 39 |[39m     }[0m

      at MysqlDriver.normalizeDatetimeFunction (node_modules/typeorm/src/driver/mysql/MysqlDriver.ts:1337:19)
      at MysqlDriver.normalizeDefault (node_modules/typeorm/src/driver/mysql/MysqlDriver.ts:810:25)
      at Function.createTableColumnOptions (node_modules/typeorm/src/schema-builder/util/TableUtils.ts:22:29)
      at node_modules/typeorm/src/schema-builder/table/Table.ts:408:32
          at Array.map (<anonymous>)
      at Function.create (node_modules/typeorm/src/schema-builder/table/Table.ts:407:18)
      at RdbmsSchemaBuilder.createNewTables (node_modules/src/schema-builder/RdbmsSchemaBuilder.ts:634:33)
      at async RdbmsSchemaBuilder.executeSchemaSyncOperationsInProperOrder (node_modules/src/schema-builder/RdbmsSchemaBuilder.ts:225:9)
      at async RdbmsSchemaBuilder.build (node_modules/src/schema-builder/RdbmsSchemaBuilder.ts:95:13)
      at async DataSource.synchronize (node_modules/src/data-source/DataSource.ts:340:9)
      at async initDataSource (tests/util/db/mariadb-datasource.mock.ts:36:13)
      at async Object.<anonymous> (tests/database/drivers.service.test.ts:68:5)

  ● driversService (mysql) › creates and updates a DriversList; fetch by id and user

    QueryFailedError: Table 'surveyor_test.drivers_assignments' doesn't exist

      at Query.onResult (node_modules/typeorm/src/driver/mysql/MysqlQueryRunner.ts:247:33)
      at Query.execute (node_modules/mysql2/lib/commands/command.js:36:14)
      at PoolConnection.handlePacket (node_modules/mysql2/lib/base/connection.js:477:34)
      at PacketParser.onPacket (node_modules/mysql2/lib/base/connection.js:93:12)
      at PacketParser.executeStart (node_modules/mysql2/lib/packet_parser.js:75:16)
      at Socket.<anonymous> (node_modules/mysql2/lib/base/connection.js:100:25)

  ● driversService (mysql) › creates items (user+guest), enriches, reorders, updates, and computes last item number

    TypeError: value.toUpperCase is not a function

    [0m [90m 34 |[39m         } [36mcatch[39m (err) {
     [90m 35 |[39m             console[33m.[39mwarn([32m'[tests] runMigrations failed on MariaDB, falling back to synchronize:'[39m[33m,[39m (err [36mas[39m any)[33m?[39m[33m.[39mmessage [33m||[39m err)[33m;[39m
    [31m[1m>[22m[39m[90m 36 |[39m             [36mawait[39m [33mAppDataSource[39m[33m.[39msynchronize([36mtrue[39m)[33m;[39m
     [90m    |[39m             [31m[1m^[22m[39m
     [90m 37 |[39m             [36mawait[39m [33mAppDataSource[39m[33m.[39mrunMigrations()[33m;[39m
     [90m 38 |[39m         }
     [90m 39 |[39m     }[0m

      at MysqlDriver.normalizeDatetimeFunction (node_modules/typeorm/src/driver/mysql/MysqlDriver.ts:1337:19)
      at MysqlDriver.normalizeDefault (node_modules/typeorm/src/driver/mysql/MysqlDriver.ts:810:25)
      at Function.createTableColumnOptions (node_modules/typeorm/src/schema-builder/util/TableUtils.ts:22:29)
      at node_modules/typeorm/src/schema-builder/table/Table.ts:408:32
          at Array.map (<anonymous>)
      at Function.create (node_modules/typeorm/src/schema-builder/table/Table.ts:407:18)
      at RdbmsSchemaBuilder.createNewTables (node_modules/src/schema-builder/RdbmsSchemaBuilder.ts:634:33)
      at async RdbmsSchemaBuilder.executeSchemaSyncOperationsInProperOrder (node_modules/src/schema-builder/RdbmsSchemaBuilder.ts:225:9)
      at async RdbmsSchemaBuilder.build (node_modules/src/schema-builder/RdbmsSchemaBuilder.ts:95:13)
      at async DataSource.synchronize (node_modules/src/data-source/DataSource.ts:340:9)
      at async initDataSource (tests/util/db/mariadb-datasource.mock.ts:36:13)
      at async Object.<anonymous> (tests/database/drivers.service.test.ts:68:5)

  ● driversService (mysql) › creates items (user+guest), enriches, reorders, updates, and computes last item number

    QueryFailedError: Table 'surveyor_test.drivers_assignments' doesn't exist

      at Query.onResult (node_modules/typeorm/src/driver/mysql/MysqlQueryRunner.ts:247:33)
      at Query.execute (node_modules/mysql2/lib/commands/command.js:36:14)
      at PoolConnection.handlePacket (node_modules/mysql2/lib/base/connection.js:477:34)
      at PacketParser.onPacket (node_modules/mysql2/lib/base/connection.js:93:12)
      at PacketParser.executeStart (node_modules/mysql2/lib/packet_parser.js:75:16)
      at Socket.<anonymous> (node_modules/mysql2/lib/base/connection.js:100:25)

  ● driversService (mysql) › assigns/unassigns items (user + guest), counts, maps assignees, and deletes assignments

    TypeError: value.toUpperCase is not a function

    [0m [90m 34 |[39m         } [36mcatch[39m (err) {
     [90m 35 |[39m             console[33m.[39mwarn([32m'[tests] runMigrations failed on MariaDB, falling back to synchronize:'[39m[33m,[39m (err [36mas[39m any)[33m?[39m[33m.[39mmessage [33m||[39m err)[33m;[39m
    [31m[1m>[22m[39m[90m 36 |[39m             [36mawait[39m [33mAppDataSource[39m[33m.[39msynchronize([36mtrue[39m)[33m;[39m
     [90m    |[39m             [31m[1m^[22m[39m
     [90m 37 |[39m             [36mawait[39m [33mAppDataSource[39m[33m.[39mrunMigrations()[33m;[39m
     [90m 38 |[39m         }
     [90m 39 |[39m     }[0m

      at MysqlDriver.normalizeDatetimeFunction (node_modules/typeorm/src/driver/mysql/MysqlDriver.ts:1337:19)
      at MysqlDriver.normalizeDefault (node_modules/typeorm/src/driver/mysql/MysqlDriver.ts:810:25)
      at Function.createTableColumnOptions (node_modules/typeorm/src/schema-builder/util/TableUtils.ts:22:29)
      at node_modules/typeorm/src/schema-builder/table/Table.ts:408:32
          at Array.map (<anonymous>)
      at Function.create (node_modules/typeorm/src/schema-builder/table/Table.ts:407:18)
      at RdbmsSchemaBuilder.createNewTables (node_modules/src/schema-builder/RdbmsSchemaBuilder.ts:634:33)
      at async RdbmsSchemaBuilder.executeSchemaSyncOperationsInProperOrder (node_modules/src/schema-builder/RdbmsSchemaBuilder.ts:225:9)
      at async RdbmsSchemaBuilder.build (node_modules/src/schema-builder/RdbmsSchemaBuilder.ts:95:13)
      at async DataSource.synchronize (node_modules/src/data-source/DataSource.ts:340:9)
      at async initDataSource (tests/util/db/mariadb-datasource.mock.ts:36:13)
      at async Object.<anonymous> (tests/database/drivers.service.test.ts:68:5)

  ● driversService (mysql) › assigns/unassigns items (user + guest), counts, maps assignees, and deletes assignments

    QueryFailedError: Table 'surveyor_test.drivers_assignments' doesn't exist

      at Query.onResult (node_modules/typeorm/src/driver/mysql/MysqlQueryRunner.ts:247:33)
      at Query.execute (node_modules/mysql2/lib/commands/command.js:36:14)
      at PoolConnection.handlePacket (node_modules/mysql2/lib/base/connection.js:477:34)
      at PacketParser.onPacket (node_modules/mysql2/lib/base/connection.js:93:12)
      at PacketParser.executeStart (node_modules/mysql2/lib/packet_parser.js:75:16)
      at Socket.<anonymous> (node_modules/mysql2/lib/base/connection.js:100:25)

FAIL tests/database/survey.service.test.ts
  ● surveysService (mysql) with enum combinations › creates survey with enum combos sorted by weekday ASC, nthWeek ASC

    TypeError: value.toUpperCase is not a function

    [0m [90m 34 |[39m         } [36mcatch[39m (err) {
     [90m 35 |[39m             console[33m.[39mwarn([32m'[tests] runMigrations failed on MariaDB, falling back to synchronize:'[39m[33m,[39m (err [36mas[39m any)[33m?[39m[33m.[39mmessage [33m||[39m err)[33m;[39m
    [31m[1m>[22m[39m[90m 36 |[39m             [36mawait[39m [33mAppDataSource[39m[33m.[39msynchronize([36mtrue[39m)[33m;[39m
     [90m    |[39m             [31m[1m^[22m[39m
     [90m 37 |[39m             [36mawait[39m [33mAppDataSource[39m[33m.[39mrunMigrations()[33m;[39m
     [90m 38 |[39m         }
     [90m 39 |[39m     }[0m

      at MysqlDriver.normalizeDatetimeFunction (node_modules/typeorm/src/driver/mysql/MysqlDriver.ts:1337:19)
      at MysqlDriver.normalizeDefault (node_modules/typeorm/src/driver/mysql/MysqlDriver.ts:810:25)
      at Function.createTableColumnOptions (node_modules/typeorm/src/schema-builder/util/TableUtils.ts:22:29)
      at node_modules/typeorm/src/schema-builder/table/Table.ts:408:32
          at Array.map (<anonymous>)
      at Function.create (node_modules/typeorm/src/schema-builder/table/Table.ts:407:18)
      at RdbmsSchemaBuilder.createNewTables (node_modules/src/schema-builder/RdbmsSchemaBuilder.ts:634:33)
      at async RdbmsSchemaBuilder.executeSchemaSyncOperationsInProperOrder (node_modules/src/schema-builder/RdbmsSchemaBuilder.ts:225:9)
      at async RdbmsSchemaBuilder.build (node_modules/src/schema-builder/RdbmsSchemaBuilder.ts:95:13)
      at async DataSource.synchronize (node_modules/src/data-source/DataSource.ts:340:9)
      at async initDataSource (tests/util/db/mariadb-datasource.mock.ts:36:13)
      at async Object.<anonymous> (tests/database/survey.service.test.ts:62:5)

  ● surveysService (mysql) with enum combinations › creates survey with enum combos sorted by weekday ASC, nthWeek ASC

    QueryFailedError: Table 'surveyor_test.survey_responses' doesn't exist

      at Query.onResult (node_modules/typeorm/src/driver/mysql/MysqlQueryRunner.ts:247:33)
      at Query.execute (node_modules/mysql2/lib/commands/command.js:36:14)
      at PoolConnection.handlePacket (node_modules/mysql2/lib/base/connection.js:477:34)
      at PacketParser.onPacket (node_modules/mysql2/lib/base/connection.js:93:12)
      at PacketParser.executeStart (node_modules/mysql2/lib/packet_parser.js:75:16)
      at Socket.<anonymous> (node_modules/mysql2/lib/base/connection.js:100:25)

  ● surveysService (mysql) with enum combinations › handles user/guest responses, grouping/sorting, and guest link

    TypeError: value.toUpperCase is not a function

    [0m [90m 34 |[39m         } [36mcatch[39m (err) {
     [90m 35 |[39m             console[33m.[39mwarn([32m'[tests] runMigrations failed on MariaDB, falling back to synchronize:'[39m[33m,[39m (err [36mas[39m any)[33m?[39m[33m.[39mmessage [33m||[39m err)[33m;[39m
    [31m[1m>[22m[39m[90m 36 |[39m             [36mawait[39m [33mAppDataSource[39m[33m.[39msynchronize([36mtrue[39m)[33m;[39m
     [90m    |[39m             [31m[1m^[22m[39m
     [90m 37 |[39m             [36mawait[39m [33mAppDataSource[39m[33m.[39mrunMigrations()[33m;[39m
     [90m 38 |[39m         }
     [90m 39 |[39m     }[0m

      at MysqlDriver.normalizeDatetimeFunction (node_modules/typeorm/src/driver/mysql/MysqlDriver.ts:1337:19)
      at MysqlDriver.normalizeDefault (node_modules/typeorm/src/driver/mysql/MysqlDriver.ts:810:25)
      at Function.createTableColumnOptions (node_modules/typeorm/src/schema-builder/util/TableUtils.ts:22:29)
      at node_modules/typeorm/src/schema-builder/table/Table.ts:408:32
          at Array.map (<anonymous>)
      at Function.create (node_modules/typeorm/src/schema-builder/table/Table.ts:407:18)
      at RdbmsSchemaBuilder.createNewTables (node_modules/src/schema-builder/RdbmsSchemaBuilder.ts:634:33)
      at async RdbmsSchemaBuilder.executeSchemaSyncOperationsInProperOrder (node_modules/src/schema-builder/RdbmsSchemaBuilder.ts:225:9)
      at async RdbmsSchemaBuilder.build (node_modules/src/schema-builder/RdbmsSchemaBuilder.ts:95:13)
      at async DataSource.synchronize (node_modules/src/data-source/DataSource.ts:340:9)
      at async initDataSource (tests/util/db/mariadb-datasource.mock.ts:36:13)
      at async Object.<anonymous> (tests/database/survey.service.test.ts:62:5)

  ● surveysService (mysql) with enum combinations › handles user/guest responses, grouping/sorting, and guest link

    QueryFailedError: Table 'surveyor_test.survey_responses' doesn't exist

      at Query.onResult (node_modules/typeorm/src/driver/mysql/MysqlQueryRunner.ts:247:33)
      at Query.execute (node_modules/mysql2/lib/commands/command.js:36:14)
      at PoolConnection.handlePacket (node_modules/mysql2/lib/base/connection.js:477:34)
      at PacketParser.onPacket (node_modules/mysql2/lib/base/connection.js:93:12)
      at PacketParser.executeStart (node_modules/mysql2/lib/packet_parser.js:75:16)
      at Socket.<anonymous> (node_modules/mysql2/lib/base/connection.js:100:25)

FAIL tests/database/app.test.ts
  ● App integration - Data Driven › GET / returns 200 and contains "Surveyor"

    TypeError: value.toUpperCase is not a function

    [0m [90m 34 |[39m         } [36mcatch[39m (err) {
     [90m 35 |[39m             console[33m.[39mwarn([32m'[tests] runMigrations failed on MariaDB, falling back to synchronize:'[39m[33m,[39m (err [36mas[39m any)[33m?[39m[33m.[39mmessage [33m||[39m err)[33m;[39m
    [31m[1m>[22m[39m[90m 36 |[39m             [36mawait[39m [33mAppDataSource[39m[33m.[39msynchronize([36mtrue[39m)[33m;[39m
     [90m    |[39m             [31m[1m^[22m[39m
     [90m 37 |[39m             [36mawait[39m [33mAppDataSource[39m[33m.[39mrunMigrations()[33m;[39m
     [90m 38 |[39m         }
     [90m 39 |[39m     }[0m

      at MysqlDriver.normalizeDatetimeFunction (node_modules/typeorm/src/driver/mysql/MysqlDriver.ts:1337:19)
      at MysqlDriver.normalizeDefault (node_modules/typeorm/src/driver/mysql/MysqlDriver.ts:810:25)
      at Function.createTableColumnOptions (node_modules/typeorm/src/schema-builder/util/TableUtils.ts:22:29)
      at node_modules/typeorm/src/schema-builder/table/Table.ts:408:32
          at Array.map (<anonymous>)
      at Function.create (node_modules/typeorm/src/schema-builder/table/Table.ts:407:18)
      at RdbmsSchemaBuilder.createNewTables (node_modules/src/schema-builder/RdbmsSchemaBuilder.ts:634:33)
      at async RdbmsSchemaBuilder.executeSchemaSyncOperationsInProperOrder (node_modules/src/schema-builder/RdbmsSchemaBuilder.ts:225:9)
      at async RdbmsSchemaBuilder.build (node_modules/src/schema-builder/RdbmsSchemaBuilder.ts:95:13)
      at async DataSource.synchronize (node_modules/src/data-source/DataSource.ts:340:9)
      at async initDataSource (tests/util/db/mariadb-datasource.mock.ts:36:13)
      at async Object.<anonymous> (tests/database/app.test.ts:46:5)

  ● App integration - Data Driven › GET /nonexistent -> 404 via error handler

    TypeError: value.toUpperCase is not a function

    [0m [90m 34 |[39m         } [36mcatch[39m (err) {
     [90m 35 |[39m             console[33m.[39mwarn([32m'[tests] runMigrations failed on MariaDB, falling back to synchronize:'[39m[33m,[39m (err [36mas[39m any)[33m?[39m[33m.[39mmessage [33m||[39m err)[33m;[39m
    [31m[1m>[22m[39m[90m 36 |[39m             [36mawait[39m [33mAppDataSource[39m[33m.[39msynchronize([36mtrue[39m)[33m;[39m
     [90m    |[39m             [31m[1m^[22m[39m
     [90m 37 |[39m             [36mawait[39m [33mAppDataSource[39m[33m.[39mrunMigrations()[33m;[39m
     [90m 38 |[39m         }
     [90m 39 |[39m     }[0m

      at MysqlDriver.normalizeDatetimeFunction (node_modules/typeorm/src/driver/mysql/MysqlDriver.ts:1337:19)
      at MysqlDriver.normalizeDefault (node_modules/typeorm/src/driver/mysql/MysqlDriver.ts:810:25)
      at Function.createTableColumnOptions (node_modules/typeorm/src/schema-builder/util/TableUtils.ts:22:29)
      at node_modules/typeorm/src/schema-builder/table/Table.ts:408:32
          at Array.map (<anonymous>)
      at Function.create (node_modules/typeorm/src/schema-builder/table/Table.ts:407:18)
      at RdbmsSchemaBuilder.createNewTables (node_modules/src/schema-builder/RdbmsSchemaBuilder.ts:634:33)
      at async RdbmsSchemaBuilder.executeSchemaSyncOperationsInProperOrder (node_modules/src/schema-builder/RdbmsSchemaBuilder.ts:225:9)
      at async RdbmsSchemaBuilder.build (node_modules/src/schema-builder/RdbmsSchemaBuilder.ts:95:13)
      at async DataSource.synchronize (node_modules/src/data-source/DataSource.ts:340:9)
      at async initDataSource (tests/util/db/mariadb-datasource.mock.ts:36:13)
      at async Object.<anonymous> (tests/database/app.test.ts:46:5)


Test Suites: 7 failed, 26 passed, 33 total
Tests:       52 failed, 355 passed, 407 total
Snapshots:   0 total
Time:        32.257 s
Ran all test suites in 4 projects.
